Archive member included to satisfy reference by file (symbol)

/usr/lib/gcc/arm-none-eabi/9.2.1/thumb/v6-m/nofp/libgcc.a(_thumb1_case_uqi.o)
                              /home/student/riot-lab/lab/threading_irq/part_3/bin/b-l072z-lrwan1/cpu/cpu_common.o (__gnu_thumb1_case_uqi)
/usr/lib/gcc/arm-none-eabi/9.2.1/thumb/v6-m/nofp/libgcc.a(_udivsi3.o)
                              /home/student/riot-lab/lab/threading_irq/part_3/bin/b-l072z-lrwan1/periph_common/rtc.o (__aeabi_uidiv)
/usr/lib/gcc/arm-none-eabi/9.2.1/thumb/v6-m/nofp/libgcc.a(_divsi3.o)
                              /home/student/riot-lab/lab/threading_irq/part_3/bin/b-l072z-lrwan1/periph_common/rtc.o (__aeabi_idivmod)
/usr/lib/gcc/arm-none-eabi/9.2.1/thumb/v6-m/nofp/libgcc.a(_dvmd_tls.o)
                              /usr/lib/gcc/arm-none-eabi/9.2.1/thumb/v6-m/nofp/libgcc.a(_udivsi3.o) (__aeabi_idiv0)
/usr/lib/gcc/arm-none-eabi/9.2.1/thumb/v6-m/nofp/libgcc.a(_muldi3.o)
                              /home/student/riot-lab/lab/threading_irq/part_3/bin/b-l072z-lrwan1/div/div.o (__aeabi_lmul)
/usr/lib/gcc/arm-none-eabi/9.2.1/../../../arm-none-eabi/lib/thumb/v6-m/nofp/libc_nano.a(lib_a-div.o)
                              /home/student/riot-lab/lab/threading_irq/part_3/bin/b-l072z-lrwan1/periph_common/rtc.o (div)
/usr/lib/gcc/arm-none-eabi/9.2.1/../../../arm-none-eabi/lib/thumb/v6-m/nofp/libc_nano.a(lib_a-errno.o)
                              /home/student/riot-lab/lab/threading_irq/part_3/bin/b-l072z-lrwan1/newlib_syscalls_default/syscalls.o (__errno)
/usr/lib/gcc/arm-none-eabi/9.2.1/../../../arm-none-eabi/lib/thumb/v6-m/nofp/libc_nano.a(lib_a-impure.o)
                              /usr/lib/gcc/arm-none-eabi/9.2.1/../../../arm-none-eabi/lib/thumb/v6-m/nofp/libc_nano.a(lib_a-errno.o) (_impure_ptr)
/usr/lib/gcc/arm-none-eabi/9.2.1/../../../arm-none-eabi/lib/thumb/v6-m/nofp/libc_nano.a(lib_a-init.o)
                              /home/student/riot-lab/lab/threading_irq/part_3/bin/b-l072z-lrwan1/cortexm_common/vectors_cortexm.o (__libc_init_array)
/usr/lib/gcc/arm-none-eabi/9.2.1/../../../arm-none-eabi/lib/thumb/v6-m/nofp/libc_nano.a(lib_a-malloc.o)
                              /home/student/riot-lab/lab/threading_irq/part_3/bin/b-l072z-lrwan1/malloc_thread_safe/malloc_wrappers.o (malloc)
/usr/lib/gcc/arm-none-eabi/9.2.1/../../../arm-none-eabi/lib/thumb/v6-m/nofp/libc_nano.a(lib_a-memcmp.o)
                              /home/student/riot-lab/lab/threading_irq/part_3/bin/b-l072z-lrwan1/core/atomic_c11.o (memcmp)
/usr/lib/gcc/arm-none-eabi/9.2.1/../../../arm-none-eabi/lib/thumb/v6-m/nofp/libc_nano.a(lib_a-memcpy-stub.o)
                              /home/student/riot-lab/lab/threading_irq/part_3/bin/b-l072z-lrwan1/core/atomic_c11.o (memcpy)
/usr/lib/gcc/arm-none-eabi/9.2.1/../../../arm-none-eabi/lib/thumb/v6-m/nofp/libc_nano.a(lib_a-memset.o)
                              /home/student/riot-lab/lab/threading_irq/part_3/bin/b-l072z-lrwan1/malloc_thread_safe/malloc_wrappers.o (memset)
/usr/lib/gcc/arm-none-eabi/9.2.1/../../../arm-none-eabi/lib/thumb/v6-m/nofp/libc_nano.a(lib_a-mstats.o)
                              /home/student/riot-lab/lab/threading_irq/part_3/bin/b-l072z-lrwan1/newlib_syscalls_default/syscalls.o (mallinfo)
/usr/lib/gcc/arm-none-eabi/9.2.1/../../../arm-none-eabi/lib/thumb/v6-m/nofp/libc_nano.a(lib_a-nano-freer.o)
                              /usr/lib/gcc/arm-none-eabi/9.2.1/../../../arm-none-eabi/lib/thumb/v6-m/nofp/libc_nano.a(lib_a-malloc.o) (_free_r)
/usr/lib/gcc/arm-none-eabi/9.2.1/../../../arm-none-eabi/lib/thumb/v6-m/nofp/libc_nano.a(lib_a-nano-mallinfor.o)
                              /usr/lib/gcc/arm-none-eabi/9.2.1/../../../arm-none-eabi/lib/thumb/v6-m/nofp/libc_nano.a(lib_a-mstats.o) (_mallinfo_r)
/usr/lib/gcc/arm-none-eabi/9.2.1/../../../arm-none-eabi/lib/thumb/v6-m/nofp/libc_nano.a(lib_a-nano-mallocr.o)
                              /usr/lib/gcc/arm-none-eabi/9.2.1/../../../arm-none-eabi/lib/thumb/v6-m/nofp/libc_nano.a(lib_a-malloc.o) (_malloc_r)
/usr/lib/gcc/arm-none-eabi/9.2.1/../../../arm-none-eabi/lib/thumb/v6-m/nofp/libc_nano.a(lib_a-nano-malloptr.o)
                              /usr/lib/gcc/arm-none-eabi/9.2.1/../../../arm-none-eabi/lib/thumb/v6-m/nofp/libc_nano.a(lib_a-mstats.o) (_mallopt_r)
/usr/lib/gcc/arm-none-eabi/9.2.1/../../../arm-none-eabi/lib/thumb/v6-m/nofp/libc_nano.a(lib_a-nano-mallstatsr.o)
                              /usr/lib/gcc/arm-none-eabi/9.2.1/../../../arm-none-eabi/lib/thumb/v6-m/nofp/libc_nano.a(lib_a-mstats.o) (_malloc_stats_r)
/usr/lib/gcc/arm-none-eabi/9.2.1/../../../arm-none-eabi/lib/thumb/v6-m/nofp/libc_nano.a(lib_a-printf.o)
                              /home/student/riot-lab/lab/threading_irq/part_3/bin/b-l072z-lrwan1/application_lab/main.o (printf)
/usr/lib/gcc/arm-none-eabi/9.2.1/../../../arm-none-eabi/lib/thumb/v6-m/nofp/libc_nano.a(lib_a-puts.o)
[...]
Memory Configuration

Name             Origin             Length             Attributes
ccmram           0x0000000010000000 0x0000000000000000
rom              0x0000000008000000 0x0000000000030000 xr
ram              0x0000000020000000 0x0000000000005000 w !xr
bkup_ram         0x0000000000000000 0x0000000000000000 w !xr
*default*        0x0000000000000000 0xffffffffffffffff

Linker script and memory map

LOAD /home/student/riot-lab/lab/threading_irq/part_3/bin/b-l072z-lrwan1/application_lab/main.o
LOAD /home/student/riot-lab/lab/threading_irq/part_3/bin/b-l072z-lrwan1/auto_init/auto_init.o
LOAD /home/student/riot-lab/lab/threading_irq/part_3/bin/b-l072z-lrwan1/board/board.o
LOAD /home/student/riot-lab/lab/threading_irq/part_3/bin/b-l072z-lrwan1/core/assert.o
LOAD /home/student/riot-lab/lab/threading_irq/part_3/bin/b-l072z-lrwan1/core/atomic_c11.o
LOAD /home/student/riot-lab/lab/threading_irq/part_3/bin/b-l072z-lrwan1/core/atomic_sync.o
LOAD /home/student/riot-lab/lab/threading_irq/part_3/bin/b-l072z-lrwan1/core/bitarithm.o
LOAD /home/student/riot-lab/lab/threading_irq/part_3/bin/b-l072z-lrwan1/core/clist.o
LOAD /home/student/riot-lab/lab/threading_irq/part_3/bin/b-l072z-lrwan1/core/cond.o
LOAD /home/student/riot-lab/lab/threading_irq/part_3/bin/b-l072z-lrwan1/core/init.o
LOAD /home/student/riot-lab/lab/threading_irq/part_3/bin/b-l072z-lrwan1/core/msg.o
LOAD /home/student/riot-lab/lab/threading_irq/part_3/bin/b-l072z-lrwan1/core/mutex.o
LOAD /home/student/riot-lab/lab/threading_irq/part_3/bin/b-l072z-lrwan1/core/panic.o
LOAD /home/student/riot-lab/lab/threading_irq/part_3/bin/b-l072z-lrwan1/core/priority_queue.o
LOAD /home/student/riot-lab/lab/threading_irq/part_3/bin/b-l072z-lrwan1/core/ringbuffer.o
LOAD /home/student/riot-lab/lab/threading_irq/part_3/bin/b-l072z-lrwan1/core/rmutex.o
LOAD /home/student/riot-lab/lab/threading_irq/part_3/bin/b-l072z-lrwan1/core/sched.o
LOAD /home/student/riot-lab/lab/threading_irq/part_3/bin/b-l072z-lrwan1/core/thread.o
LOAD /home/student/riot-lab/lab/threading_irq/part_3/bin/b-l072z-lrwan1/cortexm_common/cortexm_init.o
LOAD /home/student/riot-lab/lab/threading_irq/part_3/bin/b-l072z-lrwan1/cortexm_common/mpu.o
LOAD /home/student/riot-lab/lab/threading_irq/part_3/bin/b-l072z-lrwan1/cortexm_common/panic.o
LOAD /home/student/riot-lab/lab/threading_irq/part_3/bin/b-l072z-lrwan1/cortexm_common_periph/pm.o
LOAD /home/student/riot-lab/lab/threading_irq/part_3/bin/b-l072z-lrwan1/cortexm_common/thread_arch.o
LOAD /home/student/riot-lab/lab/threading_irq/part_3/bin/b-l072z-lrwan1/cortexm_common/vectors_cortexm.o
LOAD /home/student/riot-lab/lab/threading_irq/part_3/bin/b-l072z-lrwan1/cpu/cpu_common.o
LOAD /home/student/riot-lab/lab/threading_irq/part_3/bin/b-l072z-lrwan1/cpu/cpu_init.o
LOAD /home/student/riot-lab/lab/threading_irq/part_3/bin/b-l072z-lrwan1/div/div.o
LOAD /home/student/riot-lab/lab/threading_irq/part_3/bin/b-l072z-lrwan1/malloc_thread_safe/malloc_wrappers.o
LOAD /home/student/riot-lab/lab/threading_irq/part_3/bin/b-l072z-lrwan1/newlib_syscalls_default/syscalls.o
LOAD /home/student/riot-lab/lab/threading_irq/part_3/bin/b-l072z-lrwan1/periph_common/cpuid.o
LOAD /home/student/riot-lab/lab/threading_irq/part_3/bin/b-l072z-lrwan1/periph_common/eeprom.o
LOAD /home/student/riot-lab/lab/threading_irq/part_3/bin/b-l072z-lrwan1/periph_common/flashpage.o
LOAD /home/student/riot-lab/lab/threading_irq/part_3/bin/b-l072z-lrwan1/periph_common/gpio_util.o
LOAD /home/student/riot-lab/lab/threading_irq/part_3/bin/b-l072z-lrwan1/periph_common/i2c.o
LOAD /home/student/riot-lab/lab/threading_irq/part_3/bin/b-l072z-lrwan1/periph_common/init.o
LOAD /home/student/riot-lab/lab/threading_irq/part_3/bin/b-l072z-lrwan1/periph_common/pm.o
LOAD /home/student/riot-lab/lab/threading_irq/part_3/bin/b-l072z-lrwan1/periph_common/ptp.o
LOAD /home/student/riot-lab/lab/threading_irq/part_3/bin/b-l072z-lrwan1/periph_common/rtc.o
LOAD /home/student/riot-lab/lab/threading_irq/part_3/bin/b-l072z-lrwan1/periph_common/spi.o
LOAD /home/student/riot-lab/lab/threading_irq/part_3/bin/b-l072z-lrwan1/periph_common/timer.o
LOAD /home/student/riot-lab/lab/threading_irq/part_3/bin/b-l072z-lrwan1/periph/gpio_all.o
LOAD /home/student/riot-lab/lab/threading_irq/part_3/bin/b-l072z-lrwan1/periph/pm.o
LOAD /home/student/riot-lab/lab/threading_irq/part_3/bin/b-l072z-lrwan1/periph/timer.o
LOAD /home/student/riot-lab/lab/threading_irq/part_3/bin/b-l072z-lrwan1/periph/uart.o
LOAD /home/student/riot-lab/lab/threading_irq/part_3/bin/b-l072z-lrwan1/pm_layered/pm.o
LOAD /home/student/riot-lab/lab/threading_irq/part_3/bin/b-l072z-lrwan1/stdio_uart/stdio_uart.o
LOAD /home/student/riot-lab/lab/threading_irq/part_3/bin/b-l072z-lrwan1/stm32_clk/stmclk_common.o
LOAD /home/student/riot-lab/lab/threading_irq/part_3/bin/b-l072z-lrwan1/stm32_clk/stmclk_l0l1.o
LOAD /home/student/riot-lab/lab/threading_irq/part_3/bin/b-l072z-lrwan1/stm32_vectors/STM32L072xx.o
LOAD /home/student/riot-lab/lab/threading_irq/part_3/bin/b-l072z-lrwan1/xtimer/xtimer_core.o
LOAD /home/student/riot-lab/lab/threading_irq/part_3/bin/b-l072z-lrwan1/xtimer/xtimer.o
LOAD /usr/lib/gcc/arm-none-eabi/9.2.1/../../../arm-none-eabi/lib/thumb/v6-m/nofp/libm.a
LOAD /usr/lib/gcc/arm-none-eabi/9.2.1/thumb/v6-m/nofp/libgcc.a
                0x0000000008000000                _rom_start_addr = 0x8000000
                0x0000000020000000                _ram_start_addr = 0x20000000
                0x0000000000030000                _rom_length = 0x30000
                0x0000000000005000                _ram_length = 0x5000
LOAD /usr/lib/gcc/arm-none-eabi/9.2.1/../../../arm-none-eabi/lib/thumb/v6-m/nofp/libc_nano.a
START GROUP
LOAD /usr/lib/gcc/arm-none-eabi/9.2.1/thumb/v6-m/nofp/libgcc.a
LOAD /usr/lib/gcc/arm-none-eabi/9.2.1/../../../arm-none-eabi/lib/thumb/v6-m/nofp/libg_nano.a
LOAD /usr/lib/gcc/arm-none-eabi/9.2.1/../../../arm-none-eabi/lib/thumb/v6-m/nofp/libc_nano.a
END GROUP
START GROUP
LOAD /usr/lib/gcc/arm-none-eabi/9.2.1/thumb/v6-m/nofp/libgcc.a
LOAD /usr/lib/gcc/arm-none-eabi/9.2.1/../../../arm-none-eabi/lib/thumb/v6-m/nofp/libc_nano.a
END GROUP
                0x0000000000000000                ccmram_length = DEFINED (ccmram_len)?ccmram_len:0x0
                0x0000000000000000                _rom_offset = DEFINED (_rom_offset)?_rom_offset:0x0
                0x0000000000030000                _fw_rom_length = DEFINED (_fw_rom_length)?_fw_rom_length:(_rom_length - _rom_offset)
                0x0000000000000001                ASSERT ((_fw_rom_length <= (_rom_length - _rom_offset)), Specified firmware size does not fit in ROM)
                0x0000000000000000                _backup_ram_start_addr = DEFINED (_backup_ram_start_addr)?_backup_ram_start_addr:0x0
                0x0000000000000000                _backup_ram_len = DEFINED (_backup_ram_len)?_backup_ram_len:0x0

.text           0x0000000008000000     0x335c
                0x0000000008000000                . = ALIGN (0x4)
                0x0000000008000000                _sfixed = .
                0x0000000008000000                _isr_vectors = DEFINED (_isr_vectors)?_isr_vectors:.
 *(SORT_BY_NAME(.vectors*))
 .vectors.0     0x0000000008000000       0x40 /home/student/riot-lab/lab/threading_irq/part_3/bin/b-l072z-lrwan1/cortexm_common/vectors_cortexm.o
                0x0000000008000000                cortex_vector_base
 .vectors.1     0x0000000008000040       0x80 /home/student/riot-lab/lab/threading_irq/part_3/bin/b-l072z-lrwan1/stm32_vectors/STM32L072xx.o
                0x0000000008000040                vector_cpu
 *(.text .text.* .gnu.linkonce.t.*)
 .text.user_button_callback
                0x00000000080000c0       0x30 /home/student/riot-lab/lab/threading_irq/part_3/bin/b-l072z-lrwan1/application_lab/main.o
 .text.thread_blinking_green
                0x00000000080000f0       0x48 /home/student/riot-lab/lab/threading_irq/part_3/bin/b-l072z-lrwan1/application_lab/main.o
                0x00000000080000f0                thread_blinking_green
 .text.startup.main
                0x0000000008000138       0x48 /home/student/riot-lab/lab/threading_irq/part_3/bin/b-l072z-lrwan1/application_lab/main.o
                0x0000000008000138                main
 .text.auto_init
                0x0000000008000180        0x8 /home/student/riot-lab/lab/threading_irq/part_3/bin/b-l072z-lrwan1/auto_init/auto_init.o
                0x0000000008000180                auto_init
 .text.board_init
                0x0000000008000188       0x28 /home/student/riot-lab/lab/threading_irq/part_3/bin/b-l072z-lrwan1/board/board.o
                0x0000000008000188                board_init
 .text.main_trampoline
                0x00000000080001b0       0x18 /home/student/riot-lab/lab/threading_irq/part_3/bin/b-l072z-lrwan1/core/init.o
 .text.kernel_init
                0x00000000080001c8       0x34 /home/student/riot-lab/lab/threading_irq/part_3/bin/b-l072z-lrwan1/core/init.o
                0x00000000080001c8                kernel_init
 .text.mutex_lock
                0x00000000080001fc       0x6c /home/student/riot-lab/lab/threading_irq/part_3/bin/b-l072z-lrwan1/core/mutex.o
                0x00000000080001fc                mutex_lock
 .text.mutex_unlock
                0x0000000008000268       0x44 /home/student/riot-lab/lab/threading_irq/part_3/bin/b-l072z-lrwan1/core/mutex.o
                0x0000000008000268                mutex_unlock
 .text.panic_app
                0x00000000080002ac        0x2 /home/student/riot-lab/lab/threading_irq/part_3/bin/b-l072z-lrwan1/core/panic.o
                0x00000000080002ac                panic_app
 *fill*         0x00000000080002ae        0x2 
 .text.core_panic
                0x00000000080002b0       0x54 /home/student/riot-lab/lab/threading_irq/part_3/bin/b-l072z-lrwan1/core/panic.o
                0x00000000080002b0                core_panic
 .text.sched_run
                0x0000000008000304       0x88 /home/student/riot-lab/lab/threading_irq/part_3/bin/b-l072z-lrwan1/core/sched.o
                0x0000000008000304                sched_run
 .text.sched_set_status
                0x000000000800038c       0x80 /home/student/riot-lab/lab/threading_irq/part_3/bin/b-l072z-lrwan1/core/sched.o
                0x000000000800038c                sched_set_status
 .text.sched_switch
                0x000000000800040c       0x3c /home/student/riot-lab/lab/threading_irq/part_3/bin/b-l072z-lrwan1/core/sched.o
                0x000000000800040c                sched_switch
 .text.sched_task_exit
                0x0000000008000448       0x40 /home/student/riot-lab/lab/threading_irq/part_3/bin/b-l072z-lrwan1/core/sched.o
                0x0000000008000448                sched_task_exit
 .text.thread_getname
                0x0000000008000488       0x20 /home/student/riot-lab/lab/threading_irq/part_3/bin/b-l072z-lrwan1/core/thread.o
                0x0000000008000488                thread_getname
 .text.thread_add_to_list
                0x00000000080004a8       0x34 /home/student/riot-lab/lab/threading_irq/part_3/bin/b-l072z-lrwan1/core/thread.o
                0x00000000080004a8                thread_add_to_list
 .text.thread_create
                0x00000000080004dc       0xe8 /home/student/riot-lab/lab/threading_irq/part_3/bin/b-l072z-lrwan1/core/thread.o
                0x00000000080004dc                thread_create
 .text.cortexm_init
                0x00000000080005c4       0x78 /home/student/riot-lab/lab/threading_irq/part_3/bin/b-l072z-lrwan1/cortexm_common/cortexm_init.o
                0x00000000080005c4                cortexm_init
 .text.panic_arch
                0x000000000800063c       0x20 /home/student/riot-lab/lab/threading_irq/part_3/bin/b-l072z-lrwan1/cortexm_common/panic.o
                0x000000000800063c                panic_arch
 .text.thread_stack_init
                0x000000000800065c       0x90 /home/student/riot-lab/lab/threading_irq/part_3/bin/b-l072z-lrwan1/cortexm_common/thread_arch.o
                0x000000000800065c                thread_stack_init
 .text.cpu_switch_context_exit
                0x00000000080006ec       0x18 /home/student/riot-lab/lab/threading_irq/part_3/bin/b-l072z-lrwan1/cortexm_common/thread_arch.o
                0x00000000080006ec                cpu_switch_context_exit
 .text.isr_pendsv
                0x0000000008000704       0x58 /home/student/riot-lab/lab/threading_irq/part_3/bin/b-l072z-lrwan1/cortexm_common/thread_arch.o
                0x0000000008000704                isr_pendsv
 .text.isr_svc  0x000000000800075c       0x10 /home/student/riot-lab/lab/threading_irq/part_3/bin/b-l072z-lrwan1/cortexm_common/thread_arch.o
                0x000000000800075c                isr_svc
 .text.sched_arch_idle
                0x000000000800076c       0x10 /home/student/riot-lab/lab/threading_irq/part_3/bin/b-l072z-lrwan1/cortexm_common/thread_arch.o
                0x000000000800076c                sched_arch_idle
 .text.hard_fault_default
                0x000000000800077c       0x50 /home/student/riot-lab/lab/threading_irq/part_3/bin/b-l072z-lrwan1/cortexm_common/vectors_cortexm.o
                0x000000000800077c                hard_fault_default
 .text.nmi_default
                0x00000000080007cc       0x10 /home/student/riot-lab/lab/threading_irq/part_3/bin/b-l072z-lrwan1/cortexm_common/vectors_cortexm.o
                0x00000000080007cc                nmi_default
 .text.dummy_handler_default
                0x00000000080007dc       0x10 /home/student/riot-lab/lab/threading_irq/part_3/bin/b-l072z-lrwan1/cortexm_common/vectors_cortexm.o
                0x00000000080007dc                dummy_handler_default
                0x00000000080007dc                isr_systick
 .text.pre_startup
                0x00000000080007ec        0x2 /home/student/riot-lab/lab/threading_irq/part_3/bin/b-l072z-lrwan1/cortexm_common/vectors_cortexm.o
                0x00000000080007ec                pre_startup
 .text.post_startup
                0x00000000080007ee        0x2 /home/student/riot-lab/lab/threading_irq/part_3/bin/b-l072z-lrwan1/cortexm_common/vectors_cortexm.o
                0x00000000080007ee                post_startup
 .text.reset_handler_default
                0x00000000080007f0       0x64 /home/student/riot-lab/lab/threading_irq/part_3/bin/b-l072z-lrwan1/cortexm_common/vectors_cortexm.o
                0x00000000080007f0                reset_handler_default
 .text.hard_fault_handler
                0x0000000008000854      0x150 /home/student/riot-lab/lab/threading_irq/part_3/bin/b-l072z-lrwan1/cortexm_common/vectors_cortexm.o
                0x0000000008000854                hard_fault_handler
 .text.periph_apb_clk
                0x00000000080009a4        0x8 /home/student/riot-lab/lab/threading_irq/part_3/bin/b-l072z-lrwan1/cpu/cpu_common.o
                0x00000000080009a4                periph_apb_clk
 .text.periph_timer_clk
                0x00000000080009ac       0x14 /home/student/riot-lab/lab/threading_irq/part_3/bin/b-l072z-lrwan1/cpu/cpu_common.o
                0x00000000080009ac                periph_timer_clk
 .text.periph_clk_en
                0x00000000080009c0       0x38 /home/student/riot-lab/lab/threading_irq/part_3/bin/b-l072z-lrwan1/cpu/cpu_common.o
                0x00000000080009c0                periph_clk_en
 .text.cpu_init
                0x00000000080009f8       0x1e /home/student/riot-lab/lab/threading_irq/part_3/bin/b-l072z-lrwan1/cpu/cpu_init.o
                0x00000000080009f8                cpu_init
 .text._init    0x0000000008000a16        0x2 /home/student/riot-lab/lab/threading_irq/part_3/bin/b-l072z-lrwan1/newlib_syscalls_default/syscalls.o
                0x0000000008000a16                _init
 .text._fini    0x0000000008000a18        0x2 /home/student/riot-lab/lab/threading_irq/part_3/bin/b-l072z-lrwan1/newlib_syscalls_default/syscalls.o
                0x0000000008000a18                _fini
 *fill*         0x0000000008000a1a        0x2 
 .text._sbrk_r  0x0000000008000a1c       0x40 /home/student/riot-lab/lab/threading_irq/part_3/bin/b-l072z-lrwan1/newlib_syscalls_default/syscalls.o
                0x0000000008000a1c                _sbrk_r
 .text._read_r  0x0000000008000a5c        0xc /home/student/riot-lab/lab/threading_irq/part_3/bin/b-l072z-lrwan1/newlib_syscalls_default/syscalls.o
                0x0000000008000a5c                _read_r
 .text._write_r
                0x0000000008000a68        0xc /home/student/riot-lab/lab/threading_irq/part_3/bin/b-l072z-lrwan1/newlib_syscalls_default/syscalls.o
                0x0000000008000a68                _write_r
 .text._close_r
                0x0000000008000a74        0xa /home/student/riot-lab/lab/threading_irq/part_3/bin/b-l072z-lrwan1/newlib_syscalls_default/syscalls.o
                0x0000000008000a74                _close_r
 .text._lseek_r
                0x0000000008000a7e        0xa /home/student/riot-lab/lab/threading_irq/part_3/bin/b-l072z-lrwan1/newlib_syscalls_default/syscalls.o
                0x0000000008000a7e                _lseek_r
 .text._fstat_r
                0x0000000008000a88        0xa /home/student/riot-lab/lab/threading_irq/part_3/bin/b-l072z-lrwan1/newlib_syscalls_default/syscalls.o
                0x0000000008000a88                _fstat_r
 .text._isatty_r
                0x0000000008000a92        0xe /home/student/riot-lab/lab/threading_irq/part_3/bin/b-l072z-lrwan1/newlib_syscalls_default/syscalls.o
                0x0000000008000a92                _isatty_r
 .text.periph_init
                0x0000000008000aa0        0x2 /home/student/riot-lab/lab/threading_irq/part_3/bin/b-l072z-lrwan1/periph_common/init.o
                0x0000000008000aa0                periph_init
 .text.gpio_init
                0x0000000008000aa2       0x6c /home/student/riot-lab/lab/threading_irq/part_3/bin/b-l072z-lrwan1/periph/gpio_all.o
                0x0000000008000aa2                gpio_init
 .text.gpio_init_af
                0x0000000008000b0e       0x52 /home/student/riot-lab/lab/threading_irq/part_3/bin/b-l072z-lrwan1/periph/gpio_all.o
                0x0000000008000b0e                gpio_init_af
 .text.gpio_read
                0x0000000008000b60       0x14 /home/student/riot-lab/lab/threading_irq/part_3/bin/b-l072z-lrwan1/periph/gpio_all.o
                0x0000000008000b60                gpio_read
 .text.gpio_init_int
                0x0000000008000b74       0xb0 /home/student/riot-lab/lab/threading_irq/part_3/bin/b-l072z-lrwan1/periph/gpio_all.o
                0x0000000008000b74                gpio_init_int
 .text.isr_exti
                0x0000000008000c24       0x60 /home/student/riot-lab/lab/threading_irq/part_3/bin/b-l072z-lrwan1/periph/gpio_all.o
                0x0000000008000c24                isr_exti
 .text.pm_set   0x0000000008000c84       0x7c /home/student/riot-lab/lab/threading_irq/part_3/bin/b-l072z-lrwan1/periph/pm.o
                0x0000000008000c84                pm_set
 .text.timer_set_absolute
                0x0000000008000d00       0x34 /home/student/riot-lab/lab/threading_irq/part_3/bin/b-l072z-lrwan1/periph/timer.o
                0x0000000008000d00                timer_set_absolute
 .text.timer_read
                0x0000000008000d34       0x10 /home/student/riot-lab/lab/threading_irq/part_3/bin/b-l072z-lrwan1/periph/timer.o
                0x0000000008000d34                timer_read
 .text.timer_start
                0x0000000008000d44       0x14 /home/student/riot-lab/lab/threading_irq/part_3/bin/b-l072z-lrwan1/periph/timer.o
                0x0000000008000d44                timer_start
 .text.timer_init
                0x0000000008000d58       0x58 /home/student/riot-lab/lab/threading_irq/part_3/bin/b-l072z-lrwan1/periph/timer.o
                0x0000000008000d58                timer_init
 .text.isr_tim2
                0x0000000008000db0       0x70 /home/student/riot-lab/lab/threading_irq/part_3/bin/b-l072z-lrwan1/periph/timer.o
                0x0000000008000db0                isr_tim2
 .text.irq_handler
                0x0000000008000e20       0x58 /home/student/riot-lab/lab/threading_irq/part_3/bin/b-l072z-lrwan1/periph/uart.o
 .text.uart_enable_clock
                0x0000000008000e78       0x30 /home/student/riot-lab/lab/threading_irq/part_3/bin/b-l072z-lrwan1/periph/uart.o
 .text.uart_init
                0x0000000008000ea8       0xb4 /home/student/riot-lab/lab/threading_irq/part_3/bin/b-l072z-lrwan1/periph/uart.o
                0x0000000008000ea8                uart_init
 .text.uart_write
                0x0000000008000f5c       0x44 /home/student/riot-lab/lab/threading_irq/part_3/bin/b-l072z-lrwan1/periph/uart.o
                0x0000000008000f5c                uart_write
 .text.isr_usart2
                0x0000000008000fa0        0xa /home/student/riot-lab/lab/threading_irq/part_3/bin/b-l072z-lrwan1/periph/uart.o
                0x0000000008000fa0                isr_usart2
 .text.isr_usart1
                0x0000000008000faa        0xa /home/student/riot-lab/lab/threading_irq/part_3/bin/b-l072z-lrwan1/periph/uart.o
                0x0000000008000faa                isr_usart1
 .text.pm_set_lowest
                0x0000000008000fb4       0x38 /home/student/riot-lab/lab/threading_irq/part_3/bin/b-l072z-lrwan1/pm_layered/pm.o
                0x0000000008000fb4                pm_set_lowest
 .text.pm_block
                0x0000000008000fec       0x2c /home/student/riot-lab/lab/threading_irq/part_3/bin/b-l072z-lrwan1/pm_layered/pm.o
                0x0000000008000fec                pm_block
 .text.pm_off   0x0000000008001018       0x10 /home/student/riot-lab/lab/threading_irq/part_3/bin/b-l072z-lrwan1/pm_layered/pm.o
                0x0000000008001018                pm_off
 .text.stdio_init
                0x0000000008001028       0x12 /home/student/riot-lab/lab/threading_irq/part_3/bin/b-l072z-lrwan1/stdio_uart/stdio_uart.o
                0x0000000008001028                stdio_init
 .text.stdio_read
                0x000000000800103a        0x6 /home/student/riot-lab/lab/threading_irq/part_3/bin/b-l072z-lrwan1/stdio_uart/stdio_uart.o
                0x000000000800103a                stdio_read
 .text.stdio_write
                0x0000000008001040       0x12 /home/student/riot-lab/lab/threading_irq/part_3/bin/b-l072z-lrwan1/stdio_uart/stdio_uart.o
                0x0000000008001040                stdio_write
 *fill*         0x0000000008001052        0x2 
 .text.stmclk_enable_hsi
                0x0000000008001054       0x18 /home/student/riot-lab/lab/threading_irq/part_3/bin/b-l072z-lrwan1/stm32_clk/stmclk_common.o
                0x0000000008001054                stmclk_enable_hsi
 .text.stmclk_init_sysclk
                0x000000000800106c       0x90 /home/student/riot-lab/lab/threading_irq/part_3/bin/b-l072z-lrwan1/stm32_clk/stmclk_l0l1.o
                0x000000000800106c                stmclk_init_sysclk
 .text.dummy_handler
                0x00000000080010fc        0x8 /home/student/riot-lab/lab/threading_irq/part_3/bin/b-l072z-lrwan1/stm32_vectors/STM32L072xx.o
                0x00000000080010fc                isr_pvd
                0x00000000080010fc                isr_i2c1
                0x00000000080010fc                isr_tsc
                0x00000000080010fc                isr_tim7
                0x00000000080010fc                isr_i2c3
                0x00000000080010fc                isr_rng_lpuart1
                0x00000000080010fc                isr_dma1_channel4_5_6_7
                0x00000000080010fc                isr_usart4_5
                0x00000000080010fc                isr_tim22
                0x00000000080010fc                isr_i2c2
                0x00000000080010fc                isr_dma1_channel2_3
                0x00000000080010fc                isr_spi2
                0x00000000080010fc                isr_dma1_channel1
                0x00000000080010fc                dummy_handler
                0x00000000080010fc                isr_tim21
                0x00000000080010fc                isr_spi1
                0x00000000080010fc                isr_lptim1
                0x00000000080010fc                isr_flash
                0x00000000080010fc                isr_rtc
                0x00000000080010fc                isr_usb
                0x00000000080010fc                isr_adc1_comp
                0x00000000080010fc                isr_tim6_dac
                0x00000000080010fc                isr_tim3
                0x00000000080010fc                isr_rcc_crs
                0x00000000080010fc                isr_wwdg
 .text._add_timer_to_list
                0x0000000008001104       0x36 /home/student/riot-lab/lab/threading_irq/part_3/bin/b-l072z-lrwan1/xtimer/xtimer_core.o
 .text._remove_timer_from_list
                0x000000000800113a       0x18 /home/student/riot-lab/lab/threading_irq/part_3/bin/b-l072z-lrwan1/xtimer/xtimer_core.o
 *fill*         0x0000000008001152        0x2 
 .text._xtimer_now64
                0x0000000008001154       0x34 /home/student/riot-lab/lab/threading_irq/part_3/bin/b-l072z-lrwan1/xtimer/xtimer_core.o
 .text._schedule_earliest_lltimer
                0x0000000008001188       0x50 /home/student/riot-lab/lab/threading_irq/part_3/bin/b-l072z-lrwan1/xtimer/xtimer_core.o
 .text._xtimer_now
                0x00000000080011d8        0x8 /home/student/riot-lab/lab/threading_irq/part_3/bin/b-l072z-lrwan1/xtimer/xtimer_core.o
                0x00000000080011d8                _xtimer_now
 .text.xtimer_init
                0x00000000080011e0       0x30 /home/student/riot-lab/lab/threading_irq/part_3/bin/b-l072z-lrwan1/xtimer/xtimer_core.o
                0x00000000080011e0                xtimer_init
 .text._periph_timer_callback
                0x0000000008001210      0x118 /home/student/riot-lab/lab/threading_irq/part_3/bin/b-l072z-lrwan1/xtimer/xtimer_core.o
 .text.xtimer_remove
                0x0000000008001328       0x34 /home/student/riot-lab/lab/threading_irq/part_3/bin/b-l072z-lrwan1/xtimer/xtimer_core.o
                0x0000000008001328                xtimer_remove
 .text._xtimer_set64
                0x000000000800135c       0x88 /home/student/riot-lab/lab/threading_irq/part_3/bin/b-l072z-lrwan1/xtimer/xtimer_core.o
                0x000000000800135c                _xtimer_set64
 .text._callback_unlock_mutex
                0x00000000080013e4        0x8 /home/student/riot-lab/lab/threading_irq/part_3/bin/b-l072z-lrwan1/xtimer/xtimer.o
 .text._xtimer_periodic_wakeup
                0x00000000080013ec       0x58 /home/student/riot-lab/lab/threading_irq/part_3/bin/b-l072z-lrwan1/xtimer/xtimer.o
                0x00000000080013ec                _xtimer_periodic_wakeup
 .text          0x0000000008001444       0x14 /usr/lib/gcc/arm-none-eabi/9.2.1/thumb/v6-m/nofp/libgcc.a(_thumb1_case_uqi.o)
                0x0000000008001444                __gnu_thumb1_case_uqi
 .text          0x0000000008001458      0x114 /usr/lib/gcc/arm-none-eabi/9.2.1/thumb/v6-m/nofp/libgcc.a(_udivsi3.o)
                0x0000000008001458                __udivsi3
                0x0000000008001458                __aeabi_uidiv
                0x0000000008001564                __aeabi_uidivmod
 .text          0x000000000800156c      0x1d4 /usr/lib/gcc/arm-none-eabi/9.2.1/thumb/v6-m/nofp/libgcc.a(_divsi3.o)
                0x000000000800156c                __aeabi_idiv
                0x000000000800156c                __divsi3
                0x0000000008001738                __aeabi_idivmod
 .text          0x0000000008001740        0x4 /usr/lib/gcc/arm-none-eabi/9.2.1/thumb/v6-m/nofp/libgcc.a(_dvmd_tls.o)
                0x0000000008001740                __aeabi_ldiv0
                0x0000000008001740                __aeabi_idiv0
 .text          0x0000000008001744       0x44 /usr/lib/gcc/arm-none-eabi/9.2.1/../../../arm-none-eabi/lib/thumb/v6-m/nofp/libc_nano.a(lib_a-init.o)
                0x0000000008001744                __libc_init_array
 .text          0x0000000008001788       0xa8 /usr/lib/gcc/arm-none-eabi/9.2.1/../../../arm-none-eabi/lib/thumb/v6-m/nofp/libc_nano.a(lib_a-memcpy-stub.o)
                0x0000000008001788                memcpy
 .text          0x0000000008001830       0xa8 /usr/lib/gcc/arm-none-eabi/9.2.1/../../../arm-none-eabi/lib/thumb/v6-m/nofp/libc_nano.a(lib_a-memset.o)
                0x0000000008001830                memset
 .text          0x00000000080018d8       0xac /usr/lib/gcc/arm-none-eabi/9.2.1/../../../arm-none-eabi/lib/thumb/v6-m/nofp/libc_nano.a(lib_a-nano-freer.o)
                0x00000000080018d8                _free_r
 .text          0x0000000008001984       0xcc /usr/lib/gcc/arm-none-eabi/9.2.1/../../../arm-none-eabi/lib/thumb/v6-m/nofp/libc_nano.a(lib_a-nano-mallocr.o)
                0x0000000008001984                _malloc_r
 .text          0x0000000008001a50       0x68 /usr/lib/gcc/arm-none-eabi/9.2.1/../../../arm-none-eabi/lib/thumb/v6-m/nofp/libc_nano.a(lib_a-printf.o)
                0x0000000008001a50                _printf_r
                0x0000000008001a50                _iprintf_r
                0x0000000008001a80                printf
                0x0000000008001a80                iprintf
 .text          0x0000000008001ab8       0xec /usr/lib/gcc/arm-none-eabi/9.2.1/../../../arm-none-eabi/lib/thumb/v6-m/nofp/libc_nano.a(lib_a-puts.o)
                0x0000000008001ab8                _puts_r
                0x0000000008001b90                puts
 .text          0x0000000008001ba4       0xec /usr/lib/gcc/arm-none-eabi/9.2.1/../../../arm-none-eabi/lib/thumb/v6-m/nofp/libc_nano.a(lib_a-wbuf.o)
                0x0000000008001ba4                __swbuf_r
                0x0000000008001c78                __swbuf
 .text          0x0000000008001c90      0x10c /usr/lib/gcc/arm-none-eabi/9.2.1/../../../arm-none-eabi/lib/thumb/v6-m/nofp/libc_nano.a(lib_a-wsetup.o)
                0x0000000008001c90                __swsetup_r
 .text          0x0000000008001d9c      0x1b8 /usr/lib/gcc/arm-none-eabi/9.2.1/../../../arm-none-eabi/lib/thumb/v6-m/nofp/libc_nano.a(lib_a-fflush.o)
                0x0000000008001d9c                __sflush_r
                0x0000000008001ed0                _fflush_r
                0x0000000008001f2c                fflush
 .text          0x0000000008001f54      0x240 /usr/lib/gcc/arm-none-eabi/9.2.1/../../../arm-none-eabi/lib/thumb/v6-m/nofp/libc_nano.a(lib_a-findfp.o)
                0x0000000008001f58                _cleanup_r
                0x0000000008001f6c                __sfmoreglue
                0x0000000008001f9c                __sfp
                0x000000000800212c                _cleanup
                0x0000000008002144                __sinit
                0x0000000008002154                __sfp_lock_acquire
                0x0000000008002158                __sfp_lock_release
                0x000000000800215c                __sinit_lock_acquire
                0x0000000008002160                __sinit_lock_release
                0x0000000008002164                __fp_lock_all
                0x000000000800217c                __fp_unlock_all
 .text          0x0000000008002194       0x90 /usr/lib/gcc/arm-none-eabi/9.2.1/../../../arm-none-eabi/lib/thumb/v6-m/nofp/libc_nano.a(lib_a-fwalk.o)
                0x0000000008002194                _fwalk
                0x00000000080021d8                _fwalk_reent
 .text          0x0000000008002224       0xe0 /usr/lib/gcc/arm-none-eabi/9.2.1/../../../arm-none-eabi/lib/thumb/v6-m/nofp/libc_nano.a(lib_a-makebuf.o)
                0x0000000008002224                __swhatbuf_r
                0x0000000008002274                __smakebuf_r
 .text          0x0000000008002304        0x8 /usr/lib/gcc/arm-none-eabi/9.2.1/../../../arm-none-eabi/lib/thumb/v6-m/nofp/libc_nano.a(lib_a-mlock.o)
                0x0000000008002304                __malloc_lock
                0x0000000008002308                __malloc_unlock
 .text          0x000000000800230c       0x50 /usr/lib/gcc/arm-none-eabi/9.2.1/../../../arm-none-eabi/lib/thumb/v6-m/nofp/libc_nano.a(lib_a-nano-reallocr.o)
                0x000000000800230c                _realloc_r
 .text          0x000000000800235c      0x384 /usr/lib/gcc/arm-none-eabi/9.2.1/../../../arm-none-eabi/lib/thumb/v6-m/nofp/libc_nano.a(lib_a-nano-vfprintf.o)
                0x0000000008002384                __sfputs_r
                0x00000000080023b0                __sprint_r
                0x00000000080023cc                _vfiprintf_r
                0x00000000080023cc                _vfprintf_r
                0x00000000080026c8                vfiprintf
                0x00000000080026c8                vfprintf
 .text          0x00000000080026e0      0x3d8 /usr/lib/gcc/arm-none-eabi/9.2.1/../../../arm-none-eabi/lib/thumb/v6-m/nofp/libc_nano.a(lib_a-nano-vfprintf_i.o)
                0x00000000080026e0                _printf_common
                0x0000000008002810                _printf_i
 .text          0x0000000008002ab8       0xa4 /usr/lib/gcc/arm-none-eabi/9.2.1/../../../arm-none-eabi/lib/thumb/v6-m/nofp/libc_nano.a(lib_a-stdio.o)
                0x0000000008002ab8                __sread
                0x0000000008002ae0                __seofread
                0x0000000008002ae4                __swrite
                0x0000000008002b24                __sseek
                0x0000000008002b50                __sclose
 .text          0x0000000008002b5c      0x320 /usr/lib/gcc/arm-none-eabi/9.2.1/../../../arm-none-eabi/lib/thumb/v6-m/nofp/libc_nano.a(lib_a-fvwrite.o)
                0x0000000008002b5c                __sfvwrite_r
 .text          0x0000000008002e7c       0x80 /usr/lib/gcc/arm-none-eabi/9.2.1/../../../arm-none-eabi/lib/thumb/v6-m/nofp/libc_nano.a(lib_a-memchr-stub.o)
                0x0000000008002e7c                memchr
 .text          0x0000000008002efc       0xbc /usr/lib/gcc/arm-none-eabi/9.2.1/../../../arm-none-eabi/lib/thumb/v6-m/nofp/libc_nano.a(lib_a-memmove.o)
                0x0000000008002efc                memmove
 .text          0x0000000008002fb8       0x14 /usr/lib/gcc/arm-none-eabi/9.2.1/../../../arm-none-eabi/lib/thumb/v6-m/nofp/libc_nano.a(lib_a-nano-msizer.o)
                0x0000000008002fb8                _malloc_usable_size_r
 *(.glue_7t)
 .glue_7t       0x0000000008002fcc        0x0 linker stubs
 *(.glue_7)
 .glue_7        0x0000000008002fcc        0x0 linker stubs
 *(.rodata .rodata* .gnu.linkonce.r.*)
 .rodata.thread_blinking_green.str1.1
                0x0000000008002fcc       0x19 /home/student/riot-lab/lab/threading_irq/part_3/bin/b-l072z-lrwan1/application_lab/main.o
 .rodata.main.str1.1
                0x0000000008002fe5        0x6 /home/student/riot-lab/lab/threading_irq/part_3/bin/b-l072z-lrwan1/application_lab/main.o
 .rodata.MultiplyDeBruijnBitPosition
                0x0000000008002feb       0x20 /home/student/riot-lab/lab/threading_irq/part_3/bin/b-l072z-lrwan1/core/bitarithm.o
                0x0000000008002feb                MultiplyDeBruijnBitPosition
 .rodata.main_trampoline.str1.1
                0x000000000800300b       0x2d /home/student/riot-lab/lab/threading_irq/part_3/bin/b-l072z-lrwan1/core/init.o
 .rodata.kernel_init.str1.1
                0x0000000008003038        0x5 /home/student/riot-lab/lab/threading_irq/part_3/bin/b-l072z-lrwan1/core/init.o
 .rodata.core_panic.str1.1
                0x000000000800303d       0x2e /home/student/riot-lab/lab/threading_irq/part_3/bin/b-l072z-lrwan1/core/panic.o
 .rodata.assert_crash_message
                0x000000000800306b       0x12 /home/student/riot-lab/lab/threading_irq/part_3/bin/b-l072z-lrwan1/core/panic.o
                0x000000000800306b                assert_crash_message
 .rodata.panic_arch.str1.1
                0x000000000800307d        0xf /home/student/riot-lab/lab/threading_irq/part_3/bin/b-l072z-lrwan1/cortexm_common/panic.o
 .rodata.nmi_default.str1.1
                0x000000000800308c        0xc /home/student/riot-lab/lab/threading_irq/part_3/bin/b-l072z-lrwan1/cortexm_common/vectors_cortexm.o
 .rodata.dummy_handler_default.str1.1
                0x0000000008003098        0xe /home/student/riot-lab/lab/threading_irq/part_3/bin/b-l072z-lrwan1/cortexm_common/vectors_cortexm.o
 .rodata.hard_fault_handler.str1.1
                0x00000000080030a6      0x1ca /home/student/riot-lab/lab/threading_irq/part_3/bin/b-l072z-lrwan1/cortexm_common/vectors_cortexm.o
 .rodata.apbmul
                0x0000000008003270        0x2 /home/student/riot-lab/lab/threading_irq/part_3/bin/b-l072z-lrwan1/cpu/cpu_common.o
 *fill*         0x0000000008003272        0x2 
 .rodata.timer_config
                0x0000000008003274       0x10 /home/student/riot-lab/lab/threading_irq/part_3/bin/b-l072z-lrwan1/periph/timer.o
 .rodata.uart_config
                0x0000000008003284       0x38 /home/student/riot-lab/lab/threading_irq/part_3/bin/b-l072z-lrwan1/periph/uart.o
 .rodata        0x00000000080032bc        0x4 /usr/lib/gcc/arm-none-eabi/9.2.1/../../../arm-none-eabi/lib/thumb/v6-m/nofp/libc_nano.a(lib_a-impure.o)
                0x00000000080032bc                _global_impure_ptr
 .rodata        0x00000000080032c0       0x60 /usr/lib/gcc/arm-none-eabi/9.2.1/../../../arm-none-eabi/lib/thumb/v6-m/nofp/libc_nano.a(lib_a-findfp.o)
                0x00000000080032c0                __sf_fake_stderr
                0x00000000080032e0                __sf_fake_stdout
                0x0000000008003300                __sf_fake_stdin
 .rodata.str1.4
                0x0000000008003320       0x13 /usr/lib/gcc/arm-none-eabi/9.2.1/../../../arm-none-eabi/lib/thumb/v6-m/nofp/libc_nano.a(lib_a-nano-vfprintf.o)
 *fill*         0x0000000008003333        0x1 
 .rodata.str1.4
                0x0000000008003334       0x25 /usr/lib/gcc/arm-none-eabi/9.2.1/../../../arm-none-eabi/lib/thumb/v6-m/nofp/libc_nano.a(lib_a-nano-vfprintf_i.o)
 *(SORT_BY_NAME(.roxfa.*))
 *(.ARM.extab* .gnu.linkonce.armextab.*)
                0x000000000800335c                . = ALIGN (0x4)
 *fill*         0x0000000008003359        0x3 
 *(.init)
                0x000000000800335c                . = ALIGN (0x4)
                0x000000000800335c                __preinit_array_start = .
 *(.preinit_array)
                0x000000000800335c                __preinit_array_end = .
                0x000000000800335c                . = ALIGN (0x4)
                0x000000000800335c                __init_array_start = .
 *(SORT_BY_NAME(.init_array.*))
 *(.init_array)
                0x000000000800335c                __init_array_end = .
                0x000000000800335c                . = ALIGN (0x4)
 *crtbegin.o(.ctors)
 *(EXCLUDE_FILE(*crtend.o) .ctors)
 *(SORT_BY_NAME(.ctors.*))
 *crtend.o(.ctors)
                0x000000000800335c                . = ALIGN (0x4)
 *(.fini)
                0x000000000800335c                . = ALIGN (0x4)
                0x000000000800335c                __fini_array_start = .
 *(.fini_array)
 *(SORT_BY_NAME(.fini_array.*))
                0x000000000800335c                __fini_array_end = .
 *crtbegin.o(.dtors)
 *(EXCLUDE_FILE(*crtend.o) .dtors)
 *(SORT_BY_NAME(.dtors.*))
 *crtend.o(.dtors)
                0x000000000800335c                . = ALIGN (0x4)
                0x000000000800335c                _efixed = .

.vfp11_veneer   0x000000000800335c        0x0
 .vfp11_veneer  0x000000000800335c        0x0 linker stubs

.v4_bx          0x000000000800335c        0x0
 .v4_bx         0x000000000800335c        0x0 linker stubs

.iplt           0x000000000800335c        0x0
 .iplt          0x000000000800335c        0x0 /home/student/riot-lab/lab/threading_irq/part_3/bin/b-l072z-lrwan1/application_lab/main.o

.igot.plt       0x000000000800335c        0x0
 .igot.plt      0x000000000800335c        0x0 /home/student/riot-lab/lab/threading_irq/part_3/bin/b-l072z-lrwan1/application_lab/main.o

.rel.dyn        0x000000000800335c        0x0
 .rel.iplt      0x000000000800335c        0x0 /home/student/riot-lab/lab/threading_irq/part_3/bin/b-l072z-lrwan1/application_lab/main.o

.tdata          0x000000000800335c        0x0
                0x000000000800335c                __tdata_start = .
 *(.tdata .tdata.* .gnu.linkonce.td.*)
                0x000000000800335c                __tdata_end = .
                0x000000000800335c                __tdata_source = LOADADDR (.tdata)
                0x0000000000000000                __tdata_size = SIZEOF (.tdata)

.tbss           0x000000000800335c        0x0
 *(.tbss .tbss.* .gnu.linkonce.tb.*)
 *(.tcommon)
                0x000000000800335c                __tbss_end = .
                0x0000000000000000                __tls_size = (__tbss_end - __tdata_start)
                0x0000000000000000                __tbss_size = (__tls_size - __tdata_size)
                [!provide]                        PROVIDE (__exidx_start = .)

.ARM.exidx
 *(.ARM.exidx* .gnu.linkonce.armexidx.*)
                [!provide]                        PROVIDE (__exidx_end = .)
                0x000000000800335c                . = ALIGN (0x4)

.eh_frame
 *(.eh_frame)
                0x000000000800335c                . = ALIGN (0x4)
                0x000000000800335c                _etext = .

.stack          0x0000000020000000      0x200
 *(.puf)
                0x0000000020000000                . = ALIGN (0x8)
                0x0000000020000000                _sstack = .
 *(.isr_stack)
 .isr_stack     0x0000000020000000      0x200 /home/student/riot-lab/lab/threading_irq/part_3/bin/b-l072z-lrwan1/cortexm_common/vectors_cortexm.o
                0x0000000020000000                isr_stack
                0x0000000020000200                . = ALIGN (0x8)
                0x0000000020000200                _estack = .

.relocate       0x0000000020000200       0x70 load address 0x000000000800335c
                0x0000000020000200                . = ALIGN (0x4)
                0x0000000020000200                _srelocate = .
 *(.ramfunc .ramfunc.*)
 *(.data .data.*)
 .data.heap_top
                0x0000000020000200        0x4 /home/student/riot-lab/lab/threading_irq/part_3/bin/b-l072z-lrwan1/newlib_syscalls_default/syscalls.o
 .data.pm_blocker
                0x0000000020000204        0x4 /home/student/riot-lab/lab/threading_irq/part_3/bin/b-l072z-lrwan1/pm_layered/pm.o
 .data          0x0000000020000208       0x64 /usr/lib/gcc/arm-none-eabi/9.2.1/../../../arm-none-eabi/lib/thumb/v6-m/nofp/libc_nano.a(lib_a-impure.o)
                0x0000000020000208                _impure_ptr
 *(SORT_BY_NAME(.xfa.*))
 *(.openocd .openocd.*)
 .openocd       0x000000002000026c        0x2 /home/student/riot-lab/lab/threading_irq/part_3/bin/b-l072z-lrwan1/core/sched.o
                0x000000002000026c                _tcb_name_offset
                0x000000002000026d                max_threads
                0x0000000020000270                . = ALIGN (0x4)
 *fill*         0x000000002000026e        0x2 
                0x0000000020000270                _erelocate = .

.bss            0x0000000020000270      0xda8 load address 0x00000000080033cc
                0x0000000020000270                . = ALIGN (0x4)
                0x0000000020000270                _sbss = .
                0x0000000020000270                _szero = .
 *(.bss .bss.*)
 .bss.begin_time.6354
                0x0000000020000270        0x4 /home/student/riot-lab/lab/threading_irq/part_3/bin/b-l072z-lrwan1/application_lab/main.o
 .bss.stack_thread_blinking_green
                0x0000000020000274      0x600 /home/student/riot-lab/lab/threading_irq/part_3/bin/b-l072z-lrwan1/application_lab/main.o
                0x0000000020000274                stack_thread_blinking_green
 .bss.time_elapsed
                0x0000000020000874        0x4 /home/student/riot-lab/lab/threading_irq/part_3/bin/b-l072z-lrwan1/application_lab/main.o
 .bss.main_stack
                0x0000000020000878      0x600 /home/student/riot-lab/lab/threading_irq/part_3/bin/b-l072z-lrwan1/core/init.o
 .bss.crashed   0x0000000020000e78        0x4 /home/student/riot-lab/lab/threading_irq/part_3/bin/b-l072z-lrwan1/core/panic.o
 .bss.runqueue_bitcache
                0x0000000020000e7c        0x4 /home/student/riot-lab/lab/threading_irq/part_3/bin/b-l072z-lrwan1/core/sched.o
 .bss.sched_active_pid
                0x0000000020000e80        0x2 /home/student/riot-lab/lab/threading_irq/part_3/bin/b-l072z-lrwan1/core/sched.o
                0x0000000020000e80                sched_active_pid
 *fill*         0x0000000020000e82        0x2 
 .bss.sched_active_thread
                0x0000000020000e84        0x4 /home/student/riot-lab/lab/threading_irq/part_3/bin/b-l072z-lrwan1/core/sched.o
                0x0000000020000e84                sched_active_thread
 .bss.sched_context_switch_request
                0x0000000020000e88        0x4 /home/student/riot-lab/lab/threading_irq/part_3/bin/b-l072z-lrwan1/core/sched.o
                0x0000000020000e88                sched_context_switch_request
 .bss.sched_num_threads
                0x0000000020000e8c        0x4 /home/student/riot-lab/lab/threading_irq/part_3/bin/b-l072z-lrwan1/core/sched.o
                0x0000000020000e8c                sched_num_threads
 .bss.sched_runqueues
                0x0000000020000e90       0x40 /home/student/riot-lab/lab/threading_irq/part_3/bin/b-l072z-lrwan1/core/sched.o
                0x0000000020000e90                sched_runqueues
 .bss.sched_threads
                0x0000000020000ed0       0x84 /home/student/riot-lab/lab/threading_irq/part_3/bin/b-l072z-lrwan1/core/sched.o
                0x0000000020000ed0                sched_threads
 .bss.isr_ctx   0x0000000020000f54       0x80 /home/student/riot-lab/lab/threading_irq/part_3/bin/b-l072z-lrwan1/periph/gpio_all.o
 .bss.isr_ctx   0x0000000020000fd4        0x8 /home/student/riot-lab/lab/threading_irq/part_3/bin/b-l072z-lrwan1/periph/timer.o
 .bss.isr_ctx   0x0000000020000fdc       0x18 /home/student/riot-lab/lab/threading_irq/part_3/bin/b-l072z-lrwan1/periph/uart.o
 .bss._in_handler
                0x0000000020000ff4        0x4 /home/student/riot-lab/lab/threading_irq/part_3/bin/b-l072z-lrwan1/xtimer/xtimer_core.o
 .bss._lltimer_ongoing
                0x0000000020000ff8        0x1 /home/student/riot-lab/lab/threading_irq/part_3/bin/b-l072z-lrwan1/xtimer/xtimer_core.o
 *fill*         0x0000000020000ff9        0x7 
 .bss._xtimer_current_time
                0x0000000020001000        0x8 /home/student/riot-lab/lab/threading_irq/part_3/bin/b-l072z-lrwan1/xtimer/xtimer_core.o
                0x0000000020001000                _xtimer_current_time
 .bss.long_list_head
                0x0000000020001008        0x4 /home/student/riot-lab/lab/threading_irq/part_3/bin/b-l072z-lrwan1/xtimer/xtimer_core.o
 .bss.timer_list_head
                0x000000002000100c        0x4 /home/student/riot-lab/lab/threading_irq/part_3/bin/b-l072z-lrwan1/xtimer/xtimer_core.o
 .bss           0x0000000020001010        0x8 /usr/lib/gcc/arm-none-eabi/9.2.1/../../../arm-none-eabi/lib/thumb/v6-m/nofp/libc_nano.a(lib_a-nano-mallocr.o)
                0x0000000020001010                __malloc_free_list
                0x0000000020001014                __malloc_sbrk_start
 *(COMMON)
                0x0000000020001018                . = ALIGN (0x4)
                0x0000000020001018                _ebss = .
                0x0000000020001018                _ezero = .

.noinit         0x0000000020001018        0x0 load address 0x00000000080033cc
                0x0000000020001018                __noinit_start = .
 *(.noinit)
                0x0000000020001018                . = ALIGN (0x4)
                0x0000000020001018                __noinit_end = .
                0x0000000020001018                . = ALIGN (0x4)
                0x0000000020001018                _sheap = .
                0x0000000020005000                _eheap = (ORIGIN (ram) + LENGTH (ram))
                0x0000000020000000                _sram = ORIGIN (ram)
                0x0000000020005000                _eram = (ORIGIN (ram) + LENGTH (ram))
                0x00000000080033cc                _sbackup_data_load = LOADADDR (.backup.data)

.backup.data    0x0000000000000000        0x0 load address 0x00000000080033cc
                0x0000000000000000                _sbackup_data = .
 *(.backup.data)
                0x0000000000000000                _ebackup_data = .
                0x0000000000000000                . = ALIGN (0x4)

.backup.bss     0x0000000000000000        0x0 load address 0x00000000080033cc
                0x0000000000000000                _sbackup_bss = .
 *(.backup.bss)
                0x0000000000000000                _ebackup_bss = .
                0x0000000000000000                . = ALIGN (0x4)

.heap3          0x0000000000000000        0x0 load address 0x00000000080033cc
                0x0000000000000000                _sheap1 = .
                0x0000000000000000                _eheap1 = (ORIGIN (bkup_ram) + LENGTH (bkup_ram))
OUTPUT(/home/student/riot-lab/lab/threading_irq/part_3/bin/b-l072z-lrwan1/lab.elf elf32-littlearm)
LOAD linker stubs

.debug_info     0x0000000000000000    0x39280
 .debug_info    0x0000000000000000     0x1a4e /home/student/riot-lab/lab/threading_irq/part_3/bin/b-l072z-lrwan1/application_lab/main.o
 .debug_info    0x0000000000001a4e      0xd0e /home/student/riot-lab/lab/threading_irq/part_3/bin/b-l072z-lrwan1/auto_init/auto_init.o
 .debug_info    0x000000000000275c     0x155b /home/student/riot-lab/lab/threading_irq/part_3/bin/b-l072z-lrwan1/board/board.o
 .debug_info    0x0000000000003cb7      0x9f0 /home/student/riot-lab/lab/threading_irq/part_3/bin/b-l072z-lrwan1/core/bitarithm.o
 .debug_info    0x00000000000046a7      0xe72 /home/student/riot-lab/lab/threading_irq/part_3/bin/b-l072z-lrwan1/core/init.o
 .debug_info    0x0000000000005519     0x1a54 /home/student/riot-lab/lab/threading_irq/part_3/bin/b-l072z-lrwan1/core/mutex.o
 .debug_info    0x0000000000006f6d      0xed5 /home/student/riot-lab/lab/threading_irq/part_3/bin/b-l072z-lrwan1/core/panic.o
 .debug_info    0x0000000000007e42     0x132e /home/student/riot-lab/lab/threading_irq/part_3/bin/b-l072z-lrwan1/core/sched.o
 .debug_info    0x0000000000009170     0x1d2f /home/student/riot-lab/lab/threading_irq/part_3/bin/b-l072z-lrwan1/core/thread.o
 .debug_info    0x000000000000ae9f     0x10ef /home/student/riot-lab/lab/threading_irq/part_3/bin/b-l072z-lrwan1/cortexm_common/cortexm_init.o
 .debug_info    0x000000000000bf8e      0xd4d /home/student/riot-lab/lab/threading_irq/part_3/bin/b-l072z-lrwan1/cortexm_common/panic.o
 .debug_info    0x000000000000ccdb     0x11a1 /home/student/riot-lab/lab/threading_irq/part_3/bin/b-l072z-lrwan1/cortexm_common/thread_arch.o
 .debug_info    0x000000000000de7c     0x1310 /home/student/riot-lab/lab/threading_irq/part_3/bin/b-l072z-lrwan1/cortexm_common/vectors_cortexm.o
 .debug_info    0x000000000000f18c     0x1718 /home/student/riot-lab/lab/threading_irq/part_3/bin/b-l072z-lrwan1/cpu/cpu_common.o
 .debug_info    0x00000000000108a4     0x159a /home/student/riot-lab/lab/threading_irq/part_3/bin/b-l072z-lrwan1/cpu/cpu_init.o
 .debug_info    0x0000000000011e3e     0x24be /home/student/riot-lab/lab/threading_irq/part_3/bin/b-l072z-lrwan1/newlib_syscalls_default/syscalls.o
 .debug_info    0x00000000000142fc      0xc70 /home/student/riot-lab/lab/threading_irq/part_3/bin/b-l072z-lrwan1/periph_common/init.o
 .debug_info    0x0000000000014f6c     0x235a /home/student/riot-lab/lab/threading_irq/part_3/bin/b-l072z-lrwan1/periph/gpio_all.o
 .debug_info    0x00000000000172c6      0xf17 /home/student/riot-lab/lab/threading_irq/part_3/bin/b-l072z-lrwan1/periph/pm.o
 .debug_info    0x00000000000181dd     0x1c25 /home/student/riot-lab/lab/threading_irq/part_3/bin/b-l072z-lrwan1/periph/timer.o
 .debug_info    0x0000000000019e02     0x1f82 /home/student/riot-lab/lab/threading_irq/part_3/bin/b-l072z-lrwan1/periph/uart.o
 .debug_info    0x000000000001bd84     0x117d /home/student/riot-lab/lab/threading_irq/part_3/bin/b-l072z-lrwan1/pm_layered/pm.o
 .debug_info    0x000000000001cf01     0x164f /home/student/riot-lab/lab/threading_irq/part_3/bin/b-l072z-lrwan1/stdio_uart/stdio_uart.o
 .debug_info    0x000000000001e550     0x168b /home/student/riot-lab/lab/threading_irq/part_3/bin/b-l072z-lrwan1/stm32_clk/stmclk_common.o
 .debug_info    0x000000000001fbdb     0x186b /home/student/riot-lab/lab/threading_irq/part_3/bin/b-l072z-lrwan1/stm32_clk/stmclk_l0l1.o
 .debug_info    0x0000000000021446      0x1bc /home/student/riot-lab/lab/threading_irq/part_3/bin/b-l072z-lrwan1/stm32_vectors/STM32L072xx.o
 .debug_info    0x0000000000021602     0x2092 /home/student/riot-lab/lab/threading_irq/part_3/bin/b-l072z-lrwan1/xtimer/xtimer_core.o
 .debug_info    0x0000000000023694     0x2a70 /home/student/riot-lab/lab/threading_irq/part_3/bin/b-l072z-lrwan1/xtimer/xtimer.o
 .debug_info    0x0000000000026104       0x26 /usr/lib/gcc/arm-none-eabi/9.2.1/thumb/v6-m/nofp/libgcc.a(_thumb1_case_uqi.o)
 .debug_info    0x000000000002612a       0x26 /usr/lib/gcc/arm-none-eabi/9.2.1/thumb/v6-m/nofp/libgcc.a(_udivsi3.o)
 .debug_info    0x0000000000026150       0x26 /usr/lib/gcc/arm-none-eabi/9.2.1/thumb/v6-m/nofp/libgcc.a(_divsi3.o)
 .debug_info    0x0000000000026176       0x26 /usr/lib/gcc/arm-none-eabi/9.2.1/thumb/v6-m/nofp/libgcc.a(_dvmd_tls.o)
 .debug_info    0x000000000002619c      0x92a /usr/lib/gcc/arm-none-eabi/9.2.1/../../../arm-none-eabi/lib/thumb/v6-m/nofp/libc_nano.a(lib_a-impure.o)
 .debug_info    0x0000000000026ac6      0x11a /usr/lib/gcc/arm-none-eabi/9.2.1/../../../arm-none-eabi/lib/thumb/v6-m/nofp/libc_nano.a(lib_a-init.o)
 .debug_info    0x0000000000026be0      0xf35 /usr/lib/gcc/arm-none-eabi/9.2.1/../../../arm-none-eabi/lib/thumb/v6-m/nofp/libc_nano.a(lib_a-memcpy-stub.o)
 .debug_info    0x0000000000027b15      0xf21 /usr/lib/gcc/arm-none-eabi/9.2.1/../../../arm-none-eabi/lib/thumb/v6-m/nofp/libc_nano.a(lib_a-memset.o)
 .debug_info    0x0000000000028a36      0xb82 /usr/lib/gcc/arm-none-eabi/9.2.1/../../../arm-none-eabi/lib/thumb/v6-m/nofp/libc_nano.a(lib_a-nano-freer.o)
 .debug_info    0x00000000000295b8      0xc57 /usr/lib/gcc/arm-none-eabi/9.2.1/../../../arm-none-eabi/lib/thumb/v6-m/nofp/libc_nano.a(lib_a-nano-mallocr.o)
 .debug_info    0x000000000002a20f      0xc67 /usr/lib/gcc/arm-none-eabi/9.2.1/../../../arm-none-eabi/lib/thumb/v6-m/nofp/libc_nano.a(lib_a-printf.o)
 .debug_info    0x000000000002ae76      0xd23 /usr/lib/gcc/arm-none-eabi/9.2.1/../../../arm-none-eabi/lib/thumb/v6-m/nofp/libc_nano.a(lib_a-puts.o)
 .debug_info    0x000000000002bb99      0xc90 /usr/lib/gcc/arm-none-eabi/9.2.1/../../../arm-none-eabi/lib/thumb/v6-m/nofp/libc_nano.a(lib_a-wbuf.o)
 .debug_info    0x000000000002c829      0xbfa /usr/lib/gcc/arm-none-eabi/9.2.1/../../../arm-none-eabi/lib/thumb/v6-m/nofp/libc_nano.a(lib_a-wsetup.o)
 .debug_info    0x000000000002d423      0xd85 /usr/lib/gcc/arm-none-eabi/9.2.1/../../../arm-none-eabi/lib/thumb/v6-m/nofp/libc_nano.a(lib_a-fflush.o)
 .debug_info    0x000000000002e1a8     0x11a8 /usr/lib/gcc/arm-none-eabi/9.2.1/../../../arm-none-eabi/lib/thumb/v6-m/nofp/libc_nano.a(lib_a-findfp.o)
 .debug_info    0x000000000002f350      0xca4 /usr/lib/gcc/arm-none-eabi/9.2.1/../../../arm-none-eabi/lib/thumb/v6-m/nofp/libc_nano.a(lib_a-fwalk.o)
 .debug_info    0x000000000002fff4      0xf64 /usr/lib/gcc/arm-none-eabi/9.2.1/../../../arm-none-eabi/lib/thumb/v6-m/nofp/libc_nano.a(lib_a-makebuf.o)
 .debug_info    0x0000000000030f58      0x961 /usr/lib/gcc/arm-none-eabi/9.2.1/../../../arm-none-eabi/lib/thumb/v6-m/nofp/libc_nano.a(lib_a-mlock.o)
 .debug_info    0x00000000000318b9      0xb76 /usr/lib/gcc/arm-none-eabi/9.2.1/../../../arm-none-eabi/lib/thumb/v6-m/nofp/libc_nano.a(lib_a-nano-reallocr.o)
 .debug_info    0x000000000003242f     0x1793 /usr/lib/gcc/arm-none-eabi/9.2.1/../../../arm-none-eabi/lib/thumb/v6-m/nofp/libc_nano.a(lib_a-nano-vfprintf.o)
 .debug_info    0x0000000000033bc2     0x158d /usr/lib/gcc/arm-none-eabi/9.2.1/../../../arm-none-eabi/lib/thumb/v6-m/nofp/libc_nano.a(lib_a-nano-vfprintf_i.o)
 .debug_info    0x000000000003514f      0xe6c /usr/lib/gcc/arm-none-eabi/9.2.1/../../../arm-none-eabi/lib/thumb/v6-m/nofp/libc_nano.a(lib_a-stdio.o)
 .debug_info    0x0000000000035fbb      0xf11 /usr/lib/gcc/arm-none-eabi/9.2.1/../../../arm-none-eabi/lib/thumb/v6-m/nofp/libc_nano.a(lib_a-fvwrite.o)
 .debug_info    0x0000000000036ecc      0x9e3 /usr/lib/gcc/arm-none-eabi/9.2.1/../../../arm-none-eabi/lib/thumb/v6-m/nofp/libc_nano.a(lib_a-memchr-stub.o)
 .debug_info    0x00000000000378af      0xf2b /usr/lib/gcc/arm-none-eabi/9.2.1/../../../arm-none-eabi/lib/thumb/v6-m/nofp/libc_nano.a(lib_a-memmove.o)
 .debug_info    0x00000000000387da      0xaa6 /usr/lib/gcc/arm-none-eabi/9.2.1/../../../arm-none-eabi/lib/thumb/v6-m/nofp/libc_nano.a(lib_a-nano-msizer.o)

.debug_abbrev   0x0000000000000000     0x9e85
 .debug_abbrev  0x0000000000000000      0x41a /home/student/riot-lab/lab/threading_irq/part_3/bin/b-l072z-lrwan1/application_lab/main.o
 .debug_abbrev  0x000000000000041a      0x22c /home/student/riot-lab/lab/threading_irq/part_3/bin/b-l072z-lrwan1/auto_init/auto_init.o
 .debug_abbrev  0x0000000000000646      0x2d6 /home/student/riot-lab/lab/threading_irq/part_3/bin/b-l072z-lrwan1/board/board.o
 .debug_abbrev  0x000000000000091c      0x208 /home/student/riot-lab/lab/threading_irq/part_3/bin/b-l072z-lrwan1/core/bitarithm.o
 .debug_abbrev  0x0000000000000b24      0x32c /home/student/riot-lab/lab/threading_irq/part_3/bin/b-l072z-lrwan1/core/init.o
 .debug_abbrev  0x0000000000000e50      0x40a /home/student/riot-lab/lab/threading_irq/part_3/bin/b-l072z-lrwan1/core/mutex.o
 .debug_abbrev  0x000000000000125a      0x364 /home/student/riot-lab/lab/threading_irq/part_3/bin/b-l072z-lrwan1/core/panic.o
 .debug_abbrev  0x00000000000015be      0x4b5 /home/student/riot-lab/lab/threading_irq/part_3/bin/b-l072z-lrwan1/core/sched.o
 .debug_abbrev  0x0000000000001a73      0x545 /home/student/riot-lab/lab/threading_irq/part_3/bin/b-l072z-lrwan1/core/thread.o
 .debug_abbrev  0x0000000000001fb8      0x39e /home/student/riot-lab/lab/threading_irq/part_3/bin/b-l072z-lrwan1/cortexm_common/cortexm_init.o
 .debug_abbrev  0x0000000000002356      0x2fe /home/student/riot-lab/lab/threading_irq/part_3/bin/b-l072z-lrwan1/cortexm_common/panic.o
 .debug_abbrev  0x0000000000002654      0x484 /home/student/riot-lab/lab/threading_irq/part_3/bin/b-l072z-lrwan1/cortexm_common/thread_arch.o
 .debug_abbrev  0x0000000000002ad8      0x445 /home/student/riot-lab/lab/threading_irq/part_3/bin/b-l072z-lrwan1/cortexm_common/vectors_cortexm.o
 .debug_abbrev  0x0000000000002f1d      0x363 /home/student/riot-lab/lab/threading_irq/part_3/bin/b-l072z-lrwan1/cpu/cpu_common.o
 .debug_abbrev  0x0000000000003280      0x30c /home/student/riot-lab/lab/threading_irq/part_3/bin/b-l072z-lrwan1/cpu/cpu_init.o
 .debug_abbrev  0x000000000000358c      0x56b /home/student/riot-lab/lab/threading_irq/part_3/bin/b-l072z-lrwan1/newlib_syscalls_default/syscalls.o
 .debug_abbrev  0x0000000000003af7      0x26a /home/student/riot-lab/lab/threading_irq/part_3/bin/b-l072z-lrwan1/periph_common/init.o
 .debug_abbrev  0x0000000000003d61      0x515 /home/student/riot-lab/lab/threading_irq/part_3/bin/b-l072z-lrwan1/periph/gpio_all.o
 .debug_abbrev  0x0000000000004276      0x379 /home/student/riot-lab/lab/threading_irq/part_3/bin/b-l072z-lrwan1/periph/pm.o
 .debug_abbrev  0x00000000000045ef      0x4c0 /home/student/riot-lab/lab/threading_irq/part_3/bin/b-l072z-lrwan1/periph/timer.o
 .debug_abbrev  0x0000000000004aaf      0x543 /home/student/riot-lab/lab/threading_irq/part_3/bin/b-l072z-lrwan1/periph/uart.o
 .debug_abbrev  0x0000000000004ff2      0x3b5 /home/student/riot-lab/lab/threading_irq/part_3/bin/b-l072z-lrwan1/pm_layered/pm.o
 .debug_abbrev  0x00000000000053a7      0x349 /home/student/riot-lab/lab/threading_irq/part_3/bin/b-l072z-lrwan1/stdio_uart/stdio_uart.o
 .debug_abbrev  0x00000000000056f0      0x2c4 /home/student/riot-lab/lab/threading_irq/part_3/bin/b-l072z-lrwan1/stm32_clk/stmclk_common.o
 .debug_abbrev  0x00000000000059b4      0x38e /home/student/riot-lab/lab/threading_irq/part_3/bin/b-l072z-lrwan1/stm32_clk/stmclk_l0l1.o
 .debug_abbrev  0x0000000000005d42       0xd7 /home/student/riot-lab/lab/threading_irq/part_3/bin/b-l072z-lrwan1/stm32_vectors/STM32L072xx.o
 .debug_abbrev  0x0000000000005e19      0x531 /home/student/riot-lab/lab/threading_irq/part_3/bin/b-l072z-lrwan1/xtimer/xtimer_core.o
 .debug_abbrev  0x000000000000634a      0x574 /home/student/riot-lab/lab/threading_irq/part_3/bin/b-l072z-lrwan1/xtimer/xtimer.o
 .debug_abbrev  0x00000000000068be       0x14 /usr/lib/gcc/arm-none-eabi/9.2.1/thumb/v6-m/nofp/libgcc.a(_thumb1_case_uqi.o)
 .debug_abbrev  0x00000000000068d2       0x14 /usr/lib/gcc/arm-none-eabi/9.2.1/thumb/v6-m/nofp/libgcc.a(_udivsi3.o)
 .debug_abbrev  0x00000000000068e6       0x14 /usr/lib/gcc/arm-none-eabi/9.2.1/thumb/v6-m/nofp/libgcc.a(_divsi3.o)
 .debug_abbrev  0x00000000000068fa       0x14 /usr/lib/gcc/arm-none-eabi/9.2.1/thumb/v6-m/nofp/libgcc.a(_dvmd_tls.o)
 .debug_abbrev  0x000000000000690e      0x17a /usr/lib/gcc/arm-none-eabi/9.2.1/../../../arm-none-eabi/lib/thumb/v6-m/nofp/libc_nano.a(lib_a-impure.o)
 .debug_abbrev  0x0000000000006a88       0xcc /usr/lib/gcc/arm-none-eabi/9.2.1/../../../arm-none-eabi/lib/thumb/v6-m/nofp/libc_nano.a(lib_a-init.o)
 .debug_abbrev  0x0000000000006b54      0x1e5 /usr/lib/gcc/arm-none-eabi/9.2.1/../../../arm-none-eabi/lib/thumb/v6-m/nofp/libc_nano.a(lib_a-memcpy-stub.o)
 .debug_abbrev  0x0000000000006d39      0x1d9 /usr/lib/gcc/arm-none-eabi/9.2.1/../../../arm-none-eabi/lib/thumb/v6-m/nofp/libc_nano.a(lib_a-memset.o)
 .debug_abbrev  0x0000000000006f12      0x273 /usr/lib/gcc/arm-none-eabi/9.2.1/../../../arm-none-eabi/lib/thumb/v6-m/nofp/libc_nano.a(lib_a-nano-freer.o)
 .debug_abbrev  0x0000000000007185      0x2d8 /usr/lib/gcc/arm-none-eabi/9.2.1/../../../arm-none-eabi/lib/thumb/v6-m/nofp/libc_nano.a(lib_a-nano-mallocr.o)
 .debug_abbrev  0x000000000000745d      0x29f /usr/lib/gcc/arm-none-eabi/9.2.1/../../../arm-none-eabi/lib/thumb/v6-m/nofp/libc_nano.a(lib_a-printf.o)
 .debug_abbrev  0x00000000000076fc      0x2c9 /usr/lib/gcc/arm-none-eabi/9.2.1/../../../arm-none-eabi/lib/thumb/v6-m/nofp/libc_nano.a(lib_a-puts.o)
 .debug_abbrev  0x00000000000079c5      0x277 /usr/lib/gcc/arm-none-eabi/9.2.1/../../../arm-none-eabi/lib/thumb/v6-m/nofp/libc_nano.a(lib_a-wbuf.o)
 .debug_abbrev  0x0000000000007c3c      0x23a /usr/lib/gcc/arm-none-eabi/9.2.1/../../../arm-none-eabi/lib/thumb/v6-m/nofp/libc_nano.a(lib_a-wsetup.o)
 .debug_abbrev  0x0000000000007e76      0x2c4 /usr/lib/gcc/arm-none-eabi/9.2.1/../../../arm-none-eabi/lib/thumb/v6-m/nofp/libc_nano.a(lib_a-fflush.o)
 .debug_abbrev  0x000000000000813a      0x3cb /usr/lib/gcc/arm-none-eabi/9.2.1/../../../arm-none-eabi/lib/thumb/v6-m/nofp/libc_nano.a(lib_a-findfp.o)
 .debug_abbrev  0x0000000000008505      0x210 /usr/lib/gcc/arm-none-eabi/9.2.1/../../../arm-none-eabi/lib/thumb/v6-m/nofp/libc_nano.a(lib_a-fwalk.o)
 .debug_abbrev  0x0000000000008715      0x2fa /usr/lib/gcc/arm-none-eabi/9.2.1/../../../arm-none-eabi/lib/thumb/v6-m/nofp/libc_nano.a(lib_a-makebuf.o)
 .debug_abbrev  0x0000000000008a0f      0x1c5 /usr/lib/gcc/arm-none-eabi/9.2.1/../../../arm-none-eabi/lib/thumb/v6-m/nofp/libc_nano.a(lib_a-mlock.o)
 .debug_abbrev  0x0000000000008bd4      0x227 /usr/lib/gcc/arm-none-eabi/9.2.1/../../../arm-none-eabi/lib/thumb/v6-m/nofp/libc_nano.a(lib_a-nano-reallocr.o)
 .debug_abbrev  0x0000000000008dfb      0x31b /usr/lib/gcc/arm-none-eabi/9.2.1/../../../arm-none-eabi/lib/thumb/v6-m/nofp/libc_nano.a(lib_a-nano-vfprintf.o)
 .debug_abbrev  0x0000000000009116      0x30b /usr/lib/gcc/arm-none-eabi/9.2.1/../../../arm-none-eabi/lib/thumb/v6-m/nofp/libc_nano.a(lib_a-nano-vfprintf_i.o)
 .debug_abbrev  0x0000000000009421      0x24f /usr/lib/gcc/arm-none-eabi/9.2.1/../../../arm-none-eabi/lib/thumb/v6-m/nofp/libc_nano.a(lib_a-stdio.o)
 .debug_abbrev  0x0000000000009670      0x27b /usr/lib/gcc/arm-none-eabi/9.2.1/../../../arm-none-eabi/lib/thumb/v6-m/nofp/libc_nano.a(lib_a-fvwrite.o)
 .debug_abbrev  0x00000000000098eb      0x1d7 /usr/lib/gcc/arm-none-eabi/9.2.1/../../../arm-none-eabi/lib/thumb/v6-m/nofp/libc_nano.a(lib_a-memchr-stub.o)
 .debug_abbrev  0x0000000000009ac2      0x1de /usr/lib/gcc/arm-none-eabi/9.2.1/../../../arm-none-eabi/lib/thumb/v6-m/nofp/libc_nano.a(lib_a-memmove.o)
 .debug_abbrev  0x0000000000009ca0      0x1e5 /usr/lib/gcc/arm-none-eabi/9.2.1/../../../arm-none-eabi/lib/thumb/v6-m/nofp/libc_nano.a(lib_a-nano-msizer.o)

.debug_loc      0x0000000000000000     0x9a86
 .debug_loc     0x0000000000000000      0x1bd /home/student/riot-lab/lab/threading_irq/part_3/bin/b-l072z-lrwan1/application_lab/main.o
 .debug_loc     0x00000000000001bd       0x2a /home/student/riot-lab/lab/threading_irq/part_3/bin/b-l072z-lrwan1/board/board.o
 .debug_loc     0x00000000000001e7      0x149 /home/student/riot-lab/lab/threading_irq/part_3/bin/b-l072z-lrwan1/core/bitarithm.o
 .debug_loc     0x0000000000000330       0x4f /home/student/riot-lab/lab/threading_irq/part_3/bin/b-l072z-lrwan1/core/init.o
 .debug_loc     0x000000000000037f      0x837 /home/student/riot-lab/lab/threading_irq/part_3/bin/b-l072z-lrwan1/core/mutex.o
 .debug_loc     0x0000000000000bb6       0x86 /home/student/riot-lab/lab/threading_irq/part_3/bin/b-l072z-lrwan1/core/panic.o
 .debug_loc     0x0000000000000c3c      0x280 /home/student/riot-lab/lab/threading_irq/part_3/bin/b-l072z-lrwan1/core/sched.o
 .debug_loc     0x0000000000000ebc      0x9e9 /home/student/riot-lab/lab/threading_irq/part_3/bin/b-l072z-lrwan1/core/thread.o
 .debug_loc     0x00000000000018a5      0x184 /home/student/riot-lab/lab/threading_irq/part_3/bin/b-l072z-lrwan1/cortexm_common/cortexm_init.o
 .debug_loc     0x0000000000001a29       0x63 /home/student/riot-lab/lab/threading_irq/part_3/bin/b-l072z-lrwan1/cortexm_common/panic.o
 .debug_loc     0x0000000000001a8c      0x3cf /home/student/riot-lab/lab/threading_irq/part_3/bin/b-l072z-lrwan1/cortexm_common/thread_arch.o
 .debug_loc     0x0000000000001e5b      0x400 /home/student/riot-lab/lab/threading_irq/part_3/bin/b-l072z-lrwan1/cortexm_common/vectors_cortexm.o
 .debug_loc     0x000000000000225b      0x125 /home/student/riot-lab/lab/threading_irq/part_3/bin/b-l072z-lrwan1/cpu/cpu_common.o
 .debug_loc     0x0000000000002380       0x2a /home/student/riot-lab/lab/threading_irq/part_3/bin/b-l072z-lrwan1/cpu/cpu_init.o
 .debug_loc     0x00000000000023aa      0x703 /home/student/riot-lab/lab/threading_irq/part_3/bin/b-l072z-lrwan1/newlib_syscalls_default/syscalls.o
 .debug_loc     0x0000000000002aad       0x2a /home/student/riot-lab/lab/threading_irq/part_3/bin/b-l072z-lrwan1/periph_common/init.o
 .debug_loc     0x0000000000002ad7      0x7dc /home/student/riot-lab/lab/threading_irq/part_3/bin/b-l072z-lrwan1/periph/gpio_all.o
 .debug_loc     0x00000000000032b3      0x156 /home/student/riot-lab/lab/threading_irq/part_3/bin/b-l072z-lrwan1/periph/pm.o
 .debug_loc     0x0000000000003409      0x3ef /home/student/riot-lab/lab/threading_irq/part_3/bin/b-l072z-lrwan1/periph/timer.o
 .debug_loc     0x00000000000037f8      0x57a /home/student/riot-lab/lab/threading_irq/part_3/bin/b-l072z-lrwan1/periph/uart.o
 .debug_loc     0x0000000000003d72      0x24f /home/student/riot-lab/lab/threading_irq/part_3/bin/b-l072z-lrwan1/pm_layered/pm.o
 .debug_loc     0x0000000000003fc1       0xbd /home/student/riot-lab/lab/threading_irq/part_3/bin/b-l072z-lrwan1/stdio_uart/stdio_uart.o
 .debug_loc     0x000000000000407e       0x2a /home/student/riot-lab/lab/threading_irq/part_3/bin/b-l072z-lrwan1/stm32_clk/stmclk_common.o
 .debug_loc     0x00000000000040a8       0x93 /home/student/riot-lab/lab/threading_irq/part_3/bin/b-l072z-lrwan1/stm32_clk/stmclk_l0l1.o
 .debug_loc     0x000000000000413b      0x7b9 /home/student/riot-lab/lab/threading_irq/part_3/bin/b-l072z-lrwan1/xtimer/xtimer_core.o
 .debug_loc     0x00000000000048f4     0x1026 /home/student/riot-lab/lab/threading_irq/part_3/bin/b-l072z-lrwan1/xtimer/xtimer.o
 .debug_loc     0x000000000000591a       0x98 /usr/lib/gcc/arm-none-eabi/9.2.1/../../../arm-none-eabi/lib/thumb/v6-m/nofp/libc_nano.a(lib_a-init.o)
 .debug_loc     0x00000000000059b2      0x481 /usr/lib/gcc/arm-none-eabi/9.2.1/../../../arm-none-eabi/lib/thumb/v6-m/nofp/libc_nano.a(lib_a-memcpy-stub.o)
 .debug_loc     0x0000000000005e33      0x2df /usr/lib/gcc/arm-none-eabi/9.2.1/../../../arm-none-eabi/lib/thumb/v6-m/nofp/libc_nano.a(lib_a-memset.o)
 .debug_loc     0x0000000000006112      0x1ca /usr/lib/gcc/arm-none-eabi/9.2.1/../../../arm-none-eabi/lib/thumb/v6-m/nofp/libc_nano.a(lib_a-nano-freer.o)
 .debug_loc     0x00000000000062dc      0x2cc /usr/lib/gcc/arm-none-eabi/9.2.1/../../../arm-none-eabi/lib/thumb/v6-m/nofp/libc_nano.a(lib_a-nano-mallocr.o)
 .debug_loc     0x00000000000065a8       0x98 /usr/lib/gcc/arm-none-eabi/9.2.1/../../../arm-none-eabi/lib/thumb/v6-m/nofp/libc_nano.a(lib_a-printf.o)
 .debug_loc     0x0000000000006640      0x2ad /usr/lib/gcc/arm-none-eabi/9.2.1/../../../arm-none-eabi/lib/thumb/v6-m/nofp/libc_nano.a(lib_a-puts.o)
 .debug_loc     0x00000000000068ed      0x1a3 /usr/lib/gcc/arm-none-eabi/9.2.1/../../../arm-none-eabi/lib/thumb/v6-m/nofp/libc_nano.a(lib_a-wbuf.o)
 .debug_loc     0x0000000000006a90       0xaa /usr/lib/gcc/arm-none-eabi/9.2.1/../../../arm-none-eabi/lib/thumb/v6-m/nofp/libc_nano.a(lib_a-wsetup.o)
 .debug_loc     0x0000000000006b3a      0x36e /usr/lib/gcc/arm-none-eabi/9.2.1/../../../arm-none-eabi/lib/thumb/v6-m/nofp/libc_nano.a(lib_a-fflush.o)
 .debug_loc     0x0000000000006ea8      0x373 /usr/lib/gcc/arm-none-eabi/9.2.1/../../../arm-none-eabi/lib/thumb/v6-m/nofp/libc_nano.a(lib_a-findfp.o)
 .debug_loc     0x000000000000721b      0x1f2 /usr/lib/gcc/arm-none-eabi/9.2.1/../../../arm-none-eabi/lib/thumb/v6-m/nofp/libc_nano.a(lib_a-fwalk.o)
 .debug_loc     0x000000000000740d      0x223 /usr/lib/gcc/arm-none-eabi/9.2.1/../../../arm-none-eabi/lib/thumb/v6-m/nofp/libc_nano.a(lib_a-makebuf.o)
 .debug_loc     0x0000000000007630      0x17b /usr/lib/gcc/arm-none-eabi/9.2.1/../../../arm-none-eabi/lib/thumb/v6-m/nofp/libc_nano.a(lib_a-nano-reallocr.o)
 .debug_loc     0x00000000000077ab      0x852 /usr/lib/gcc/arm-none-eabi/9.2.1/../../../arm-none-eabi/lib/thumb/v6-m/nofp/libc_nano.a(lib_a-nano-vfprintf.o)
 .debug_loc     0x0000000000007ffd      0x849 /usr/lib/gcc/arm-none-eabi/9.2.1/../../../arm-none-eabi/lib/thumb/v6-m/nofp/libc_nano.a(lib_a-nano-vfprintf_i.o)
 .debug_loc     0x0000000000008846      0x3f5 /usr/lib/gcc/arm-none-eabi/9.2.1/../../../arm-none-eabi/lib/thumb/v6-m/nofp/libc_nano.a(lib_a-stdio.o)
 .debug_loc     0x0000000000008c3b      0x6c4 /usr/lib/gcc/arm-none-eabi/9.2.1/../../../arm-none-eabi/lib/thumb/v6-m/nofp/libc_nano.a(lib_a-fvwrite.o)
 .debug_loc     0x00000000000092ff      0x1b3 /usr/lib/gcc/arm-none-eabi/9.2.1/../../../arm-none-eabi/lib/thumb/v6-m/nofp/libc_nano.a(lib_a-memchr-stub.o)
 .debug_loc     0x00000000000094b2      0x508 /usr/lib/gcc/arm-none-eabi/9.2.1/../../../arm-none-eabi/lib/thumb/v6-m/nofp/libc_nano.a(lib_a-memmove.o)
 .debug_loc     0x00000000000099ba       0xcc /usr/lib/gcc/arm-none-eabi/9.2.1/../../../arm-none-eabi/lib/thumb/v6-m/nofp/libc_nano.a(lib_a-nano-msizer.o)

.debug_aranges  0x0000000000000000      0xb68
 .debug_aranges
                0x0000000000000000       0x38 /home/student/riot-lab/lab/threading_irq/part_3/bin/b-l072z-lrwan1/application_lab/main.o
 .debug_aranges
                0x0000000000000038       0x20 /home/student/riot-lab/lab/threading_irq/part_3/bin/b-l072z-lrwan1/auto_init/auto_init.o
 .debug_aranges
                0x0000000000000058       0x28 /home/student/riot-lab/lab/threading_irq/part_3/bin/b-l072z-lrwan1/board/board.o
 .debug_aranges
                0x0000000000000080       0x28 /home/student/riot-lab/lab/threading_irq/part_3/bin/b-l072z-lrwan1/core/bitarithm.o
 .debug_aranges
                0x00000000000000a8       0x30 /home/student/riot-lab/lab/threading_irq/part_3/bin/b-l072z-lrwan1/core/init.o
 .debug_aranges
                0x00000000000000d8       0x50 /home/student/riot-lab/lab/threading_irq/part_3/bin/b-l072z-lrwan1/core/mutex.o
 .debug_aranges
                0x0000000000000128       0x38 /home/student/riot-lab/lab/threading_irq/part_3/bin/b-l072z-lrwan1/core/panic.o
 .debug_aranges
                0x0000000000000160       0x40 /home/student/riot-lab/lab/threading_irq/part_3/bin/b-l072z-lrwan1/core/sched.o
 .debug_aranges
                0x00000000000001a0       0x78 /home/student/riot-lab/lab/threading_irq/part_3/bin/b-l072z-lrwan1/core/thread.o
 .debug_aranges
                0x0000000000000218       0x30 /home/student/riot-lab/lab/threading_irq/part_3/bin/b-l072z-lrwan1/cortexm_common/cortexm_init.o
 .debug_aranges
                0x0000000000000248       0x28 /home/student/riot-lab/lab/threading_irq/part_3/bin/b-l072z-lrwan1/cortexm_common/panic.o
 .debug_aranges
                0x0000000000000270       0x68 /home/student/riot-lab/lab/threading_irq/part_3/bin/b-l072z-lrwan1/cortexm_common/thread_arch.o
 .debug_aranges
                0x00000000000002d8       0x50 /home/student/riot-lab/lab/threading_irq/part_3/bin/b-l072z-lrwan1/cortexm_common/vectors_cortexm.o
 .debug_aranges
                0x0000000000000328       0x40 /home/student/riot-lab/lab/threading_irq/part_3/bin/b-l072z-lrwan1/cpu/cpu_common.o
 .debug_aranges
                0x0000000000000368       0x30 /home/student/riot-lab/lab/threading_irq/part_3/bin/b-l072z-lrwan1/cpu/cpu_init.o
 .debug_aranges
                0x0000000000000398       0xc8 /home/student/riot-lab/lab/threading_irq/part_3/bin/b-l072z-lrwan1/newlib_syscalls_default/syscalls.o
 .debug_aranges
                0x0000000000000460       0x28 /home/student/riot-lab/lab/threading_irq/part_3/bin/b-l072z-lrwan1/periph_common/init.o
 .debug_aranges
                0x0000000000000488       0x80 /home/student/riot-lab/lab/threading_irq/part_3/bin/b-l072z-lrwan1/periph/gpio_all.o
 .debug_aranges
                0x0000000000000508       0x28 /home/student/riot-lab/lab/threading_irq/part_3/bin/b-l072z-lrwan1/periph/pm.o
 .debug_aranges
                0x0000000000000530       0x58 /home/student/riot-lab/lab/threading_irq/part_3/bin/b-l072z-lrwan1/periph/timer.o
 .debug_aranges
                0x0000000000000588       0x60 /home/student/riot-lab/lab/threading_irq/part_3/bin/b-l072z-lrwan1/periph/uart.o
 .debug_aranges
                0x00000000000005e8       0x48 /home/student/riot-lab/lab/threading_irq/part_3/bin/b-l072z-lrwan1/pm_layered/pm.o
 .debug_aranges
                0x0000000000000630       0x38 /home/student/riot-lab/lab/threading_irq/part_3/bin/b-l072z-lrwan1/stdio_uart/stdio_uart.o
 .debug_aranges
                0x0000000000000668       0x50 /home/student/riot-lab/lab/threading_irq/part_3/bin/b-l072z-lrwan1/stm32_clk/stmclk_common.o
 .debug_aranges
                0x00000000000006b8       0x28 /home/student/riot-lab/lab/threading_irq/part_3/bin/b-l072z-lrwan1/stm32_clk/stmclk_l0l1.o
 .debug_aranges
                0x00000000000006e0       0x20 /home/student/riot-lab/lab/threading_irq/part_3/bin/b-l072z-lrwan1/stm32_vectors/STM32L072xx.o
 .debug_aranges
                0x0000000000000700       0x68 /home/student/riot-lab/lab/threading_irq/part_3/bin/b-l072z-lrwan1/xtimer/xtimer_core.o
 .debug_aranges
                0x0000000000000768       0xa8 /home/student/riot-lab/lab/threading_irq/part_3/bin/b-l072z-lrwan1/xtimer/xtimer.o
 .debug_aranges
                0x0000000000000810       0x20 /usr/lib/gcc/arm-none-eabi/9.2.1/thumb/v6-m/nofp/libgcc.a(_thumb1_case_uqi.o)
 .debug_aranges
                0x0000000000000830       0x20 /usr/lib/gcc/arm-none-eabi/9.2.1/thumb/v6-m/nofp/libgcc.a(_udivsi3.o)
 .debug_aranges
                0x0000000000000850       0x20 /usr/lib/gcc/arm-none-eabi/9.2.1/thumb/v6-m/nofp/libgcc.a(_divsi3.o)
 .debug_aranges
                0x0000000000000870       0x20 /usr/lib/gcc/arm-none-eabi/9.2.1/thumb/v6-m/nofp/libgcc.a(_dvmd_tls.o)
 .debug_aranges
                0x0000000000000890       0x18 /usr/lib/gcc/arm-none-eabi/9.2.1/../../../arm-none-eabi/lib/thumb/v6-m/nofp/libc_nano.a(lib_a-impure.o)
 .debug_aranges
                0x00000000000008a8       0x20 /usr/lib/gcc/arm-none-eabi/9.2.1/../../../arm-none-eabi/lib/thumb/v6-m/nofp/libc_nano.a(lib_a-init.o)
 .debug_aranges
                0x00000000000008c8       0x20 /usr/lib/gcc/arm-none-eabi/9.2.1/../../../arm-none-eabi/lib/thumb/v6-m/nofp/libc_nano.a(lib_a-memcpy-stub.o)
 .debug_aranges
                0x00000000000008e8       0x20 /usr/lib/gcc/arm-none-eabi/9.2.1/../../../arm-none-eabi/lib/thumb/v6-m/nofp/libc_nano.a(lib_a-memset.o)
 .debug_aranges
                0x0000000000000908       0x20 /usr/lib/gcc/arm-none-eabi/9.2.1/../../../arm-none-eabi/lib/thumb/v6-m/nofp/libc_nano.a(lib_a-nano-freer.o)
 .debug_aranges
                0x0000000000000928       0x20 /usr/lib/gcc/arm-none-eabi/9.2.1/../../../arm-none-eabi/lib/thumb/v6-m/nofp/libc_nano.a(lib_a-nano-mallocr.o)
 .debug_aranges
                0x0000000000000948       0x20 /usr/lib/gcc/arm-none-eabi/9.2.1/../../../arm-none-eabi/lib/thumb/v6-m/nofp/libc_nano.a(lib_a-printf.o)
 .debug_aranges
                0x0000000000000968       0x20 /usr/lib/gcc/arm-none-eabi/9.2.1/../../../arm-none-eabi/lib/thumb/v6-m/nofp/libc_nano.a(lib_a-puts.o)
 .debug_aranges
                0x0000000000000988       0x20 /usr/lib/gcc/arm-none-eabi/9.2.1/../../../arm-none-eabi/lib/thumb/v6-m/nofp/libc_nano.a(lib_a-wbuf.o)
 .debug_aranges
                0x00000000000009a8       0x20 /usr/lib/gcc/arm-none-eabi/9.2.1/../../../arm-none-eabi/lib/thumb/v6-m/nofp/libc_nano.a(lib_a-wsetup.o)
 .debug_aranges
                0x00000000000009c8       0x20 /usr/lib/gcc/arm-none-eabi/9.2.1/../../../arm-none-eabi/lib/thumb/v6-m/nofp/libc_nano.a(lib_a-fflush.o)
 .debug_aranges
                0x00000000000009e8       0x20 /usr/lib/gcc/arm-none-eabi/9.2.1/../../../arm-none-eabi/lib/thumb/v6-m/nofp/libc_nano.a(lib_a-findfp.o)
 .debug_aranges
                0x0000000000000a08       0x20 /usr/lib/gcc/arm-none-eabi/9.2.1/../../../arm-none-eabi/lib/thumb/v6-m/nofp/libc_nano.a(lib_a-fwalk.o)
 .debug_aranges
                0x0000000000000a28       0x20 /usr/lib/gcc/arm-none-eabi/9.2.1/../../../arm-none-eabi/lib/thumb/v6-m/nofp/libc_nano.a(lib_a-makebuf.o)
 .debug_aranges
                0x0000000000000a48       0x20 /usr/lib/gcc/arm-none-eabi/9.2.1/../../../arm-none-eabi/lib/thumb/v6-m/nofp/libc_nano.a(lib_a-mlock.o)
 .debug_aranges
                0x0000000000000a68       0x20 /usr/lib/gcc/arm-none-eabi/9.2.1/../../../arm-none-eabi/lib/thumb/v6-m/nofp/libc_nano.a(lib_a-nano-reallocr.o)
 .debug_aranges
                0x0000000000000a88       0x20 /usr/lib/gcc/arm-none-eabi/9.2.1/../../../arm-none-eabi/lib/thumb/v6-m/nofp/libc_nano.a(lib_a-nano-vfprintf.o)
 .debug_aranges
                0x0000000000000aa8       0x20 /usr/lib/gcc/arm-none-eabi/9.2.1/../../../arm-none-eabi/lib/thumb/v6-m/nofp/libc_nano.a(lib_a-nano-vfprintf_i.o)
 .debug_aranges
                0x0000000000000ac8       0x20 /usr/lib/gcc/arm-none-eabi/9.2.1/../../../arm-none-eabi/lib/thumb/v6-m/nofp/libc_nano.a(lib_a-stdio.o)
 .debug_aranges
                0x0000000000000ae8       0x20 /usr/lib/gcc/arm-none-eabi/9.2.1/../../../arm-none-eabi/lib/thumb/v6-m/nofp/libc_nano.a(lib_a-fvwrite.o)
 .debug_aranges
                0x0000000000000b08       0x20 /usr/lib/gcc/arm-none-eabi/9.2.1/../../../arm-none-eabi/lib/thumb/v6-m/nofp/libc_nano.a(lib_a-memchr-stub.o)
 .debug_aranges
                0x0000000000000b28       0x20 /usr/lib/gcc/arm-none-eabi/9.2.1/../../../arm-none-eabi/lib/thumb/v6-m/nofp/libc_nano.a(lib_a-memmove.o)
 .debug_aranges
                0x0000000000000b48       0x20 /usr/lib/gcc/arm-none-eabi/9.2.1/../../../arm-none-eabi/lib/thumb/v6-m/nofp/libc_nano.a(lib_a-nano-msizer.o)

.debug_ranges   0x0000000000000000     0x1d48
 .debug_ranges  0x0000000000000000       0x58 /home/student/riot-lab/lab/threading_irq/part_3/bin/b-l072z-lrwan1/application_lab/main.o
 .debug_ranges  0x0000000000000058       0x28 /home/student/riot-lab/lab/threading_irq/part_3/bin/b-l072z-lrwan1/auto_init/auto_init.o
 .debug_ranges  0x0000000000000080       0x18 /home/student/riot-lab/lab/threading_irq/part_3/bin/b-l072z-lrwan1/board/board.o
 .debug_ranges  0x0000000000000098       0x18 /home/student/riot-lab/lab/threading_irq/part_3/bin/b-l072z-lrwan1/core/bitarithm.o
 .debug_ranges  0x00000000000000b0       0x50 /home/student/riot-lab/lab/threading_irq/part_3/bin/b-l072z-lrwan1/core/init.o
 .debug_ranges  0x0000000000000100      0x2a8 /home/student/riot-lab/lab/threading_irq/part_3/bin/b-l072z-lrwan1/core/mutex.o
 .debug_ranges  0x00000000000003a8       0x28 /home/student/riot-lab/lab/threading_irq/part_3/bin/b-l072z-lrwan1/core/panic.o
 .debug_ranges  0x00000000000003d0      0x160 /home/student/riot-lab/lab/threading_irq/part_3/bin/b-l072z-lrwan1/core/sched.o
 .debug_ranges  0x0000000000000530      0x2b0 /home/student/riot-lab/lab/threading_irq/part_3/bin/b-l072z-lrwan1/core/thread.o
 .debug_ranges  0x00000000000007e0      0x110 /home/student/riot-lab/lab/threading_irq/part_3/bin/b-l072z-lrwan1/cortexm_common/cortexm_init.o
 .debug_ranges  0x00000000000008f0       0x48 /home/student/riot-lab/lab/threading_irq/part_3/bin/b-l072z-lrwan1/cortexm_common/panic.o
 .debug_ranges  0x0000000000000938       0x88 /home/student/riot-lab/lab/threading_irq/part_3/bin/b-l072z-lrwan1/cortexm_common/thread_arch.o
 .debug_ranges  0x00000000000009c0       0x58 /home/student/riot-lab/lab/threading_irq/part_3/bin/b-l072z-lrwan1/cortexm_common/vectors_cortexm.o
 .debug_ranges  0x0000000000000a18       0x30 /home/student/riot-lab/lab/threading_irq/part_3/bin/b-l072z-lrwan1/cpu/cpu_common.o
 .debug_ranges  0x0000000000000a48       0x20 /home/student/riot-lab/lab/threading_irq/part_3/bin/b-l072z-lrwan1/cpu/cpu_init.o
 .debug_ranges  0x0000000000000a68      0x218 /home/student/riot-lab/lab/threading_irq/part_3/bin/b-l072z-lrwan1/newlib_syscalls_default/syscalls.o
 .debug_ranges  0x0000000000000c80       0x18 /home/student/riot-lab/lab/threading_irq/part_3/bin/b-l072z-lrwan1/periph_common/init.o
 .debug_ranges  0x0000000000000c98      0x308 /home/student/riot-lab/lab/threading_irq/part_3/bin/b-l072z-lrwan1/periph/gpio_all.o
 .debug_ranges  0x0000000000000fa0       0x60 /home/student/riot-lab/lab/threading_irq/part_3/bin/b-l072z-lrwan1/periph/pm.o
 .debug_ranges  0x0000000000001000      0x150 /home/student/riot-lab/lab/threading_irq/part_3/bin/b-l072z-lrwan1/periph/timer.o
 .debug_ranges  0x0000000000001150      0x160 /home/student/riot-lab/lab/threading_irq/part_3/bin/b-l072z-lrwan1/periph/uart.o
 .debug_ranges  0x00000000000012b0       0xe8 /home/student/riot-lab/lab/threading_irq/part_3/bin/b-l072z-lrwan1/pm_layered/pm.o
 .debug_ranges  0x0000000000001398       0x28 /home/student/riot-lab/lab/threading_irq/part_3/bin/b-l072z-lrwan1/stdio_uart/stdio_uart.o
 .debug_ranges  0x00000000000013c0       0x40 /home/student/riot-lab/lab/threading_irq/part_3/bin/b-l072z-lrwan1/stm32_clk/stmclk_common.o
 .debug_ranges  0x0000000000001400       0x60 /home/student/riot-lab/lab/threading_irq/part_3/bin/b-l072z-lrwan1/stm32_clk/stmclk_l0l1.o
 .debug_ranges  0x0000000000001460       0x10 /home/student/riot-lab/lab/threading_irq/part_3/bin/b-l072z-lrwan1/stm32_vectors/STM32L072xx.o
 .debug_ranges  0x0000000000001470      0x1e0 /home/student/riot-lab/lab/threading_irq/part_3/bin/b-l072z-lrwan1/xtimer/xtimer_core.o
 .debug_ranges  0x0000000000001650      0x3d0 /home/student/riot-lab/lab/threading_irq/part_3/bin/b-l072z-lrwan1/xtimer/xtimer.o
 .debug_ranges  0x0000000000001a20       0x18 /usr/lib/gcc/arm-none-eabi/9.2.1/../../../arm-none-eabi/lib/thumb/v6-m/nofp/libc_nano.a(lib_a-nano-freer.o)
 .debug_ranges  0x0000000000001a38       0x38 /usr/lib/gcc/arm-none-eabi/9.2.1/../../../arm-none-eabi/lib/thumb/v6-m/nofp/libc_nano.a(lib_a-nano-mallocr.o)
 .debug_ranges  0x0000000000001a70       0x60 /usr/lib/gcc/arm-none-eabi/9.2.1/../../../arm-none-eabi/lib/thumb/v6-m/nofp/libc_nano.a(lib_a-puts.o)
 .debug_ranges  0x0000000000001ad0       0x30 /usr/lib/gcc/arm-none-eabi/9.2.1/../../../arm-none-eabi/lib/thumb/v6-m/nofp/libc_nano.a(lib_a-wbuf.o)
 .debug_ranges  0x0000000000001b00       0x38 /usr/lib/gcc/arm-none-eabi/9.2.1/../../../arm-none-eabi/lib/thumb/v6-m/nofp/libc_nano.a(lib_a-wsetup.o)
 .debug_ranges  0x0000000000001b38       0x48 /usr/lib/gcc/arm-none-eabi/9.2.1/../../../arm-none-eabi/lib/thumb/v6-m/nofp/libc_nano.a(lib_a-fflush.o)
 .debug_ranges  0x0000000000001b80       0xb8 /usr/lib/gcc/arm-none-eabi/9.2.1/../../../arm-none-eabi/lib/thumb/v6-m/nofp/libc_nano.a(lib_a-findfp.o)
 .debug_ranges  0x0000000000001c38       0x30 /usr/lib/gcc/arm-none-eabi/9.2.1/../../../arm-none-eabi/lib/thumb/v6-m/nofp/libc_nano.a(lib_a-nano-vfprintf.o)
 .debug_ranges  0x0000000000001c68       0xc0 /usr/lib/gcc/arm-none-eabi/9.2.1/../../../arm-none-eabi/lib/thumb/v6-m/nofp/libc_nano.a(lib_a-nano-vfprintf_i.o)
 .debug_ranges  0x0000000000001d28       0x20 /usr/lib/gcc/arm-none-eabi/9.2.1/../../../arm-none-eabi/lib/thumb/v6-m/nofp/libc_nano.a(lib_a-fvwrite.o)

.debug_macro    0x0000000000000000    0x265c5
 .debug_macro   0x0000000000000000      0x432 /home/student/riot-lab/lab/threading_irq/part_3/bin/b-l072z-lrwan1/application_lab/main.o
 .debug_macro   0x0000000000000432      0xad8 /home/student/riot-lab/lab/threading_irq/part_3/bin/b-l072z-lrwan1/application_lab/main.o
 .debug_macro   0x0000000000000f0a      0x136 /home/student/riot-lab/lab/threading_irq/part_3/bin/b-l072z-lrwan1/application_lab/main.o
 .debug_macro   0x0000000000001040       0x22 /home/student/riot-lab/lab/threading_irq/part_3/bin/b-l072z-lrwan1/application_lab/main.o
 .debug_macro   0x0000000000001062       0x46 /home/student/riot-lab/lab/threading_irq/part_3/bin/b-l072z-lrwan1/application_lab/main.o
 .debug_macro   0x00000000000010a8       0x18 /home/student/riot-lab/lab/threading_irq/part_3/bin/b-l072z-lrwan1/application_lab/main.o
 .debug_macro   0x00000000000010c0       0x5c /home/student/riot-lab/lab/threading_irq/part_3/bin/b-l072z-lrwan1/application_lab/main.o
 .debug_macro   0x000000000000111c       0x3c /home/student/riot-lab/lab/threading_irq/part_3/bin/b-l072z-lrwan1/application_lab/main.o
 .debug_macro   0x0000000000001158       0x34 /home/student/riot-lab/lab/threading_irq/part_3/bin/b-l072z-lrwan1/application_lab/main.o
 .debug_macro   0x000000000000118c       0x16 /home/student/riot-lab/lab/threading_irq/part_3/bin/b-l072z-lrwan1/application_lab/main.o
 .debug_macro   0x00000000000011a2       0x57 /home/student/riot-lab/lab/threading_irq/part_3/bin/b-l072z-lrwan1/application_lab/main.o
 .debug_macro   0x00000000000011f9       0x97 /home/student/riot-lab/lab/threading_irq/part_3/bin/b-l072z-lrwan1/application_lab/main.o
 .debug_macro   0x0000000000001290      0x339 /home/student/riot-lab/lab/threading_irq/part_3/bin/b-l072z-lrwan1/application_lab/main.o
 .debug_macro   0x00000000000015c9       0xfd /home/student/riot-lab/lab/threading_irq/part_3/bin/b-l072z-lrwan1/application_lab/main.o
 .debug_macro   0x00000000000016c6       0x10 /home/student/riot-lab/lab/threading_irq/part_3/bin/b-l072z-lrwan1/application_lab/main.o
 .debug_macro   0x00000000000016d6       0x16 /home/student/riot-lab/lab/threading_irq/part_3/bin/b-l072z-lrwan1/application_lab/main.o
 .debug_macro   0x00000000000016ec       0x43 /home/student/riot-lab/lab/threading_irq/part_3/bin/b-l072z-lrwan1/application_lab/main.o
 .debug_macro   0x000000000000172f       0x34 /home/student/riot-lab/lab/threading_irq/part_3/bin/b-l072z-lrwan1/application_lab/main.o
 .debug_macro   0x0000000000001763       0x10 /home/student/riot-lab/lab/threading_irq/part_3/bin/b-l072z-lrwan1/application_lab/main.o
 .debug_macro   0x0000000000001773       0x52 /home/student/riot-lab/lab/threading_irq/part_3/bin/b-l072z-lrwan1/application_lab/main.o
 .debug_macro   0x00000000000017c5       0x71 /home/student/riot-lab/lab/threading_irq/part_3/bin/b-l072z-lrwan1/application_lab/main.o
 .debug_macro   0x0000000000001836      0x34e /home/student/riot-lab/lab/threading_irq/part_3/bin/b-l072z-lrwan1/application_lab/main.o
 .debug_macro   0x0000000000001b84       0x67 /home/student/riot-lab/lab/threading_irq/part_3/bin/b-l072z-lrwan1/application_lab/main.o
 .debug_macro   0x0000000000001beb       0x10 /home/student/riot-lab/lab/threading_irq/part_3/bin/b-l072z-lrwan1/application_lab/main.o
 .debug_macro   0x0000000000001bfb      0x12a /home/student/riot-lab/lab/threading_irq/part_3/bin/b-l072z-lrwan1/application_lab/main.o
 .debug_macro   0x0000000000001d25       0x10 /home/student/riot-lab/lab/threading_irq/part_3/bin/b-l072z-lrwan1/application_lab/main.o
 .debug_macro   0x0000000000001d35       0x6a /home/student/riot-lab/lab/threading_irq/part_3/bin/b-l072z-lrwan1/application_lab/main.o
 .debug_macro   0x0000000000001d9f       0xb2 /home/student/riot-lab/lab/threading_irq/part_3/bin/b-l072z-lrwan1/application_lab/main.o
 .debug_macro   0x0000000000001e51       0x16 /home/student/riot-lab/lab/threading_irq/part_3/bin/b-l072z-lrwan1/application_lab/main.o
 .debug_macro   0x0000000000001e67      0x114 /home/student/riot-lab/lab/threading_irq/part_3/bin/b-l072z-lrwan1/application_lab/main.o
 .debug_macro   0x0000000000001f7b       0x22 /home/student/riot-lab/lab/threading_irq/part_3/bin/b-l072z-lrwan1/application_lab/main.o
 .debug_macro   0x0000000000001f9d       0x43 /home/student/riot-lab/lab/threading_irq/part_3/bin/b-l072z-lrwan1/application_lab/main.o
 .debug_macro   0x0000000000001fe0       0x2e /home/student/riot-lab/lab/threading_irq/part_3/bin/b-l072z-lrwan1/application_lab/main.o
 .debug_macro   0x000000000000200e       0x28 /home/student/riot-lab/lab/threading_irq/part_3/bin/b-l072z-lrwan1/application_lab/main.o
 .debug_macro   0x0000000000002036       0x1c /home/student/riot-lab/lab/threading_irq/part_3/bin/b-l072z-lrwan1/application_lab/main.o
 .debug_macro   0x0000000000002052       0x22 /home/student/riot-lab/lab/threading_irq/part_3/bin/b-l072z-lrwan1/application_lab/main.o
 .debug_macro   0x0000000000002074       0xaf /home/student/riot-lab/lab/threading_irq/part_3/bin/b-l072z-lrwan1/application_lab/main.o
 .debug_macro   0x0000000000002123      0x4da /home/student/riot-lab/lab/threading_irq/part_3/bin/b-l072z-lrwan1/application_lab/main.o
 .debug_macro   0x00000000000025fd      0x11f /home/student/riot-lab/lab/threading_irq/part_3/bin/b-l072z-lrwan1/application_lab/main.o
 .debug_macro   0x000000000000271c     0xa0f6 /home/student/riot-lab/lab/threading_irq/part_3/bin/b-l072z-lrwan1/application_lab/main.o
 .debug_macro   0x000000000000c812       0x3c /home/student/riot-lab/lab/threading_irq/part_3/bin/b-l072z-lrwan1/application_lab/main.o
 .debug_macro   0x000000000000c84e       0x10 /home/student/riot-lab/lab/threading_irq/part_3/bin/b-l072z-lrwan1/application_lab/main.o
 .debug_macro   0x000000000000c85e       0x30 /home/student/riot-lab/lab/threading_irq/part_3/bin/b-l072z-lrwan1/application_lab/main.o
 .debug_macro   0x000000000000c88e      0x103 /home/student/riot-lab/lab/threading_irq/part_3/bin/b-l072z-lrwan1/application_lab/main.o
 .debug_macro   0x000000000000c991       0x35 /home/student/riot-lab/lab/threading_irq/part_3/bin/b-l072z-lrwan1/application_lab/main.o
 .debug_macro   0x000000000000c9c6      0x3c6 /home/student/riot-lab/lab/threading_irq/part_3/bin/b-l072z-lrwan1/application_lab/main.o
 .debug_macro   0x000000000000cd8c       0x37 /home/student/riot-lab/lab/threading_irq/part_3/bin/b-l072z-lrwan1/application_lab/main.o
 .debug_macro   0x000000000000cdc3       0x42 /home/student/riot-lab/lab/threading_irq/part_3/bin/b-l072z-lrwan1/application_lab/main.o
 .debug_macro   0x000000000000ce05       0x10 /home/student/riot-lab/lab/threading_irq/part_3/bin/b-l072z-lrwan1/application_lab/main.o
 .debug_macro   0x000000000000ce15       0x2e /home/student/riot-lab/lab/threading_irq/part_3/bin/b-l072z-lrwan1/application_lab/main.o
 .debug_macro   0x000000000000ce43       0x16 /home/student/riot-lab/lab/threading_irq/part_3/bin/b-l072z-lrwan1/application_lab/main.o
 .debug_macro   0x000000000000ce59       0xb8 /home/student/riot-lab/lab/threading_irq/part_3/bin/b-l072z-lrwan1/application_lab/main.o
 .debug_macro   0x000000000000cf11       0xe8 /home/student/riot-lab/lab/threading_irq/part_3/bin/b-l072z-lrwan1/application_lab/main.o
 .debug_macro   0x000000000000cff9       0x2e /home/student/riot-lab/lab/threading_irq/part_3/bin/b-l072z-lrwan1/application_lab/main.o
 .debug_macro   0x000000000000d027       0x22 /home/student/riot-lab/lab/threading_irq/part_3/bin/b-l072z-lrwan1/application_lab/main.o
 .debug_macro   0x000000000000d049      0x1d0 /home/student/riot-lab/lab/threading_irq/part_3/bin/b-l072z-lrwan1/application_lab/main.o
 .debug_macro   0x000000000000d219       0x10 /home/student/riot-lab/lab/threading_irq/part_3/bin/b-l072z-lrwan1/application_lab/main.o
 .debug_macro   0x000000000000d229       0x22 /home/student/riot-lab/lab/threading_irq/part_3/bin/b-l072z-lrwan1/application_lab/main.o
 .debug_macro   0x000000000000d24b       0x40 /home/student/riot-lab/lab/threading_irq/part_3/bin/b-l072z-lrwan1/application_lab/main.o
 .debug_macro   0x000000000000d28b       0x28 /home/student/riot-lab/lab/threading_irq/part_3/bin/b-l072z-lrwan1/application_lab/main.o
 .debug_macro   0x000000000000d2b3       0x16 /home/student/riot-lab/lab/threading_irq/part_3/bin/b-l072z-lrwan1/application_lab/main.o
 .debug_macro   0x000000000000d2c9       0x16 /home/student/riot-lab/lab/threading_irq/part_3/bin/b-l072z-lrwan1/application_lab/main.o
 .debug_macro   0x000000000000d2df       0x3b /home/student/riot-lab/lab/threading_irq/part_3/bin/b-l072z-lrwan1/application_lab/main.o
 .debug_macro   0x000000000000d31a       0x46 /home/student/riot-lab/lab/threading_irq/part_3/bin/b-l072z-lrwan1/application_lab/main.o
 .debug_macro   0x000000000000d360       0x19 /home/student/riot-lab/lab/threading_irq/part_3/bin/b-l072z-lrwan1/application_lab/main.o
 .debug_macro   0x000000000000d379      0x118 /home/student/riot-lab/lab/threading_irq/part_3/bin/b-l072z-lrwan1/application_lab/main.o
 .debug_macro   0x000000000000d491       0x3c /home/student/riot-lab/lab/threading_irq/part_3/bin/b-l072z-lrwan1/application_lab/main.o
 .debug_macro   0x000000000000d4cd       0x1c /home/student/riot-lab/lab/threading_irq/part_3/bin/b-l072z-lrwan1/application_lab/main.o
 .debug_macro   0x000000000000d4e9       0x22 /home/student/riot-lab/lab/threading_irq/part_3/bin/b-l072z-lrwan1/application_lab/main.o
 .debug_macro   0x000000000000d50b       0x10 /home/student/riot-lab/lab/threading_irq/part_3/bin/b-l072z-lrwan1/application_lab/main.o
 .debug_macro   0x000000000000d51b       0x28 /home/student/riot-lab/lab/threading_irq/part_3/bin/b-l072z-lrwan1/application_lab/main.o
 .debug_macro   0x000000000000d543      0x1e9 /home/student/riot-lab/lab/threading_irq/part_3/bin/b-l072z-lrwan1/auto_init/auto_init.o