Archive member included to satisfy reference by file (symbol)

/usr/lib/gcc/arm-none-eabi/9.2.1/thumb/v6-m/nofp/libgcc.a(_thumb1_case_uqi.o)
                              /home/student/riot-lab/lab/threading_irq/part_1/bin/b-l072z-lrwan1/cpu/cpu_common.o (__gnu_thumb1_case_uqi)
/usr/lib/gcc/arm-none-eabi/9.2.1/thumb/v6-m/nofp/libgcc.a(_udivsi3.o)
                              /home/student/riot-lab/lab/threading_irq/part_1/bin/b-l072z-lrwan1/periph_common/rtc.o (__aeabi_uidiv)
/usr/lib/gcc/arm-none-eabi/9.2.1/thumb/v6-m/nofp/libgcc.a(_divsi3.o)
                              /home/student/riot-lab/lab/threading_irq/part_1/bin/b-l072z-lrwan1/periph_common/rtc.o (__aeabi_idivmod)
/usr/lib/gcc/arm-none-eabi/9.2.1/thumb/v6-m/nofp/libgcc.a(_dvmd_tls.o)
                              /usr/lib/gcc/arm-none-eabi/9.2.1/thumb/v6-m/nofp/libgcc.a(_udivsi3.o) (__aeabi_idiv0)
/usr/lib/gcc/arm-none-eabi/9.2.1/thumb/v6-m/nofp/libgcc.a(_muldi3.o)
                              /home/student/riot-lab/lab/threading_irq/part_1/bin/b-l072z-lrwan1/div/div.o (__aeabi_lmul)
/usr/lib/gcc/arm-none-eabi/9.2.1/../../../arm-none-eabi/lib/thumb/v6-m/nofp/libc_nano.a(lib_a-div.o)
                              /home/student/riot-lab/lab/threading_irq/part_1/bin/b-l072z-lrwan1/periph_common/rtc.o (div)
/usr/lib/gcc/arm-none-eabi/9.2.1/../../../arm-none-eabi/lib/thumb/v6-m/nofp/libc_nano.a(lib_a-errno.o)
                              /home/student/riot-lab/lab/threading_irq/part_1/bin/b-l072z-lrwan1/newlib_syscalls_default/syscalls.o (__errno)
/usr/lib/gcc/arm-none-eabi/9.2.1/../../../arm-none-eabi/lib/thumb/v6-m/nofp/libc_nano.a(lib_a-impure.o)
                              /usr/lib/gcc/arm-none-eabi/9.2.1/../../../arm-none-eabi/lib/thumb/v6-m/nofp/libc_nano.a(lib_a-errno.o) (_impure_ptr)
/usr/lib/gcc/arm-none-eabi/9.2.1/../../../arm-none-eabi/lib/thumb/v6-m/nofp/libc_nano.a(lib_a-init.o)
                              /home/student/riot-lab/lab/threading_irq/part_1/bin/b-l072z-lrwan1/cortexm_common/vectors_cortexm.o (__libc_init_array)
/usr/lib/gcc/arm-none-eabi/9.2.1/../../../arm-none-eabi/lib/thumb/v6-m/nofp/libc_nano.a(lib_a-malloc.o)
                              /home/student/riot-lab/lab/threading_irq/part_1/bin/b-l072z-lrwan1/malloc_thread_safe/malloc_wrappers.o (malloc)
/usr/lib/gcc/arm-none-eabi/9.2.1/../../../arm-none-eabi/lib/thumb/v6-m/nofp/libc_nano.a(lib_a-memcmp.o)
                              /home/student/riot-lab/lab/threading_irq/part_1/bin/b-l072z-lrwan1/core/atomic_c11.o (memcmp)
/usr/lib/gcc/arm-none-eabi/9.2.1/../../../arm-none-eabi/lib/thumb/v6-m/nofp/libc_nano.a(lib_a-memcpy-stub.o)
                              /home/student/riot-lab/lab/threading_irq/part_1/bin/b-l072z-lrwan1/core/atomic_c11.o (memcpy)
/usr/lib/gcc/arm-none-eabi/9.2.1/../../../arm-none-eabi/lib/thumb/v6-m/nofp/libc_nano.a(lib_a-memset.o)
                              /home/student/riot-lab/lab/threading_irq/part_1/bin/b-l072z-lrwan1/malloc_thread_safe/malloc_wrappers.o (memset)
/usr/lib/gcc/arm-none-eabi/9.2.1/../../../arm-none-eabi/lib/thumb/v6-m/nofp/libc_nano.a(lib_a-mstats.o)
                              /home/student/riot-lab/lab/threading_irq/part_1/bin/b-l072z-lrwan1/newlib_syscalls_default/syscalls.o (mallinfo)
/usr/lib/gcc/arm-none-eabi/9.2.1/../../../arm-none-eabi/lib/thumb/v6-m/nofp/libc_nano.a(lib_a-nano-freer.o)
                              /usr/lib/gcc/arm-none-eabi/9.2.1/../../../arm-none-eabi/lib/thumb/v6-m/nofp/libc_nano.a(lib_a-malloc.o) (_free_r)
/usr/lib/gcc/arm-none-eabi/9.2.1/../../../arm-none-eabi/lib/thumb/v6-m/nofp/libc_nano.a(lib_a-nano-mallinfor.o)
                              /usr/lib/gcc/arm-none-eabi/9.2.1/../../../arm-none-eabi/lib/thumb/v6-m/nofp/libc_nano.a(lib_a-mstats.o) (_mallinfo_r)
/usr/lib/gcc/arm-none-eabi/9.2.1/../../../arm-none-eabi/lib/thumb/v6-m/nofp/libc_nano.a(lib_a-nano-mallocr.o)
                              /usr/lib/gcc/arm-none-eabi/9.2.1/../../../arm-none-eabi/lib/thumb/v6-m/nofp/libc_nano.a(lib_a-malloc.o) (_malloc_r)
/usr/lib/gcc/arm-none-eabi/9.2.1/../../../arm-none-eabi/lib/thumb/v6-m/nofp/libc_nano.a(lib_a-nano-malloptr.o)
                              /usr/lib/gcc/arm-none-eabi/9.2.1/../../../arm-none-eabi/lib/thumb/v6-m/nofp/libc_nano.a(lib_a-mstats.o) (_mallopt_r)
/usr/lib/gcc/arm-none-eabi/9.2.1/../../../arm-none-eabi/lib/thumb/v6-m/nofp/libc_nano.a(lib_a-nano-mallstatsr.o)
                              /usr/lib/gcc/arm-none-eabi/9.2.1/../../../arm-none-eabi/lib/thumb/v6-m/nofp/libc_nano.a(lib_a-mstats.o) (_malloc_stats_r)
/usr/lib/gcc/arm-none-eabi/9.2.1/../../../arm-none-eabi/lib/thumb/v6-m/nofp/libc_nano.a(lib_a-printf.o)
                              /home/student/riot-lab/lab/threading_irq/part_1/bin/b-l072z-lrwan1/core/init.o (printf)
/usr/lib/gcc/arm-none-eabi/9.2.1/../../../arm-none-eabi/lib/thumb/v6-m/nofp/libc_nano.a(lib_a-puts.o)
                              /home/student/riot-lab/lab/threading_irq/part_1/bin/b-l072z-lrwan1/cortexm_common/vectors_cortexm.o (puts)
[...]
Memory Configuration

Name             Origin             Length             Attributes
ccmram           0x0000000010000000 0x0000000000000000
rom              0x0000000008000000 0x0000000000030000 xr
ram              0x0000000020000000 0x0000000000005000 w !xr
bkup_ram         0x0000000000000000 0x0000000000000000 w !xr
*default*        0x0000000000000000 0xffffffffffffffff

Linker script and memory map

LOAD /home/student/riot-lab/lab/threading_irq/part_1/bin/b-l072z-lrwan1/application_lab/main.o
LOAD /home/student/riot-lab/lab/threading_irq/part_1/bin/b-l072z-lrwan1/auto_init/auto_init.o
LOAD /home/student/riot-lab/lab/threading_irq/part_1/bin/b-l072z-lrwan1/board/board.o
LOAD /home/student/riot-lab/lab/threading_irq/part_1/bin/b-l072z-lrwan1/core/assert.o
LOAD /home/student/riot-lab/lab/threading_irq/part_1/bin/b-l072z-lrwan1/core/atomic_c11.o
LOAD /home/student/riot-lab/lab/threading_irq/part_1/bin/b-l072z-lrwan1/core/atomic_sync.o
LOAD /home/student/riot-lab/lab/threading_irq/part_1/bin/b-l072z-lrwan1/core/bitarithm.o
LOAD /home/student/riot-lab/lab/threading_irq/part_1/bin/b-l072z-lrwan1/core/clist.o
LOAD /home/student/riot-lab/lab/threading_irq/part_1/bin/b-l072z-lrwan1/core/cond.o
LOAD /home/student/riot-lab/lab/threading_irq/part_1/bin/b-l072z-lrwan1/core/init.o
LOAD /home/student/riot-lab/lab/threading_irq/part_1/bin/b-l072z-lrwan1/core/msg.o
LOAD /home/student/riot-lab/lab/threading_irq/part_1/bin/b-l072z-lrwan1/core/mutex.o
LOAD /home/student/riot-lab/lab/threading_irq/part_1/bin/b-l072z-lrwan1/core/panic.o
LOAD /home/student/riot-lab/lab/threading_irq/part_1/bin/b-l072z-lrwan1/core/priority_queue.o
LOAD /home/student/riot-lab/lab/threading_irq/part_1/bin/b-l072z-lrwan1/core/ringbuffer.o
LOAD /home/student/riot-lab/lab/threading_irq/part_1/bin/b-l072z-lrwan1/core/rmutex.o
LOAD /home/student/riot-lab/lab/threading_irq/part_1/bin/b-l072z-lrwan1/core/sched.o
LOAD /home/student/riot-lab/lab/threading_irq/part_1/bin/b-l072z-lrwan1/core/thread.o
LOAD /home/student/riot-lab/lab/threading_irq/part_1/bin/b-l072z-lrwan1/cortexm_common/cortexm_init.o
LOAD /home/student/riot-lab/lab/threading_irq/part_1/bin/b-l072z-lrwan1/cortexm_common/mpu.o
LOAD /home/student/riot-lab/lab/threading_irq/part_1/bin/b-l072z-lrwan1/cortexm_common/panic.o
LOAD /home/student/riot-lab/lab/threading_irq/part_1/bin/b-l072z-lrwan1/cortexm_common_periph/pm.o
LOAD /home/student/riot-lab/lab/threading_irq/part_1/bin/b-l072z-lrwan1/cortexm_common/thread_arch.o
LOAD /home/student/riot-lab/lab/threading_irq/part_1/bin/b-l072z-lrwan1/cortexm_common/vectors_cortexm.o
LOAD /home/student/riot-lab/lab/threading_irq/part_1/bin/b-l072z-lrwan1/cpu/cpu_common.o
LOAD /home/student/riot-lab/lab/threading_irq/part_1/bin/b-l072z-lrwan1/cpu/cpu_init.o
LOAD /home/student/riot-lab/lab/threading_irq/part_1/bin/b-l072z-lrwan1/div/div.o
LOAD /home/student/riot-lab/lab/threading_irq/part_1/bin/b-l072z-lrwan1/malloc_thread_safe/malloc_wrappers.o
LOAD /home/student/riot-lab/lab/threading_irq/part_1/bin/b-l072z-lrwan1/newlib_syscalls_default/syscalls.o
LOAD /home/student/riot-lab/lab/threading_irq/part_1/bin/b-l072z-lrwan1/periph_common/cpuid.o
LOAD /home/student/riot-lab/lab/threading_irq/part_1/bin/b-l072z-lrwan1/periph_common/eeprom.o
LOAD /home/student/riot-lab/lab/threading_irq/part_1/bin/b-l072z-lrwan1/periph_common/flashpage.o
LOAD /home/student/riot-lab/lab/threading_irq/part_1/bin/b-l072z-lrwan1/periph_common/gpio_util.o
LOAD /home/student/riot-lab/lab/threading_irq/part_1/bin/b-l072z-lrwan1/periph_common/i2c.o
LOAD /home/student/riot-lab/lab/threading_irq/part_1/bin/b-l072z-lrwan1/periph_common/init.o
LOAD /home/student/riot-lab/lab/threading_irq/part_1/bin/b-l072z-lrwan1/periph_common/pm.o
LOAD /home/student/riot-lab/lab/threading_irq/part_1/bin/b-l072z-lrwan1/periph_common/ptp.o
LOAD /home/student/riot-lab/lab/threading_irq/part_1/bin/b-l072z-lrwan1/periph_common/rtc.o
LOAD /home/student/riot-lab/lab/threading_irq/part_1/bin/b-l072z-lrwan1/periph_common/spi.o
LOAD /home/student/riot-lab/lab/threading_irq/part_1/bin/b-l072z-lrwan1/periph_common/timer.o
LOAD /home/student/riot-lab/lab/threading_irq/part_1/bin/b-l072z-lrwan1/periph/gpio_all.o
LOAD /home/student/riot-lab/lab/threading_irq/part_1/bin/b-l072z-lrwan1/periph/pm.o
LOAD /home/student/riot-lab/lab/threading_irq/part_1/bin/b-l072z-lrwan1/periph/timer.o
LOAD /home/student/riot-lab/lab/threading_irq/part_1/bin/b-l072z-lrwan1/periph/uart.o
LOAD /home/student/riot-lab/lab/threading_irq/part_1/bin/b-l072z-lrwan1/pm_layered/pm.o
LOAD /home/student/riot-lab/lab/threading_irq/part_1/bin/b-l072z-lrwan1/stdio_uart/stdio_uart.o
LOAD /home/student/riot-lab/lab/threading_irq/part_1/bin/b-l072z-lrwan1/stm32_clk/stmclk_common.o
LOAD /home/student/riot-lab/lab/threading_irq/part_1/bin/b-l072z-lrwan1/stm32_clk/stmclk_l0l1.o
LOAD /home/student/riot-lab/lab/threading_irq/part_1/bin/b-l072z-lrwan1/stm32_vectors/STM32L072xx.o
LOAD /home/student/riot-lab/lab/threading_irq/part_1/bin/b-l072z-lrwan1/xtimer/xtimer_core.o
LOAD /home/student/riot-lab/lab/threading_irq/part_1/bin/b-l072z-lrwan1/xtimer/xtimer.o
LOAD /usr/lib/gcc/arm-none-eabi/9.2.1/../../../arm-none-eabi/lib/thumb/v6-m/nofp/libm.a
LOAD /usr/lib/gcc/arm-none-eabi/9.2.1/thumb/v6-m/nofp/libgcc.a
                0x0000000008000000                _rom_start_addr = 0x8000000
                0x0000000020000000                _ram_start_addr = 0x20000000
                0x0000000000030000                _rom_length = 0x30000
                0x0000000000005000                _ram_length = 0x5000
LOAD /usr/lib/gcc/arm-none-eabi/9.2.1/../../../arm-none-eabi/lib/thumb/v6-m/nofp/libc_nano.a
START GROUP
LOAD /usr/lib/gcc/arm-none-eabi/9.2.1/thumb/v6-m/nofp/libgcc.a
LOAD /usr/lib/gcc/arm-none-eabi/9.2.1/../../../arm-none-eabi/lib/thumb/v6-m/nofp/libg_nano.a
LOAD /usr/lib/gcc/arm-none-eabi/9.2.1/../../../arm-none-eabi/lib/thumb/v6-m/nofp/libc_nano.a
END GROUP
START GROUP
LOAD /usr/lib/gcc/arm-none-eabi/9.2.1/thumb/v6-m/nofp/libgcc.a
LOAD /usr/lib/gcc/arm-none-eabi/9.2.1/../../../arm-none-eabi/lib/thumb/v6-m/nofp/libc_nano.a
END GROUP
                0x0000000000000000                ccmram_length = DEFINED (ccmram_len)?ccmram_len:0x0
                0x0000000000000000                _rom_offset = DEFINED (_rom_offset)?_rom_offset:0x0
                0x0000000000030000                _fw_rom_length = DEFINED (_fw_rom_length)?_fw_rom_length:(_rom_length - _rom_offset)
                0x0000000000000001                ASSERT ((_fw_rom_length <= (_rom_length - _rom_offset)), Specified firmware size does not fit in ROM)
                0x0000000000000000                _backup_ram_start_addr = DEFINED (_backup_ram_start_addr)?_backup_ram_start_addr:0x0
                0x0000000000000000                _backup_ram_len = DEFINED (_backup_ram_len)?_backup_ram_len:0x0

.text           0x0000000008000000     0x3218
                0x0000000008000000                . = ALIGN (0x4)
                0x0000000008000000                _sfixed = .
                0x0000000008000000                _isr_vectors = DEFINED (_isr_vectors)?_isr_vectors:.
 *(SORT_BY_NAME(.vectors*))
 .vectors.0     0x0000000008000000       0x40 /home/student/riot-lab/lab/threading_irq/part_1/bin/b-l072z-lrwan1/cortexm_common/vectors_cortexm.o
                0x0000000008000000                cortex_vector_base
 .vectors.1     0x0000000008000040       0x80 /home/student/riot-lab/lab/threading_irq/part_1/bin/b-l072z-lrwan1/stm32_vectors/STM32L072xx.o
                0x0000000008000040                vector_cpu
 *(.text .text.* .gnu.linkonce.t.*)
 .text.thread_blinking_green
                0x00000000080000c0       0x24 /home/student/riot-lab/lab/threading_irq/part_1/bin/b-l072z-lrwan1/application_lab/main.o
                0x00000000080000c0                thread_blinking_green
 .text.startup.main
                0x00000000080000e4       0x30 /home/student/riot-lab/lab/threading_irq/part_1/bin/b-l072z-lrwan1/application_lab/main.o
                0x00000000080000e4                main
 .text.auto_init
                0x0000000008000114        0x8 /home/student/riot-lab/lab/threading_irq/part_1/bin/b-l072z-lrwan1/auto_init/auto_init.o
                0x0000000008000114                auto_init
 .text.board_init
                0x000000000800011c       0x28 /home/student/riot-lab/lab/threading_irq/part_1/bin/b-l072z-lrwan1/board/board.o
                0x000000000800011c                board_init
 .text.main_trampoline
                0x0000000008000144       0x18 /home/student/riot-lab/lab/threading_irq/part_1/bin/b-l072z-lrwan1/core/init.o
 .text.kernel_init
                0x000000000800015c       0x34 /home/student/riot-lab/lab/threading_irq/part_1/bin/b-l072z-lrwan1/core/init.o
                0x000000000800015c                kernel_init
 .text.mutex_lock
                0x0000000008000190       0x6c /home/student/riot-lab/lab/threading_irq/part_1/bin/b-l072z-lrwan1/core/mutex.o
                0x0000000008000190                mutex_lock
 .text.mutex_unlock
                0x00000000080001fc       0x44 /home/student/riot-lab/lab/threading_irq/part_1/bin/b-l072z-lrwan1/core/mutex.o
                0x00000000080001fc                mutex_unlock
 .text.panic_app
                0x0000000008000240        0x2 /home/student/riot-lab/lab/threading_irq/part_1/bin/b-l072z-lrwan1/core/panic.o
                0x0000000008000240                panic_app
 *fill*         0x0000000008000242        0x2 
 .text.core_panic
                0x0000000008000244       0x54 /home/student/riot-lab/lab/threading_irq/part_1/bin/b-l072z-lrwan1/core/panic.o
                0x0000000008000244                core_panic
 .text.sched_run
                0x0000000008000298       0x88 /home/student/riot-lab/lab/threading_irq/part_1/bin/b-l072z-lrwan1/core/sched.o
                0x0000000008000298                sched_run
 .text.sched_set_status
                0x0000000008000320       0x80 /home/student/riot-lab/lab/threading_irq/part_1/bin/b-l072z-lrwan1/core/sched.o
                0x0000000008000320                sched_set_status
 .text.sched_switch
                0x00000000080003a0       0x3c /home/student/riot-lab/lab/threading_irq/part_1/bin/b-l072z-lrwan1/core/sched.o
                0x00000000080003a0                sched_switch
 .text.sched_task_exit
                0x00000000080003dc       0x40 /home/student/riot-lab/lab/threading_irq/part_1/bin/b-l072z-lrwan1/core/sched.o
                0x00000000080003dc                sched_task_exit
 .text.thread_getname
                0x000000000800041c       0x20 /home/student/riot-lab/lab/threading_irq/part_1/bin/b-l072z-lrwan1/core/thread.o
                0x000000000800041c                thread_getname
 .text.thread_add_to_list
                0x000000000800043c       0x34 /home/student/riot-lab/lab/threading_irq/part_1/bin/b-l072z-lrwan1/core/thread.o
                0x000000000800043c                thread_add_to_list
 .text.thread_create
                0x0000000008000470       0xe8 /home/student/riot-lab/lab/threading_irq/part_1/bin/b-l072z-lrwan1/core/thread.o
                0x0000000008000470                thread_create
 .text.cortexm_init
                0x0000000008000558       0x78 /home/student/riot-lab/lab/threading_irq/part_1/bin/b-l072z-lrwan1/cortexm_common/cortexm_init.o
                0x0000000008000558                cortexm_init
 .text.panic_arch
                0x00000000080005d0       0x20 /home/student/riot-lab/lab/threading_irq/part_1/bin/b-l072z-lrwan1/cortexm_common/panic.o
                0x00000000080005d0                panic_arch
 .text.thread_stack_init
                0x00000000080005f0       0x90 /home/student/riot-lab/lab/threading_irq/part_1/bin/b-l072z-lrwan1/cortexm_common/thread_arch.o
                0x00000000080005f0                thread_stack_init
 .text.cpu_switch_context_exit
                0x0000000008000680       0x18 /home/student/riot-lab/lab/threading_irq/part_1/bin/b-l072z-lrwan1/cortexm_common/thread_arch.o
                0x0000000008000680                cpu_switch_context_exit
 .text.isr_pendsv
                0x0000000008000698       0x58 /home/student/riot-lab/lab/threading_irq/part_1/bin/b-l072z-lrwan1/cortexm_common/thread_arch.o
                0x0000000008000698                isr_pendsv
 .text.isr_svc  0x00000000080006f0       0x10 /home/student/riot-lab/lab/threading_irq/part_1/bin/b-l072z-lrwan1/cortexm_common/thread_arch.o
                0x00000000080006f0                isr_svc
 .text.sched_arch_idle
                0x0000000008000700       0x10 /home/student/riot-lab/lab/threading_irq/part_1/bin/b-l072z-lrwan1/cortexm_common/thread_arch.o
                0x0000000008000700                sched_arch_idle
 .text.hard_fault_default
                0x0000000008000710       0x50 /home/student/riot-lab/lab/threading_irq/part_1/bin/b-l072z-lrwan1/cortexm_common/vectors_cortexm.o
                0x0000000008000710                hard_fault_default
 .text.nmi_default
                0x0000000008000760       0x10 /home/student/riot-lab/lab/threading_irq/part_1/bin/b-l072z-lrwan1/cortexm_common/vectors_cortexm.o
                0x0000000008000760                nmi_default
 .text.dummy_handler_default
                0x0000000008000770       0x10 /home/student/riot-lab/lab/threading_irq/part_1/bin/b-l072z-lrwan1/cortexm_common/vectors_cortexm.o
                0x0000000008000770                dummy_handler_default
                0x0000000008000770                isr_systick
 .text.pre_startup
                0x0000000008000780        0x2 /home/student/riot-lab/lab/threading_irq/part_1/bin/b-l072z-lrwan1/cortexm_common/vectors_cortexm.o
                0x0000000008000780                pre_startup
 .text.post_startup
                0x0000000008000782        0x2 /home/student/riot-lab/lab/threading_irq/part_1/bin/b-l072z-lrwan1/cortexm_common/vectors_cortexm.o
                0x0000000008000782                post_startup
 .text.reset_handler_default
                0x0000000008000784       0x64 /home/student/riot-lab/lab/threading_irq/part_1/bin/b-l072z-lrwan1/cortexm_common/vectors_cortexm.o
                0x0000000008000784                reset_handler_default
 .text.hard_fault_handler
                0x00000000080007e8      0x150 /home/student/riot-lab/lab/threading_irq/part_1/bin/b-l072z-lrwan1/cortexm_common/vectors_cortexm.o
                0x00000000080007e8                hard_fault_handler
 .text.periph_apb_clk
                0x0000000008000938        0x8 /home/student/riot-lab/lab/threading_irq/part_1/bin/b-l072z-lrwan1/cpu/cpu_common.o
                0x0000000008000938                periph_apb_clk
 .text.periph_timer_clk
                0x0000000008000940       0x14 /home/student/riot-lab/lab/threading_irq/part_1/bin/b-l072z-lrwan1/cpu/cpu_common.o
                0x0000000008000940                periph_timer_clk
 .text.periph_clk_en
                0x0000000008000954       0x38 /home/student/riot-lab/lab/threading_irq/part_1/bin/b-l072z-lrwan1/cpu/cpu_common.o
                0x0000000008000954                periph_clk_en
 .text.cpu_init
                0x000000000800098c       0x1e /home/student/riot-lab/lab/threading_irq/part_1/bin/b-l072z-lrwan1/cpu/cpu_init.o
                0x000000000800098c                cpu_init
 .text._init    0x00000000080009aa        0x2 /home/student/riot-lab/lab/threading_irq/part_1/bin/b-l072z-lrwan1/newlib_syscalls_default/syscalls.o
                0x00000000080009aa                _init
 .text._fini    0x00000000080009ac        0x2 /home/student/riot-lab/lab/threading_irq/part_1/bin/b-l072z-lrwan1/newlib_syscalls_default/syscalls.o
                0x00000000080009ac                _fini
 *fill*         0x00000000080009ae        0x2 
 .text._sbrk_r  0x00000000080009b0       0x40 /home/student/riot-lab/lab/threading_irq/part_1/bin/b-l072z-lrwan1/newlib_syscalls_default/syscalls.o
                0x00000000080009b0                _sbrk_r
 .text._read_r  0x00000000080009f0        0xc /home/student/riot-lab/lab/threading_irq/part_1/bin/b-l072z-lrwan1/newlib_syscalls_default/syscalls.o
                0x00000000080009f0                _read_r
 .text._write_r
                0x00000000080009fc        0xc /home/student/riot-lab/lab/threading_irq/part_1/bin/b-l072z-lrwan1/newlib_syscalls_default/syscalls.o
                0x00000000080009fc                _write_r
 .text._close_r
                0x0000000008000a08        0xa /home/student/riot-lab/lab/threading_irq/part_1/bin/b-l072z-lrwan1/newlib_syscalls_default/syscalls.o
                0x0000000008000a08                _close_r
 .text._lseek_r
                0x0000000008000a12        0xa /home/student/riot-lab/lab/threading_irq/part_1/bin/b-l072z-lrwan1/newlib_syscalls_default/syscalls.o
                0x0000000008000a12                _lseek_r
 .text._fstat_r
                0x0000000008000a1c        0xa /home/student/riot-lab/lab/threading_irq/part_1/bin/b-l072z-lrwan1/newlib_syscalls_default/syscalls.o
                0x0000000008000a1c                _fstat_r
 .text._isatty_r
                0x0000000008000a26        0xe /home/student/riot-lab/lab/threading_irq/part_1/bin/b-l072z-lrwan1/newlib_syscalls_default/syscalls.o
                0x0000000008000a26                _isatty_r
 .text.periph_init
                0x0000000008000a34        0x2 /home/student/riot-lab/lab/threading_irq/part_1/bin/b-l072z-lrwan1/periph_common/init.o
                0x0000000008000a34                periph_init
 .text.gpio_init
                0x0000000008000a36       0x6c /home/student/riot-lab/lab/threading_irq/part_1/bin/b-l072z-lrwan1/periph/gpio_all.o
                0x0000000008000a36                gpio_init
 .text.gpio_init_af
                0x0000000008000aa2       0x52 /home/student/riot-lab/lab/threading_irq/part_1/bin/b-l072z-lrwan1/periph/gpio_all.o
                0x0000000008000aa2                gpio_init_af
 .text.isr_exti
                0x0000000008000af4       0x60 /home/student/riot-lab/lab/threading_irq/part_1/bin/b-l072z-lrwan1/periph/gpio_all.o
                0x0000000008000af4                isr_exti
 .text.pm_set   0x0000000008000b54       0x7c /home/student/riot-lab/lab/threading_irq/part_1/bin/b-l072z-lrwan1/periph/pm.o
                0x0000000008000b54                pm_set
 .text.timer_set_absolute
                0x0000000008000bd0       0x34 /home/student/riot-lab/lab/threading_irq/part_1/bin/b-l072z-lrwan1/periph/timer.o
                0x0000000008000bd0                timer_set_absolute
 .text.timer_read
                0x0000000008000c04       0x10 /home/student/riot-lab/lab/threading_irq/part_1/bin/b-l072z-lrwan1/periph/timer.o
                0x0000000008000c04                timer_read
 .text.timer_start
                0x0000000008000c14       0x14 /home/student/riot-lab/lab/threading_irq/part_1/bin/b-l072z-lrwan1/periph/timer.o
                0x0000000008000c14                timer_start
 .text.timer_init
                0x0000000008000c28       0x58 /home/student/riot-lab/lab/threading_irq/part_1/bin/b-l072z-lrwan1/periph/timer.o
                0x0000000008000c28                timer_init
 .text.isr_tim2
                0x0000000008000c80       0x70 /home/student/riot-lab/lab/threading_irq/part_1/bin/b-l072z-lrwan1/periph/timer.o
                0x0000000008000c80                isr_tim2
 .text.irq_handler
                0x0000000008000cf0       0x58 /home/student/riot-lab/lab/threading_irq/part_1/bin/b-l072z-lrwan1/periph/uart.o
 .text.uart_enable_clock
                0x0000000008000d48       0x30 /home/student/riot-lab/lab/threading_irq/part_1/bin/b-l072z-lrwan1/periph/uart.o
 .text.uart_init
                0x0000000008000d78       0xb4 /home/student/riot-lab/lab/threading_irq/part_1/bin/b-l072z-lrwan1/periph/uart.o
                0x0000000008000d78                uart_init
 .text.uart_write
                0x0000000008000e2c       0x44 /home/student/riot-lab/lab/threading_irq/part_1/bin/b-l072z-lrwan1/periph/uart.o
                0x0000000008000e2c                uart_write
 .text.isr_usart2
                0x0000000008000e70        0xa /home/student/riot-lab/lab/threading_irq/part_1/bin/b-l072z-lrwan1/periph/uart.o
                0x0000000008000e70                isr_usart2
 .text.isr_usart1
                0x0000000008000e7a        0xa /home/student/riot-lab/lab/threading_irq/part_1/bin/b-l072z-lrwan1/periph/uart.o
                0x0000000008000e7a                isr_usart1
 .text.pm_set_lowest
                0x0000000008000e84       0x38 /home/student/riot-lab/lab/threading_irq/part_1/bin/b-l072z-lrwan1/pm_layered/pm.o
                0x0000000008000e84                pm_set_lowest
 .text.pm_block
                0x0000000008000ebc       0x2c /home/student/riot-lab/lab/threading_irq/part_1/bin/b-l072z-lrwan1/pm_layered/pm.o
                0x0000000008000ebc                pm_block
 .text.pm_off   0x0000000008000ee8       0x10 /home/student/riot-lab/lab/threading_irq/part_1/bin/b-l072z-lrwan1/pm_layered/pm.o
                0x0000000008000ee8                pm_off
 .text.stdio_init
                0x0000000008000ef8       0x12 /home/student/riot-lab/lab/threading_irq/part_1/bin/b-l072z-lrwan1/stdio_uart/stdio_uart.o
                0x0000000008000ef8                stdio_init
 .text.stdio_read
                0x0000000008000f0a        0x6 /home/student/riot-lab/lab/threading_irq/part_1/bin/b-l072z-lrwan1/stdio_uart/stdio_uart.o
                0x0000000008000f0a                stdio_read
 .text.stdio_write
                0x0000000008000f10       0x12 /home/student/riot-lab/lab/threading_irq/part_1/bin/b-l072z-lrwan1/stdio_uart/stdio_uart.o
                0x0000000008000f10                stdio_write
 *fill*         0x0000000008000f22        0x2 
 .text.stmclk_enable_hsi
                0x0000000008000f24       0x18 /home/student/riot-lab/lab/threading_irq/part_1/bin/b-l072z-lrwan1/stm32_clk/stmclk_common.o
                0x0000000008000f24                stmclk_enable_hsi
 .text.stmclk_init_sysclk
                0x0000000008000f3c       0x90 /home/student/riot-lab/lab/threading_irq/part_1/bin/b-l072z-lrwan1/stm32_clk/stmclk_l0l1.o
                0x0000000008000f3c                stmclk_init_sysclk
 .text.dummy_handler
                0x0000000008000fcc        0x8 /home/student/riot-lab/lab/threading_irq/part_1/bin/b-l072z-lrwan1/stm32_vectors/STM32L072xx.o
                0x0000000008000fcc                isr_pvd
                0x0000000008000fcc                isr_i2c1
                0x0000000008000fcc                isr_tsc
                0x0000000008000fcc                isr_tim7
                0x0000000008000fcc                isr_i2c3
                0x0000000008000fcc                isr_rng_lpuart1
                0x0000000008000fcc                isr_dma1_channel4_5_6_7
                0x0000000008000fcc                isr_usart4_5
                0x0000000008000fcc                isr_tim22
                0x0000000008000fcc                isr_i2c2
                0x0000000008000fcc                isr_dma1_channel2_3
                0x0000000008000fcc                isr_spi2
                0x0000000008000fcc                isr_dma1_channel1
                0x0000000008000fcc                dummy_handler
                0x0000000008000fcc                isr_tim21
                0x0000000008000fcc                isr_spi1
                0x0000000008000fcc                isr_lptim1
                0x0000000008000fcc                isr_flash
                0x0000000008000fcc                isr_rtc
                0x0000000008000fcc                isr_usb
                0x0000000008000fcc                isr_adc1_comp
                0x0000000008000fcc                isr_tim6_dac
                0x0000000008000fcc                isr_tim3
                0x0000000008000fcc                isr_rcc_crs
                0x0000000008000fcc                isr_wwdg
 .text._add_timer_to_list
                0x0000000008000fd4       0x36 /home/student/riot-lab/lab/threading_irq/part_1/bin/b-l072z-lrwan1/xtimer/xtimer_core.o
 .text._remove_timer_from_list
                0x000000000800100a       0x18 /home/student/riot-lab/lab/threading_irq/part_1/bin/b-l072z-lrwan1/xtimer/xtimer_core.o
 *fill*         0x0000000008001022        0x2 
 .text._xtimer_now64
                0x0000000008001024       0x34 /home/student/riot-lab/lab/threading_irq/part_1/bin/b-l072z-lrwan1/xtimer/xtimer_core.o
 .text._schedule_earliest_lltimer
                0x0000000008001058       0x50 /home/student/riot-lab/lab/threading_irq/part_1/bin/b-l072z-lrwan1/xtimer/xtimer_core.o
 .text._xtimer_now
                0x00000000080010a8        0x8 /home/student/riot-lab/lab/threading_irq/part_1/bin/b-l072z-lrwan1/xtimer/xtimer_core.o
                0x00000000080010a8                _xtimer_now
 .text.xtimer_init
                0x00000000080010b0       0x30 /home/student/riot-lab/lab/threading_irq/part_1/bin/b-l072z-lrwan1/xtimer/xtimer_core.o
                0x00000000080010b0                xtimer_init
 .text._periph_timer_callback
                0x00000000080010e0      0x118 /home/student/riot-lab/lab/threading_irq/part_1/bin/b-l072z-lrwan1/xtimer/xtimer_core.o
 .text.xtimer_remove
                0x00000000080011f8       0x34 /home/student/riot-lab/lab/threading_irq/part_1/bin/b-l072z-lrwan1/xtimer/xtimer_core.o
                0x00000000080011f8                xtimer_remove
 .text._xtimer_set64
                0x000000000800122c       0x88 /home/student/riot-lab/lab/threading_irq/part_1/bin/b-l072z-lrwan1/xtimer/xtimer_core.o
                0x000000000800122c                _xtimer_set64
 .text._callback_unlock_mutex
                0x00000000080012b4        0x8 /home/student/riot-lab/lab/threading_irq/part_1/bin/b-l072z-lrwan1/xtimer/xtimer.o
 .text._xtimer_periodic_wakeup
                0x00000000080012bc       0x58 /home/student/riot-lab/lab/threading_irq/part_1/bin/b-l072z-lrwan1/xtimer/xtimer.o
                0x00000000080012bc                _xtimer_periodic_wakeup
 .text          0x0000000008001314       0x14 /usr/lib/gcc/arm-none-eabi/9.2.1/thumb/v6-m/nofp/libgcc.a(_thumb1_case_uqi.o)
                0x0000000008001314                __gnu_thumb1_case_uqi
 .text          0x0000000008001328      0x114 /usr/lib/gcc/arm-none-eabi/9.2.1/thumb/v6-m/nofp/libgcc.a(_udivsi3.o)
                0x0000000008001328                __udivsi3
                0x0000000008001328                __aeabi_uidiv
                0x0000000008001434                __aeabi_uidivmod
 .text          0x000000000800143c      0x1d4 /usr/lib/gcc/arm-none-eabi/9.2.1/thumb/v6-m/nofp/libgcc.a(_divsi3.o)
                0x000000000800143c                __aeabi_idiv
                0x000000000800143c                __divsi3
                0x0000000008001608                __aeabi_idivmod
 .text          0x0000000008001610        0x4 /usr/lib/gcc/arm-none-eabi/9.2.1/thumb/v6-m/nofp/libgcc.a(_dvmd_tls.o)
                0x0000000008001610                __aeabi_ldiv0
                0x0000000008001610                __aeabi_idiv0
 .text          0x0000000008001614       0x44 /usr/lib/gcc/arm-none-eabi/9.2.1/../../../arm-none-eabi/lib/thumb/v6-m/nofp/libc_nano.a(lib_a-init.o)
                0x0000000008001614                __libc_init_array
 .text          0x0000000008001658       0xa8 /usr/lib/gcc/arm-none-eabi/9.2.1/../../../arm-none-eabi/lib/thumb/v6-m/nofp/libc_nano.a(lib_a-memcpy-stub.o)
                0x0000000008001658                memcpy
 .text          0x0000000008001700       0xa8 /usr/lib/gcc/arm-none-eabi/9.2.1/../../../arm-none-eabi/lib/thumb/v6-m/nofp/libc_nano.a(lib_a-memset.o)
                0x0000000008001700                memset
 .text          0x00000000080017a8       0xac /usr/lib/gcc/arm-none-eabi/9.2.1/../../../arm-none-eabi/lib/thumb/v6-m/nofp/libc_nano.a(lib_a-nano-freer.o)
                0x00000000080017a8                _free_r
 .text          0x0000000008001854       0xcc /usr/lib/gcc/arm-none-eabi/9.2.1/../../../arm-none-eabi/lib/thumb/v6-m/nofp/libc_nano.a(lib_a-nano-mallocr.o)
                0x0000000008001854                _malloc_r
 .text          0x0000000008001920       0x68 /usr/lib/gcc/arm-none-eabi/9.2.1/../../../arm-none-eabi/lib/thumb/v6-m/nofp/libc_nano.a(lib_a-printf.o)
                0x0000000008001920                _printf_r
                0x0000000008001920                _iprintf_r
                0x0000000008001950                printf
                0x0000000008001950                iprintf
 .text          0x0000000008001988       0xec /usr/lib/gcc/arm-none-eabi/9.2.1/../../../arm-none-eabi/lib/thumb/v6-m/nofp/libc_nano.a(lib_a-puts.o)
                0x0000000008001988                _puts_r
                0x0000000008001a60                puts
 .text          0x0000000008001a74       0xec /usr/lib/gcc/arm-none-eabi/9.2.1/../../../arm-none-eabi/lib/thumb/v6-m/nofp/libc_nano.a(lib_a-wbuf.o)
                0x0000000008001a74                __swbuf_r
                0x0000000008001b48                __swbuf
 .text          0x0000000008001b60      0x10c /usr/lib/gcc/arm-none-eabi/9.2.1/../../../arm-none-eabi/lib/thumb/v6-m/nofp/libc_nano.a(lib_a-wsetup.o)
                0x0000000008001b60                __swsetup_r
 .text          0x0000000008001c6c      0x1b8 /usr/lib/gcc/arm-none-eabi/9.2.1/../../../arm-none-eabi/lib/thumb/v6-m/nofp/libc_nano.a(lib_a-fflush.o)
                0x0000000008001c6c                __sflush_r
                0x0000000008001da0                _fflush_r
                0x0000000008001dfc                fflush
 .text          0x0000000008001e24      0x240 /usr/lib/gcc/arm-none-eabi/9.2.1/../../../arm-none-eabi/lib/thumb/v6-m/nofp/libc_nano.a(lib_a-findfp.o)
                0x0000000008001e28                _cleanup_r
                0x0000000008001e3c                __sfmoreglue
                0x0000000008001e6c                __sfp
                0x0000000008001ffc                _cleanup
                0x0000000008002014                __sinit
                0x0000000008002024                __sfp_lock_acquire
                0x0000000008002028                __sfp_lock_release
                0x000000000800202c                __sinit_lock_acquire
                0x0000000008002030                __sinit_lock_release
                0x0000000008002034                __fp_lock_all
                0x000000000800204c                __fp_unlock_all
 .text          0x0000000008002064       0x90 /usr/lib/gcc/arm-none-eabi/9.2.1/../../../arm-none-eabi/lib/thumb/v6-m/nofp/libc_nano.a(lib_a-fwalk.o)
                0x0000000008002064                _fwalk
                0x00000000080020a8                _fwalk_reent
 .text          0x00000000080020f4       0xe0 /usr/lib/gcc/arm-none-eabi/9.2.1/../../../arm-none-eabi/lib/thumb/v6-m/nofp/libc_nano.a(lib_a-makebuf.o)
                0x00000000080020f4                __swhatbuf_r
                0x0000000008002144                __smakebuf_r
 .text          0x00000000080021d4        0x8 /usr/lib/gcc/arm-none-eabi/9.2.1/../../../arm-none-eabi/lib/thumb/v6-m/nofp/libc_nano.a(lib_a-mlock.o)
                0x00000000080021d4                __malloc_lock
                0x00000000080021d8                __malloc_unlock
 .text          0x00000000080021dc       0x50 /usr/lib/gcc/arm-none-eabi/9.2.1/../../../arm-none-eabi/lib/thumb/v6-m/nofp/libc_nano.a(lib_a-nano-reallocr.o)
                0x00000000080021dc                _realloc_r
 .text          0x000000000800222c      0x384 /usr/lib/gcc/arm-none-eabi/9.2.1/../../../arm-none-eabi/lib/thumb/v6-m/nofp/libc_nano.a(lib_a-nano-vfprintf.o)
                0x0000000008002254                __sfputs_r
                0x0000000008002280                __sprint_r
                0x000000000800229c                _vfiprintf_r
                0x000000000800229c                _vfprintf_r
                0x0000000008002598                vfiprintf
                0x0000000008002598                vfprintf
 .text          0x00000000080025b0      0x3d8 /usr/lib/gcc/arm-none-eabi/9.2.1/../../../arm-none-eabi/lib/thumb/v6-m/nofp/libc_nano.a(lib_a-nano-vfprintf_i.o)
                0x00000000080025b0                _printf_common
                0x00000000080026e0                _printf_i
 .text          0x0000000008002988       0xa4 /usr/lib/gcc/arm-none-eabi/9.2.1/../../../arm-none-eabi/lib/thumb/v6-m/nofp/libc_nano.a(lib_a-stdio.o)
                0x0000000008002988                __sread
                0x00000000080029b0                __seofread
                0x00000000080029b4                __swrite
                0x00000000080029f4                __sseek
                0x0000000008002a20                __sclose
 .text          0x0000000008002a2c      0x320 /usr/lib/gcc/arm-none-eabi/9.2.1/../../../arm-none-eabi/lib/thumb/v6-m/nofp/libc_nano.a(lib_a-fvwrite.o)
                0x0000000008002a2c                __sfvwrite_r
 .text          0x0000000008002d4c       0x80 /usr/lib/gcc/arm-none-eabi/9.2.1/../../../arm-none-eabi/lib/thumb/v6-m/nofp/libc_nano.a(lib_a-memchr-stub.o)
                0x0000000008002d4c                memchr
 .text          0x0000000008002dcc       0xbc /usr/lib/gcc/arm-none-eabi/9.2.1/../../../arm-none-eabi/lib/thumb/v6-m/nofp/libc_nano.a(lib_a-memmove.o)
                0x0000000008002dcc                memmove
 .text          0x0000000008002e88       0x14 /usr/lib/gcc/arm-none-eabi/9.2.1/../../../arm-none-eabi/lib/thumb/v6-m/nofp/libc_nano.a(lib_a-nano-msizer.o)
                0x0000000008002e88                _malloc_usable_size_r
 *(.glue_7t)
 .glue_7t       0x0000000008002e9c        0x0 linker stubs
 *(.glue_7)
 .glue_7        0x0000000008002e9c        0x0 linker stubs
 *(.rodata .rodata* .gnu.linkonce.r.*)
 .rodata.main.str1.1
                0x0000000008002e9c        0xd /home/student/riot-lab/lab/threading_irq/part_1/bin/b-l072z-lrwan1/application_lab/main.o
 .rodata.MultiplyDeBruijnBitPosition
                0x0000000008002ea9       0x20 /home/student/riot-lab/lab/threading_irq/part_1/bin/b-l072z-lrwan1/core/bitarithm.o
                0x0000000008002ea9                MultiplyDeBruijnBitPosition
 .rodata.main_trampoline.str1.1
                0x0000000008002ec9       0x2d /home/student/riot-lab/lab/threading_irq/part_1/bin/b-l072z-lrwan1/core/init.o
 .rodata.kernel_init.str1.1
                0x0000000008002ef6        0x5 /home/student/riot-lab/lab/threading_irq/part_1/bin/b-l072z-lrwan1/core/init.o
 .rodata.core_panic.str1.1
                0x0000000008002efb       0x2e /home/student/riot-lab/lab/threading_irq/part_1/bin/b-l072z-lrwan1/core/panic.o
 .rodata.assert_crash_message
                0x0000000008002f29       0x12 /home/student/riot-lab/lab/threading_irq/part_1/bin/b-l072z-lrwan1/core/panic.o
                0x0000000008002f29                assert_crash_message
 .rodata.panic_arch.str1.1
                0x0000000008002f3b        0xf /home/student/riot-lab/lab/threading_irq/part_1/bin/b-l072z-lrwan1/cortexm_common/panic.o
 .rodata.nmi_default.str1.1
                0x0000000008002f4a        0xc /home/student/riot-lab/lab/threading_irq/part_1/bin/b-l072z-lrwan1/cortexm_common/vectors_cortexm.o
 .rodata.dummy_handler_default.str1.1
                0x0000000008002f56        0xe /home/student/riot-lab/lab/threading_irq/part_1/bin/b-l072z-lrwan1/cortexm_common/vectors_cortexm.o
 .rodata.hard_fault_handler.str1.1
                0x0000000008002f64      0x1ca /home/student/riot-lab/lab/threading_irq/part_1/bin/b-l072z-lrwan1/cortexm_common/vectors_cortexm.o
 .rodata.apbmul
                0x000000000800312e        0x2 /home/student/riot-lab/lab/threading_irq/part_1/bin/b-l072z-lrwan1/cpu/cpu_common.o
 .rodata.timer_config
                0x0000000008003130       0x10 /home/student/riot-lab/lab/threading_irq/part_1/bin/b-l072z-lrwan1/periph/timer.o
 .rodata.uart_config
                0x0000000008003140       0x38 /home/student/riot-lab/lab/threading_irq/part_1/bin/b-l072z-lrwan1/periph/uart.o
 .rodata        0x0000000008003178        0x4 /usr/lib/gcc/arm-none-eabi/9.2.1/../../../arm-none-eabi/lib/thumb/v6-m/nofp/libc_nano.a(lib_a-impure.o)
                0x0000000008003178                _global_impure_ptr
 .rodata        0x000000000800317c       0x60 /usr/lib/gcc/arm-none-eabi/9.2.1/../../../arm-none-eabi/lib/thumb/v6-m/nofp/libc_nano.a(lib_a-findfp.o)
                0x000000000800317c                __sf_fake_stderr
                0x000000000800319c                __sf_fake_stdout
                0x00000000080031bc                __sf_fake_stdin
 .rodata.str1.4
                0x00000000080031dc       0x13 /usr/lib/gcc/arm-none-eabi/9.2.1/../../../arm-none-eabi/lib/thumb/v6-m/nofp/libc_nano.a(lib_a-nano-vfprintf.o)
 *fill*         0x00000000080031ef        0x1 
 .rodata.str1.4
                0x00000000080031f0       0x25 /usr/lib/gcc/arm-none-eabi/9.2.1/../../../arm-none-eabi/lib/thumb/v6-m/nofp/libc_nano.a(lib_a-nano-vfprintf_i.o)
 *(SORT_BY_NAME(.roxfa.*))
 *(.ARM.extab* .gnu.linkonce.armextab.*)
                0x0000000008003218                . = ALIGN (0x4)
 *fill*         0x0000000008003215        0x3 
 *(.init)
                0x0000000008003218                . = ALIGN (0x4)
                0x0000000008003218                __preinit_array_start = .
 *(.preinit_array)
                0x0000000008003218                __preinit_array_end = .
                0x0000000008003218                . = ALIGN (0x4)
                0x0000000008003218                __init_array_start = .
 *(SORT_BY_NAME(.init_array.*))
 *(.init_array)
                0x0000000008003218                __init_array_end = .
                0x0000000008003218                . = ALIGN (0x4)
 *crtbegin.o(.ctors)
 *(EXCLUDE_FILE(*crtend.o) .ctors)
 *(SORT_BY_NAME(.ctors.*))
 *crtend.o(.ctors)
                0x0000000008003218                . = ALIGN (0x4)
 *(.fini)
                0x0000000008003218                . = ALIGN (0x4)
                0x0000000008003218                __fini_array_start = .
 *(.fini_array)
 *(SORT_BY_NAME(.fini_array.*))
                0x0000000008003218                __fini_array_end = .
 *crtbegin.o(.dtors)
 *(EXCLUDE_FILE(*crtend.o) .dtors)
 *(SORT_BY_NAME(.dtors.*))
 *crtend.o(.dtors)
                0x0000000008003218                . = ALIGN (0x4)
                0x0000000008003218                _efixed = .

.vfp11_veneer   0x0000000008003218        0x0
 .vfp11_veneer  0x0000000008003218        0x0 linker stubs

.v4_bx          0x0000000008003218        0x0
 .v4_bx         0x0000000008003218        0x0 linker stubs

.iplt           0x0000000008003218        0x0
 .iplt          0x0000000008003218        0x0 /home/student/riot-lab/lab/threading_irq/part_1/bin/b-l072z-lrwan1/application_lab/main.o

.igot.plt       0x0000000008003218        0x0
 .igot.plt      0x0000000008003218        0x0 /home/student/riot-lab/lab/threading_irq/part_1/bin/b-l072z-lrwan1/application_lab/main.o

.rel.dyn        0x0000000008003218        0x0
 .rel.iplt      0x0000000008003218        0x0 /home/student/riot-lab/lab/threading_irq/part_1/bin/b-l072z-lrwan1/application_lab/main.o

.tdata          0x0000000008003218        0x0
                0x0000000008003218                __tdata_start = .
 *(.tdata .tdata.* .gnu.linkonce.td.*)
                0x0000000008003218                __tdata_end = .
                0x0000000008003218                __tdata_source = LOADADDR (.tdata)
                0x0000000000000000                __tdata_size = SIZEOF (.tdata)

.tbss           0x0000000008003218        0x0
 *(.tbss .tbss.* .gnu.linkonce.tb.*)
 *(.tcommon)
                0x0000000008003218                __tbss_end = .
                0x0000000000000000                __tls_size = (__tbss_end - __tdata_start)
                0x0000000000000000                __tbss_size = (__tls_size - __tdata_size)
                [!provide]                        PROVIDE (__exidx_start = .)

.ARM.exidx
 *(.ARM.exidx* .gnu.linkonce.armexidx.*)
                [!provide]                        PROVIDE (__exidx_end = .)
                0x0000000008003218                . = ALIGN (0x4)

.eh_frame
 *(.eh_frame)
                0x0000000008003218                . = ALIGN (0x4)
                0x0000000008003218                _etext = .

.stack          0x0000000020000000      0x200
 *(.puf)
                0x0000000020000000                . = ALIGN (0x8)
                0x0000000020000000                _sstack = .
 *(.isr_stack)
 .isr_stack     0x0000000020000000      0x200 /home/student/riot-lab/lab/threading_irq/part_1/bin/b-l072z-lrwan1/cortexm_common/vectors_cortexm.o
                0x0000000020000000                isr_stack
                0x0000000020000200                . = ALIGN (0x8)
                0x0000000020000200                _estack = .

.relocate       0x0000000020000200       0x70 load address 0x0000000008003218
                0x0000000020000200                . = ALIGN (0x4)
                0x0000000020000200                _srelocate = .
 *(.ramfunc .ramfunc.*)
 *(.data .data.*)
 .data.heap_top
                0x0000000020000200        0x4 /home/student/riot-lab/lab/threading_irq/part_1/bin/b-l072z-lrwan1/newlib_syscalls_default/syscalls.o
 .data.pm_blocker
                0x0000000020000204        0x4 /home/student/riot-lab/lab/threading_irq/part_1/bin/b-l072z-lrwan1/pm_layered/pm.o
 .data          0x0000000020000208       0x64 /usr/lib/gcc/arm-none-eabi/9.2.1/../../../arm-none-eabi/lib/thumb/v6-m/nofp/libc_nano.a(lib_a-impure.o)
                0x0000000020000208                _impure_ptr
 *(SORT_BY_NAME(.xfa.*))
 *(.openocd .openocd.*)
 .openocd       0x000000002000026c        0x2 /home/student/riot-lab/lab/threading_irq/part_1/bin/b-l072z-lrwan1/core/sched.o
                0x000000002000026c                _tcb_name_offset
                0x000000002000026d                max_threads
                0x0000000020000270                . = ALIGN (0x4)
 *fill*         0x000000002000026e        0x2 
                0x0000000020000270                _erelocate = .

.bss            0x0000000020000270      0xda0 load address 0x0000000008003288
                0x0000000020000270                . = ALIGN (0x4)
                0x0000000020000270                _sbss = .
                0x0000000020000270                _szero = .
 *(.bss .bss.*)
 .bss.stack_thread_blinking_green
                0x0000000020000270      0x600 /home/student/riot-lab/lab/threading_irq/part_1/bin/b-l072z-lrwan1/application_lab/main.o
                0x0000000020000270                stack_thread_blinking_green
 .bss.main_stack
                0x0000000020000870      0x600 /home/student/riot-lab/lab/threading_irq/part_1/bin/b-l072z-lrwan1/core/init.o
 .bss.crashed   0x0000000020000e70        0x4 /home/student/riot-lab/lab/threading_irq/part_1/bin/b-l072z-lrwan1/core/panic.o
 .bss.runqueue_bitcache
                0x0000000020000e74        0x4 /home/student/riot-lab/lab/threading_irq/part_1/bin/b-l072z-lrwan1/core/sched.o
 .bss.sched_active_pid
                0x0000000020000e78        0x2 /home/student/riot-lab/lab/threading_irq/part_1/bin/b-l072z-lrwan1/core/sched.o
                0x0000000020000e78                sched_active_pid
 *fill*         0x0000000020000e7a        0x2 
 .bss.sched_active_thread
                0x0000000020000e7c        0x4 /home/student/riot-lab/lab/threading_irq/part_1/bin/b-l072z-lrwan1/core/sched.o
                0x0000000020000e7c                sched_active_thread
 .bss.sched_context_switch_request
                0x0000000020000e80        0x4 /home/student/riot-lab/lab/threading_irq/part_1/bin/b-l072z-lrwan1/core/sched.o
                0x0000000020000e80                sched_context_switch_request
 .bss.sched_num_threads
                0x0000000020000e84        0x4 /home/student/riot-lab/lab/threading_irq/part_1/bin/b-l072z-lrwan1/core/sched.o
                0x0000000020000e84                sched_num_threads
 .bss.sched_runqueues
                0x0000000020000e88       0x40 /home/student/riot-lab/lab/threading_irq/part_1/bin/b-l072z-lrwan1/core/sched.o
                0x0000000020000e88                sched_runqueues
 .bss.sched_threads
                0x0000000020000ec8       0x84 /home/student/riot-lab/lab/threading_irq/part_1/bin/b-l072z-lrwan1/core/sched.o
                0x0000000020000ec8                sched_threads
 .bss.isr_ctx   0x0000000020000f4c       0x80 /home/student/riot-lab/lab/threading_irq/part_1/bin/b-l072z-lrwan1/periph/gpio_all.o
 .bss.isr_ctx   0x0000000020000fcc        0x8 /home/student/riot-lab/lab/threading_irq/part_1/bin/b-l072z-lrwan1/periph/timer.o
 .bss.isr_ctx   0x0000000020000fd4       0x18 /home/student/riot-lab/lab/threading_irq/part_1/bin/b-l072z-lrwan1/periph/uart.o
 .bss._in_handler
                0x0000000020000fec        0x4 /home/student/riot-lab/lab/threading_irq/part_1/bin/b-l072z-lrwan1/xtimer/xtimer_core.o
 .bss._lltimer_ongoing
                0x0000000020000ff0        0x1 /home/student/riot-lab/lab/threading_irq/part_1/bin/b-l072z-lrwan1/xtimer/xtimer_core.o
 *fill*         0x0000000020000ff1        0x7 
 .bss._xtimer_current_time
                0x0000000020000ff8        0x8 /home/student/riot-lab/lab/threading_irq/part_1/bin/b-l072z-lrwan1/xtimer/xtimer_core.o
                0x0000000020000ff8                _xtimer_current_time
 .bss.long_list_head
                0x0000000020001000        0x4 /home/student/riot-lab/lab/threading_irq/part_1/bin/b-l072z-lrwan1/xtimer/xtimer_core.o
 .bss.timer_list_head
                0x0000000020001004        0x4 /home/student/riot-lab/lab/threading_irq/part_1/bin/b-l072z-lrwan1/xtimer/xtimer_core.o
 .bss           0x0000000020001008        0x8 /usr/lib/gcc/arm-none-eabi/9.2.1/../../../arm-none-eabi/lib/thumb/v6-m/nofp/libc_nano.a(lib_a-nano-mallocr.o)
                0x0000000020001008                __malloc_free_list
                0x000000002000100c                __malloc_sbrk_start
 *(COMMON)
                0x0000000020001010                . = ALIGN (0x4)
                0x0000000020001010                _ebss = .
                0x0000000020001010                _ezero = .

.noinit         0x0000000020001010        0x0 load address 0x0000000008003288
                0x0000000020001010                __noinit_start = .
 *(.noinit)
                0x0000000020001010                . = ALIGN (0x4)
                0x0000000020001010                __noinit_end = .
                0x0000000020001010                . = ALIGN (0x4)
                0x0000000020001010                _sheap = .
                0x0000000020005000                _eheap = (ORIGIN (ram) + LENGTH (ram))
                0x0000000020000000                _sram = ORIGIN (ram)
                0x0000000020005000                _eram = (ORIGIN (ram) + LENGTH (ram))
                0x0000000008003288                _sbackup_data_load = LOADADDR (.backup.data)

.backup.data    0x0000000000000000        0x0 load address 0x0000000008003288
                0x0000000000000000                _sbackup_data = .
 *(.backup.data)
                0x0000000000000000                _ebackup_data = .
                0x0000000000000000                . = ALIGN (0x4)

.backup.bss     0x0000000000000000        0x0 load address 0x0000000008003288
                0x0000000000000000                _sbackup_bss = .
 *(.backup.bss)
                0x0000000000000000                _ebackup_bss = .
                0x0000000000000000                . = ALIGN (0x4)

.heap3          0x0000000000000000        0x0 load address 0x0000000008003288
                0x0000000000000000                _sheap1 = .
                0x0000000000000000                _eheap1 = (ORIGIN (bkup_ram) + LENGTH (bkup_ram))
OUTPUT(/home/student/riot-lab/lab/threading_irq/part_1/bin/b-l072z-lrwan1/lab.elf elf32-littlearm)
LOAD linker stubs

.debug_info     0x0000000000000000    0x38f6b
 .debug_info    0x0000000000000000     0x1739 /home/student/riot-lab/lab/threading_irq/part_1/bin/b-l072z-lrwan1/application_lab/main.o
 .debug_info    0x0000000000001739      0xd0e /home/student/riot-lab/lab/threading_irq/part_1/bin/b-l072z-lrwan1/auto_init/auto_init.o
 .debug_info    0x0000000000002447     0x155b /home/student/riot-lab/lab/threading_irq/part_1/bin/b-l072z-lrwan1/board/board.o
 .debug_info    0x00000000000039a2      0x9f0 /home/student/riot-lab/lab/threading_irq/part_1/bin/b-l072z-lrwan1/core/bitarithm.o
 .debug_info    0x0000000000004392      0xe72 /home/student/riot-lab/lab/threading_irq/part_1/bin/b-l072z-lrwan1/core/init.o
 .debug_info    0x0000000000005204     0x1a54 /home/student/riot-lab/lab/threading_irq/part_1/bin/b-l072z-lrwan1/core/mutex.o
 .debug_info    0x0000000000006c58      0xed5 /home/student/riot-lab/lab/threading_irq/part_1/bin/b-l072z-lrwan1/core/panic.o
 .debug_info    0x0000000000007b2d     0x132e /home/student/riot-lab/lab/threading_irq/part_1/bin/b-l072z-lrwan1/core/sched.o
 .debug_info    0x0000000000008e5b     0x1d2f /home/student/riot-lab/lab/threading_irq/part_1/bin/b-l072z-lrwan1/core/thread.o
 .debug_info    0x000000000000ab8a     0x10ef /home/student/riot-lab/lab/threading_irq/part_1/bin/b-l072z-lrwan1/cortexm_common/cortexm_init.o
 .debug_info    0x000000000000bc79      0xd4d /home/student/riot-lab/lab/threading_irq/part_1/bin/b-l072z-lrwan1/cortexm_common/panic.o
 .debug_info    0x000000000000c9c6     0x11a1 /home/student/riot-lab/lab/threading_irq/part_1/bin/b-l072z-lrwan1/cortexm_common/thread_arch.o
 .debug_info    0x000000000000db67     0x1310 /home/student/riot-lab/lab/threading_irq/part_1/bin/b-l072z-lrwan1/cortexm_common/vectors_cortexm.o
 .debug_info    0x000000000000ee77     0x1718 /home/student/riot-lab/lab/threading_irq/part_1/bin/b-l072z-lrwan1/cpu/cpu_common.o
 .debug_info    0x000000000001058f     0x159a /home/student/riot-lab/lab/threading_irq/part_1/bin/b-l072z-lrwan1/cpu/cpu_init.o
 .debug_info    0x0000000000011b29     0x24be /home/student/riot-lab/lab/threading_irq/part_1/bin/b-l072z-lrwan1/newlib_syscalls_default/syscalls.o
 .debug_info    0x0000000000013fe7      0xc70 /home/student/riot-lab/lab/threading_irq/part_1/bin/b-l072z-lrwan1/periph_common/init.o
 .debug_info    0x0000000000014c57     0x235a /home/student/riot-lab/lab/threading_irq/part_1/bin/b-l072z-lrwan1/periph/gpio_all.o
 .debug_info    0x0000000000016fb1      0xf17 /home/student/riot-lab/lab/threading_irq/part_1/bin/b-l072z-lrwan1/periph/pm.o
 .debug_info    0x0000000000017ec8     0x1c25 /home/student/riot-lab/lab/threading_irq/part_1/bin/b-l072z-lrwan1/periph/timer.o
 .debug_info    0x0000000000019aed     0x1f82 /home/student/riot-lab/lab/threading_irq/part_1/bin/b-l072z-lrwan1/periph/uart.o
 .debug_info    0x000000000001ba6f     0x117d /home/student/riot-lab/lab/threading_irq/part_1/bin/b-l072z-lrwan1/pm_layered/pm.o
 .debug_info    0x000000000001cbec     0x164f /home/student/riot-lab/lab/threading_irq/part_1/bin/b-l072z-lrwan1/stdio_uart/stdio_uart.o
 .debug_info    0x000000000001e23b     0x168b /home/student/riot-lab/lab/threading_irq/part_1/bin/b-l072z-lrwan1/stm32_clk/stmclk_common.o
 .debug_info    0x000000000001f8c6     0x186b /home/student/riot-lab/lab/threading_irq/part_1/bin/b-l072z-lrwan1/stm32_clk/stmclk_l0l1.o
 .debug_info    0x0000000000021131      0x1bc /home/student/riot-lab/lab/threading_irq/part_1/bin/b-l072z-lrwan1/stm32_vectors/STM32L072xx.o
 .debug_info    0x00000000000212ed     0x2092 /home/student/riot-lab/lab/threading_irq/part_1/bin/b-l072z-lrwan1/xtimer/xtimer_core.o
 .debug_info    0x000000000002337f     0x2a70 /home/student/riot-lab/lab/threading_irq/part_1/bin/b-l072z-lrwan1/xtimer/xtimer.o
 .debug_info    0x0000000000025def       0x26 /usr/lib/gcc/arm-none-eabi/9.2.1/thumb/v6-m/nofp/libgcc.a(_thumb1_case_uqi.o)
 .debug_info    0x0000000000025e15       0x26 /usr/lib/gcc/arm-none-eabi/9.2.1/thumb/v6-m/nofp/libgcc.a(_udivsi3.o)
 .debug_info    0x0000000000025e3b       0x26 /usr/lib/gcc/arm-none-eabi/9.2.1/thumb/v6-m/nofp/libgcc.a(_divsi3.o)
 .debug_info    0x0000000000025e61       0x26 /usr/lib/gcc/arm-none-eabi/9.2.1/thumb/v6-m/nofp/libgcc.a(_dvmd_tls.o)
 .debug_info    0x0000000000025e87      0x92a /usr/lib/gcc/arm-none-eabi/9.2.1/../../../arm-none-eabi/lib/thumb/v6-m/nofp/libc_nano.a(lib_a-impure.o)
 .debug_info    0x00000000000267b1      0x11a /usr/lib/gcc/arm-none-eabi/9.2.1/../../../arm-none-eabi/lib/thumb/v6-m/nofp/libc_nano.a(lib_a-init.o)
 .debug_info    0x00000000000268cb      0xf35 /usr/lib/gcc/arm-none-eabi/9.2.1/../../../arm-none-eabi/lib/thumb/v6-m/nofp/libc_nano.a(lib_a-memcpy-stub.o)
 .debug_info    0x0000000000027800      0xf21 /usr/lib/gcc/arm-none-eabi/9.2.1/../../../arm-none-eabi/lib/thumb/v6-m/nofp/libc_nano.a(lib_a-memset.o)
 .debug_info    0x0000000000028721      0xb82 /usr/lib/gcc/arm-none-eabi/9.2.1/../../../arm-none-eabi/lib/thumb/v6-m/nofp/libc_nano.a(lib_a-nano-freer.o)
 .debug_info    0x00000000000292a3      0xc57 /usr/lib/gcc/arm-none-eabi/9.2.1/../../../arm-none-eabi/lib/thumb/v6-m/nofp/libc_nano.a(lib_a-nano-mallocr.o)
 .debug_info    0x0000000000029efa      0xc67 /usr/lib/gcc/arm-none-eabi/9.2.1/../../../arm-none-eabi/lib/thumb/v6-m/nofp/libc_nano.a(lib_a-printf.o)
 .debug_info    0x000000000002ab61      0xd23 /usr/lib/gcc/arm-none-eabi/9.2.1/../../../arm-none-eabi/lib/thumb/v6-m/nofp/libc_nano.a(lib_a-puts.o)
 .debug_info    0x000000000002b884      0xc90 /usr/lib/gcc/arm-none-eabi/9.2.1/../../../arm-none-eabi/lib/thumb/v6-m/nofp/libc_nano.a(lib_a-wbuf.o)
 .debug_info    0x000000000002c514      0xbfa /usr/lib/gcc/arm-none-eabi/9.2.1/../../../arm-none-eabi/lib/thumb/v6-m/nofp/libc_nano.a(lib_a-wsetup.o)
 .debug_info    0x000000000002d10e      0xd85 /usr/lib/gcc/arm-none-eabi/9.2.1/../../../arm-none-eabi/lib/thumb/v6-m/nofp/libc_nano.a(lib_a-fflush.o)
 .debug_info    0x000000000002de93     0x11a8 /usr/lib/gcc/arm-none-eabi/9.2.1/../../../arm-none-eabi/lib/thumb/v6-m/nofp/libc_nano.a(lib_a-findfp.o)
 .debug_info    0x000000000002f03b      0xca4 /usr/lib/gcc/arm-none-eabi/9.2.1/../../../arm-none-eabi/lib/thumb/v6-m/nofp/libc_nano.a(lib_a-fwalk.o)
 .debug_info    0x000000000002fcdf      0xf64 /usr/lib/gcc/arm-none-eabi/9.2.1/../../../arm-none-eabi/lib/thumb/v6-m/nofp/libc_nano.a(lib_a-makebuf.o)
 .debug_info    0x0000000000030c43      0x961 /usr/lib/gcc/arm-none-eabi/9.2.1/../../../arm-none-eabi/lib/thumb/v6-m/nofp/libc_nano.a(lib_a-mlock.o)
 .debug_info    0x00000000000315a4      0xb76 /usr/lib/gcc/arm-none-eabi/9.2.1/../../../arm-none-eabi/lib/thumb/v6-m/nofp/libc_nano.a(lib_a-nano-reallocr.o)
 .debug_info    0x000000000003211a     0x1793 /usr/lib/gcc/arm-none-eabi/9.2.1/../../../arm-none-eabi/lib/thumb/v6-m/nofp/libc_nano.a(lib_a-nano-vfprintf.o)
 .debug_info    0x00000000000338ad     0x158d /usr/lib/gcc/arm-none-eabi/9.2.1/../../../arm-none-eabi/lib/thumb/v6-m/nofp/libc_nano.a(lib_a-nano-vfprintf_i.o)
 .debug_info    0x0000000000034e3a      0xe6c /usr/lib/gcc/arm-none-eabi/9.2.1/../../../arm-none-eabi/lib/thumb/v6-m/nofp/libc_nano.a(lib_a-stdio.o)
 .debug_info    0x0000000000035ca6      0xf11 /usr/lib/gcc/arm-none-eabi/9.2.1/../../../arm-none-eabi/lib/thumb/v6-m/nofp/libc_nano.a(lib_a-fvwrite.o)
 .debug_info    0x0000000000036bb7      0x9e3 /usr/lib/gcc/arm-none-eabi/9.2.1/../../../arm-none-eabi/lib/thumb/v6-m/nofp/libc_nano.a(lib_a-memchr-stub.o)
 .debug_info    0x000000000003759a      0xf2b /usr/lib/gcc/arm-none-eabi/9.2.1/../../../arm-none-eabi/lib/thumb/v6-m/nofp/libc_nano.a(lib_a-memmove.o)
 .debug_info    0x00000000000384c5      0xaa6 /usr/lib/gcc/arm-none-eabi/9.2.1/../../../arm-none-eabi/lib/thumb/v6-m/nofp/libc_nano.a(lib_a-nano-msizer.o)

.debug_abbrev   0x0000000000000000     0x9e0b
 .debug_abbrev  0x0000000000000000      0x3a0 /home/student/riot-lab/lab/threading_irq/part_1/bin/b-l072z-lrwan1/application_lab/main.o
 .debug_abbrev  0x00000000000003a0      0x22c /home/student/riot-lab/lab/threading_irq/part_1/bin/b-l072z-lrwan1/auto_init/auto_init.o
 .debug_abbrev  0x00000000000005cc      0x2d6 /home/student/riot-lab/lab/threading_irq/part_1/bin/b-l072z-lrwan1/board/board.o
 .debug_abbrev  0x00000000000008a2      0x208 /home/student/riot-lab/lab/threading_irq/part_1/bin/b-l072z-lrwan1/core/bitarithm.o
 .debug_abbrev  0x0000000000000aaa      0x32c /home/student/riot-lab/lab/threading_irq/part_1/bin/b-l072z-lrwan1/core/init.o
 .debug_abbrev  0x0000000000000dd6      0x40a /home/student/riot-lab/lab/threading_irq/part_1/bin/b-l072z-lrwan1/core/mutex.o
 .debug_abbrev  0x00000000000011e0      0x364 /home/student/riot-lab/lab/threading_irq/part_1/bin/b-l072z-lrwan1/core/panic.o
 .debug_abbrev  0x0000000000001544      0x4b5 /home/student/riot-lab/lab/threading_irq/part_1/bin/b-l072z-lrwan1/core/sched.o
 .debug_abbrev  0x00000000000019f9      0x545 /home/student/riot-lab/lab/threading_irq/part_1/bin/b-l072z-lrwan1/core/thread.o
 .debug_abbrev  0x0000000000001f3e      0x39e /home/student/riot-lab/lab/threading_irq/part_1/bin/b-l072z-lrwan1/cortexm_common/cortexm_init.o
 .debug_abbrev  0x00000000000022dc      0x2fe /home/student/riot-lab/lab/threading_irq/part_1/bin/b-l072z-lrwan1/cortexm_common/panic.o
 .debug_abbrev  0x00000000000025da      0x484 /home/student/riot-lab/lab/threading_irq/part_1/bin/b-l072z-lrwan1/cortexm_common/thread_arch.o
 .debug_abbrev  0x0000000000002a5e      0x445 /home/student/riot-lab/lab/threading_irq/part_1/bin/b-l072z-lrwan1/cortexm_common/vectors_cortexm.o
 .debug_abbrev  0x0000000000002ea3      0x363 /home/student/riot-lab/lab/threading_irq/part_1/bin/b-l072z-lrwan1/cpu/cpu_common.o
 .debug_abbrev  0x0000000000003206      0x30c /home/student/riot-lab/lab/threading_irq/part_1/bin/b-l072z-lrwan1/cpu/cpu_init.o
 .debug_abbrev  0x0000000000003512      0x56b /home/student/riot-lab/lab/threading_irq/part_1/bin/b-l072z-lrwan1/newlib_syscalls_default/syscalls.o
 .debug_abbrev  0x0000000000003a7d      0x26a /home/student/riot-lab/lab/threading_irq/part_1/bin/b-l072z-lrwan1/periph_common/init.o
 .debug_abbrev  0x0000000000003ce7      0x515 /home/student/riot-lab/lab/threading_irq/part_1/bin/b-l072z-lrwan1/periph/gpio_all.o
 .debug_abbrev  0x00000000000041fc      0x379 /home/student/riot-lab/lab/threading_irq/part_1/bin/b-l072z-lrwan1/periph/pm.o
 .debug_abbrev  0x0000000000004575      0x4c0 /home/student/riot-lab/lab/threading_irq/part_1/bin/b-l072z-lrwan1/periph/timer.o
 .debug_abbrev  0x0000000000004a35      0x543 /home/student/riot-lab/lab/threading_irq/part_1/bin/b-l072z-lrwan1/periph/uart.o
 .debug_abbrev  0x0000000000004f78      0x3b5 /home/student/riot-lab/lab/threading_irq/part_1/bin/b-l072z-lrwan1/pm_layered/pm.o
 .debug_abbrev  0x000000000000532d      0x349 /home/student/riot-lab/lab/threading_irq/part_1/bin/b-l072z-lrwan1/stdio_uart/stdio_uart.o
 .debug_abbrev  0x0000000000005676      0x2c4 /home/student/riot-lab/lab/threading_irq/part_1/bin/b-l072z-lrwan1/stm32_clk/stmclk_common.o
 .debug_abbrev  0x000000000000593a      0x38e /home/student/riot-lab/lab/threading_irq/part_1/bin/b-l072z-lrwan1/stm32_clk/stmclk_l0l1.o
 .debug_abbrev  0x0000000000005cc8       0xd7 /home/student/riot-lab/lab/threading_irq/part_1/bin/b-l072z-lrwan1/stm32_vectors/STM32L072xx.o
 .debug_abbrev  0x0000000000005d9f      0x531 /home/student/riot-lab/lab/threading_irq/part_1/bin/b-l072z-lrwan1/xtimer/xtimer_core.o
 .debug_abbrev  0x00000000000062d0      0x574 /home/student/riot-lab/lab/threading_irq/part_1/bin/b-l072z-lrwan1/xtimer/xtimer.o
 .debug_abbrev  0x0000000000006844       0x14 /usr/lib/gcc/arm-none-eabi/9.2.1/thumb/v6-m/nofp/libgcc.a(_thumb1_case_uqi.o)
 .debug_abbrev  0x0000000000006858       0x14 /usr/lib/gcc/arm-none-eabi/9.2.1/thumb/v6-m/nofp/libgcc.a(_udivsi3.o)
 .debug_abbrev  0x000000000000686c       0x14 /usr/lib/gcc/arm-none-eabi/9.2.1/thumb/v6-m/nofp/libgcc.a(_divsi3.o)
 .debug_abbrev  0x0000000000006880       0x14 /usr/lib/gcc/arm-none-eabi/9.2.1/thumb/v6-m/nofp/libgcc.a(_dvmd_tls.o)
 .debug_abbrev  0x0000000000006894      0x17a /usr/lib/gcc/arm-none-eabi/9.2.1/../../../arm-none-eabi/lib/thumb/v6-m/nofp/libc_nano.a(lib_a-impure.o)
 .debug_abbrev  0x0000000000006a0e       0xcc /usr/lib/gcc/arm-none-eabi/9.2.1/../../../arm-none-eabi/lib/thumb/v6-m/nofp/libc_nano.a(lib_a-init.o)
 .debug_abbrev  0x0000000000006ada      0x1e5 /usr/lib/gcc/arm-none-eabi/9.2.1/../../../arm-none-eabi/lib/thumb/v6-m/nofp/libc_nano.a(lib_a-memcpy-stub.o)
 .debug_abbrev  0x0000000000006cbf      0x1d9 /usr/lib/gcc/arm-none-eabi/9.2.1/../../../arm-none-eabi/lib/thumb/v6-m/nofp/libc_nano.a(lib_a-memset.o)
 .debug_abbrev  0x0000000000006e98      0x273 /usr/lib/gcc/arm-none-eabi/9.2.1/../../../arm-none-eabi/lib/thumb/v6-m/nofp/libc_nano.a(lib_a-nano-freer.o)
 .debug_abbrev  0x000000000000710b      0x2d8 /usr/lib/gcc/arm-none-eabi/9.2.1/../../../arm-none-eabi/lib/thumb/v6-m/nofp/libc_nano.a(lib_a-nano-mallocr.o)
 .debug_abbrev  0x00000000000073e3      0x29f /usr/lib/gcc/arm-none-eabi/9.2.1/../../../arm-none-eabi/lib/thumb/v6-m/nofp/libc_nano.a(lib_a-printf.o)
 .debug_abbrev  0x0000000000007682      0x2c9 /usr/lib/gcc/arm-none-eabi/9.2.1/../../../arm-none-eabi/lib/thumb/v6-m/nofp/libc_nano.a(lib_a-puts.o)
 .debug_abbrev  0x000000000000794b      0x277 /usr/lib/gcc/arm-none-eabi/9.2.1/../../../arm-none-eabi/lib/thumb/v6-m/nofp/libc_nano.a(lib_a-wbuf.o)
 .debug_abbrev  0x0000000000007bc2      0x23a /usr/lib/gcc/arm-none-eabi/9.2.1/../../../arm-none-eabi/lib/thumb/v6-m/nofp/libc_nano.a(lib_a-wsetup.o)
 .debug_abbrev  0x0000000000007dfc      0x2c4 /usr/lib/gcc/arm-none-eabi/9.2.1/../../../arm-none-eabi/lib/thumb/v6-m/nofp/libc_nano.a(lib_a-fflush.o)
 .debug_abbrev  0x00000000000080c0      0x3cb /usr/lib/gcc/arm-none-eabi/9.2.1/../../../arm-none-eabi/lib/thumb/v6-m/nofp/libc_nano.a(lib_a-findfp.o)
 .debug_abbrev  0x000000000000848b      0x210 /usr/lib/gcc/arm-none-eabi/9.2.1/../../../arm-none-eabi/lib/thumb/v6-m/nofp/libc_nano.a(lib_a-fwalk.o)
 .debug_abbrev  0x000000000000869b      0x2fa /usr/lib/gcc/arm-none-eabi/9.2.1/../../../arm-none-eabi/lib/thumb/v6-m/nofp/libc_nano.a(lib_a-makebuf.o)
 .debug_abbrev  0x0000000000008995      0x1c5 /usr/lib/gcc/arm-none-eabi/9.2.1/../../../arm-none-eabi/lib/thumb/v6-m/nofp/libc_nano.a(lib_a-mlock.o)
 .debug_abbrev  0x0000000000008b5a      0x227 /usr/lib/gcc/arm-none-eabi/9.2.1/../../../arm-none-eabi/lib/thumb/v6-m/nofp/libc_nano.a(lib_a-nano-reallocr.o)
 .debug_abbrev  0x0000000000008d81      0x31b /usr/lib/gcc/arm-none-eabi/9.2.1/../../../arm-none-eabi/lib/thumb/v6-m/nofp/libc_nano.a(lib_a-nano-vfprintf.o)
 .debug_abbrev  0x000000000000909c      0x30b /usr/lib/gcc/arm-none-eabi/9.2.1/../../../arm-none-eabi/lib/thumb/v6-m/nofp/libc_nano.a(lib_a-nano-vfprintf_i.o)
 .debug_abbrev  0x00000000000093a7      0x24f /usr/lib/gcc/arm-none-eabi/9.2.1/../../../arm-none-eabi/lib/thumb/v6-m/nofp/libc_nano.a(lib_a-stdio.o)
 .debug_abbrev  0x00000000000095f6      0x27b /usr/lib/gcc/arm-none-eabi/9.2.1/../../../arm-none-eabi/lib/thumb/v6-m/nofp/libc_nano.a(lib_a-fvwrite.o)
 .debug_abbrev  0x0000000000009871      0x1d7 /usr/lib/gcc/arm-none-eabi/9.2.1/../../../arm-none-eabi/lib/thumb/v6-m/nofp/libc_nano.a(lib_a-memchr-stub.o)
 .debug_abbrev  0x0000000000009a48      0x1de /usr/lib/gcc/arm-none-eabi/9.2.1/../../../arm-none-eabi/lib/thumb/v6-m/nofp/libc_nano.a(lib_a-memmove.o)
 .debug_abbrev  0x0000000000009c26      0x1e5 /usr/lib/gcc/arm-none-eabi/9.2.1/../../../arm-none-eabi/lib/thumb/v6-m/nofp/libc_nano.a(lib_a-nano-msizer.o)

.debug_loc      0x0000000000000000     0x994b
 .debug_loc     0x0000000000000000       0x82 /home/student/riot-lab/lab/threading_irq/part_1/bin/b-l072z-lrwan1/application_lab/main.o
 .debug_loc     0x0000000000000082       0x2a /home/student/riot-lab/lab/threading_irq/part_1/bin/b-l072z-lrwan1/board/board.o
 .debug_loc     0x00000000000000ac      0x149 /home/student/riot-lab/lab/threading_irq/part_1/bin/b-l072z-lrwan1/core/bitarithm.o
 .debug_loc     0x00000000000001f5       0x4f /home/student/riot-lab/lab/threading_irq/part_1/bin/b-l072z-lrwan1/core/init.o
 .debug_loc     0x0000000000000244      0x837 /home/student/riot-lab/lab/threading_irq/part_1/bin/b-l072z-lrwan1/core/mutex.o
 .debug_loc     0x0000000000000a7b       0x86 /home/student/riot-lab/lab/threading_irq/part_1/bin/b-l072z-lrwan1/core/panic.o
 .debug_loc     0x0000000000000b01      0x280 /home/student/riot-lab/lab/threading_irq/part_1/bin/b-l072z-lrwan1/core/sched.o
 .debug_loc     0x0000000000000d81      0x9e9 /home/student/riot-lab/lab/threading_irq/part_1/bin/b-l072z-lrwan1/core/thread.o
 .debug_loc     0x000000000000176a      0x184 /home/student/riot-lab/lab/threading_irq/part_1/bin/b-l072z-lrwan1/cortexm_common/cortexm_init.o
 .debug_loc     0x00000000000018ee       0x63 /home/student/riot-lab/lab/threading_irq/part_1/bin/b-l072z-lrwan1/cortexm_common/panic.o
 .debug_loc     0x0000000000001951      0x3cf /home/student/riot-lab/lab/threading_irq/part_1/bin/b-l072z-lrwan1/cortexm_common/thread_arch.o
 .debug_loc     0x0000000000001d20      0x400 /home/student/riot-lab/lab/threading_irq/part_1/bin/b-l072z-lrwan1/cortexm_common/vectors_cortexm.o
 .debug_loc     0x0000000000002120      0x125 /home/student/riot-lab/lab/threading_irq/part_1/bin/b-l072z-lrwan1/cpu/cpu_common.o
 .debug_loc     0x0000000000002245       0x2a /home/student/riot-lab/lab/threading_irq/part_1/bin/b-l072z-lrwan1/cpu/cpu_init.o
 .debug_loc     0x000000000000226f      0x703 /home/student/riot-lab/lab/threading_irq/part_1/bin/b-l072z-lrwan1/newlib_syscalls_default/syscalls.o
 .debug_loc     0x0000000000002972       0x2a /home/student/riot-lab/lab/threading_irq/part_1/bin/b-l072z-lrwan1/periph_common/init.o
 .debug_loc     0x000000000000299c      0x7dc /home/student/riot-lab/lab/threading_irq/part_1/bin/b-l072z-lrwan1/periph/gpio_all.o
 .debug_loc     0x0000000000003178      0x156 /home/student/riot-lab/lab/threading_irq/part_1/bin/b-l072z-lrwan1/periph/pm.o
 .debug_loc     0x00000000000032ce      0x3ef /home/student/riot-lab/lab/threading_irq/part_1/bin/b-l072z-lrwan1/periph/timer.o
 .debug_loc     0x00000000000036bd      0x57a /home/student/riot-lab/lab/threading_irq/part_1/bin/b-l072z-lrwan1/periph/uart.o
 .debug_loc     0x0000000000003c37      0x24f /home/student/riot-lab/lab/threading_irq/part_1/bin/b-l072z-lrwan1/pm_layered/pm.o
 .debug_loc     0x0000000000003e86       0xbd /home/student/riot-lab/lab/threading_irq/part_1/bin/b-l072z-lrwan1/stdio_uart/stdio_uart.o
 .debug_loc     0x0000000000003f43       0x2a /home/student/riot-lab/lab/threading_irq/part_1/bin/b-l072z-lrwan1/stm32_clk/stmclk_common.o
 .debug_loc     0x0000000000003f6d       0x93 /home/student/riot-lab/lab/threading_irq/part_1/bin/b-l072z-lrwan1/stm32_clk/stmclk_l0l1.o
 .debug_loc     0x0000000000004000      0x7b9 /home/student/riot-lab/lab/threading_irq/part_1/bin/b-l072z-lrwan1/xtimer/xtimer_core.o
 .debug_loc     0x00000000000047b9     0x1026 /home/student/riot-lab/lab/threading_irq/part_1/bin/b-l072z-lrwan1/xtimer/xtimer.o
 .debug_loc     0x00000000000057df       0x98 /usr/lib/gcc/arm-none-eabi/9.2.1/../../../arm-none-eabi/lib/thumb/v6-m/nofp/libc_nano.a(lib_a-init.o)
 .debug_loc     0x0000000000005877      0x481 /usr/lib/gcc/arm-none-eabi/9.2.1/../../../arm-none-eabi/lib/thumb/v6-m/nofp/libc_nano.a(lib_a-memcpy-stub.o)
 .debug_loc     0x0000000000005cf8      0x2df /usr/lib/gcc/arm-none-eabi/9.2.1/../../../arm-none-eabi/lib/thumb/v6-m/nofp/libc_nano.a(lib_a-memset.o)
 .debug_loc     0x0000000000005fd7      0x1ca /usr/lib/gcc/arm-none-eabi/9.2.1/../../../arm-none-eabi/lib/thumb/v6-m/nofp/libc_nano.a(lib_a-nano-freer.o)
 .debug_loc     0x00000000000061a1      0x2cc /usr/lib/gcc/arm-none-eabi/9.2.1/../../../arm-none-eabi/lib/thumb/v6-m/nofp/libc_nano.a(lib_a-nano-mallocr.o)
 .debug_loc     0x000000000000646d       0x98 /usr/lib/gcc/arm-none-eabi/9.2.1/../../../arm-none-eabi/lib/thumb/v6-m/nofp/libc_nano.a(lib_a-printf.o)
 .debug_loc     0x0000000000006505      0x2ad /usr/lib/gcc/arm-none-eabi/9.2.1/../../../arm-none-eabi/lib/thumb/v6-m/nofp/libc_nano.a(lib_a-puts.o)
 .debug_loc     0x00000000000067b2      0x1a3 /usr/lib/gcc/arm-none-eabi/9.2.1/../../../arm-none-eabi/lib/thumb/v6-m/nofp/libc_nano.a(lib_a-wbuf.o)
 .debug_loc     0x0000000000006955       0xaa /usr/lib/gcc/arm-none-eabi/9.2.1/../../../arm-none-eabi/lib/thumb/v6-m/nofp/libc_nano.a(lib_a-wsetup.o)
 .debug_loc     0x00000000000069ff      0x36e /usr/lib/gcc/arm-none-eabi/9.2.1/../../../arm-none-eabi/lib/thumb/v6-m/nofp/libc_nano.a(lib_a-fflush.o)
 .debug_loc     0x0000000000006d6d      0x373 /usr/lib/gcc/arm-none-eabi/9.2.1/../../../arm-none-eabi/lib/thumb/v6-m/nofp/libc_nano.a(lib_a-findfp.o)
 .debug_loc     0x00000000000070e0      0x1f2 /usr/lib/gcc/arm-none-eabi/9.2.1/../../../arm-none-eabi/lib/thumb/v6-m/nofp/libc_nano.a(lib_a-fwalk.o)
 .debug_loc     0x00000000000072d2      0x223 /usr/lib/gcc/arm-none-eabi/9.2.1/../../../arm-none-eabi/lib/thumb/v6-m/nofp/libc_nano.a(lib_a-makebuf.o)
 .debug_loc     0x00000000000074f5      0x17b /usr/lib/gcc/arm-none-eabi/9.2.1/../../../arm-none-eabi/lib/thumb/v6-m/nofp/libc_nano.a(lib_a-nano-reallocr.o)
 .debug_loc     0x0000000000007670      0x852 /usr/lib/gcc/arm-none-eabi/9.2.1/../../../arm-none-eabi/lib/thumb/v6-m/nofp/libc_nano.a(lib_a-nano-vfprintf.o)
 .debug_loc     0x0000000000007ec2      0x849 /usr/lib/gcc/arm-none-eabi/9.2.1/../../../arm-none-eabi/lib/thumb/v6-m/nofp/libc_nano.a(lib_a-nano-vfprintf_i.o)
 .debug_loc     0x000000000000870b      0x3f5 /usr/lib/gcc/arm-none-eabi/9.2.1/../../../arm-none-eabi/lib/thumb/v6-m/nofp/libc_nano.a(lib_a-stdio.o)
 .debug_loc     0x0000000000008b00      0x6c4 /usr/lib/gcc/arm-none-eabi/9.2.1/../../../arm-none-eabi/lib/thumb/v6-m/nofp/libc_nano.a(lib_a-fvwrite.o)
 .debug_loc     0x00000000000091c4      0x1b3 /usr/lib/gcc/arm-none-eabi/9.2.1/../../../arm-none-eabi/lib/thumb/v6-m/nofp/libc_nano.a(lib_a-memchr-stub.o)
 .debug_loc     0x0000000000009377      0x508 /usr/lib/gcc/arm-none-eabi/9.2.1/../../../arm-none-eabi/lib/thumb/v6-m/nofp/libc_nano.a(lib_a-memmove.o)
 .debug_loc     0x000000000000987f       0xcc /usr/lib/gcc/arm-none-eabi/9.2.1/../../../arm-none-eabi/lib/thumb/v6-m/nofp/libc_nano.a(lib_a-nano-msizer.o)

.debug_aranges  0x0000000000000000      0xb60
 .debug_aranges
                0x0000000000000000       0x30 /home/student/riot-lab/lab/threading_irq/part_1/bin/b-l072z-lrwan1/application_lab/main.o
 .debug_aranges
                0x0000000000000030       0x20 /home/student/riot-lab/lab/threading_irq/part_1/bin/b-l072z-lrwan1/auto_init/auto_init.o
 .debug_aranges
                0x0000000000000050       0x28 /home/student/riot-lab/lab/threading_irq/part_1/bin/b-l072z-lrwan1/board/board.o
 .debug_aranges
                0x0000000000000078       0x28 /home/student/riot-lab/lab/threading_irq/part_1/bin/b-l072z-lrwan1/core/bitarithm.o
 .debug_aranges
                0x00000000000000a0       0x30 /home/student/riot-lab/lab/threading_irq/part_1/bin/b-l072z-lrwan1/core/init.o
 .debug_aranges
                0x00000000000000d0       0x50 /home/student/riot-lab/lab/threading_irq/part_1/bin/b-l072z-lrwan1/core/mutex.o
 .debug_aranges
                0x0000000000000120       0x38 /home/student/riot-lab/lab/threading_irq/part_1/bin/b-l072z-lrwan1/core/panic.o
 .debug_aranges
                0x0000000000000158       0x40 /home/student/riot-lab/lab/threading_irq/part_1/bin/b-l072z-lrwan1/core/sched.o
 .debug_aranges
                0x0000000000000198       0x78 /home/student/riot-lab/lab/threading_irq/part_1/bin/b-l072z-lrwan1/core/thread.o
 .debug_aranges
                0x0000000000000210       0x30 /home/student/riot-lab/lab/threading_irq/part_1/bin/b-l072z-lrwan1/cortexm_common/cortexm_init.o
 .debug_aranges
                0x0000000000000240       0x28 /home/student/riot-lab/lab/threading_irq/part_1/bin/b-l072z-lrwan1/cortexm_common/panic.o
 .debug_aranges
                0x0000000000000268       0x68 /home/student/riot-lab/lab/threading_irq/part_1/bin/b-l072z-lrwan1/cortexm_common/thread_arch.o
 .debug_aranges
                0x00000000000002d0       0x50 /home/student/riot-lab/lab/threading_irq/part_1/bin/b-l072z-lrwan1/cortexm_common/vectors_cortexm.o
 .debug_aranges
                0x0000000000000320       0x40 /home/student/riot-lab/lab/threading_irq/part_1/bin/b-l072z-lrwan1/cpu/cpu_common.o
 .debug_aranges
                0x0000000000000360       0x30 /home/student/riot-lab/lab/threading_irq/part_1/bin/b-l072z-lrwan1/cpu/cpu_init.o
 .debug_aranges
                0x0000000000000390       0xc8 /home/student/riot-lab/lab/threading_irq/part_1/bin/b-l072z-lrwan1/newlib_syscalls_default/syscalls.o
 .debug_aranges
                0x0000000000000458       0x28 /home/student/riot-lab/lab/threading_irq/part_1/bin/b-l072z-lrwan1/periph_common/init.o
 .debug_aranges
                0x0000000000000480       0x80 /home/student/riot-lab/lab/threading_irq/part_1/bin/b-l072z-lrwan1/periph/gpio_all.o
 .debug_aranges
                0x0000000000000500       0x28 /home/student/riot-lab/lab/threading_irq/part_1/bin/b-l072z-lrwan1/periph/pm.o
 .debug_aranges
                0x0000000000000528       0x58 /home/student/riot-lab/lab/threading_irq/part_1/bin/b-l072z-lrwan1/periph/timer.o
 .debug_aranges
                0x0000000000000580       0x60 /home/student/riot-lab/lab/threading_irq/part_1/bin/b-l072z-lrwan1/periph/uart.o
 .debug_aranges
                0x00000000000005e0       0x48 /home/student/riot-lab/lab/threading_irq/part_1/bin/b-l072z-lrwan1/pm_layered/pm.o
 .debug_aranges
                0x0000000000000628       0x38 /home/student/riot-lab/lab/threading_irq/part_1/bin/b-l072z-lrwan1/stdio_uart/stdio_uart.o
 .debug_aranges
                0x0000000000000660       0x50 /home/student/riot-lab/lab/threading_irq/part_1/bin/b-l072z-lrwan1/stm32_clk/stmclk_common.o
 .debug_aranges
                0x00000000000006b0       0x28 /home/student/riot-lab/lab/threading_irq/part_1/bin/b-l072z-lrwan1/stm32_clk/stmclk_l0l1.o
 .debug_aranges
                0x00000000000006d8       0x20 /home/student/riot-lab/lab/threading_irq/part_1/bin/b-l072z-lrwan1/stm32_vectors/STM32L072xx.o
 .debug_aranges
                0x00000000000006f8       0x68 /home/student/riot-lab/lab/threading_irq/part_1/bin/b-l072z-lrwan1/xtimer/xtimer_core.o
 .debug_aranges
                0x0000000000000760       0xa8 /home/student/riot-lab/lab/threading_irq/part_1/bin/b-l072z-lrwan1/xtimer/xtimer.o
 .debug_aranges
                0x0000000000000808       0x20 /usr/lib/gcc/arm-none-eabi/9.2.1/thumb/v6-m/nofp/libgcc.a(_thumb1_case_uqi.o)
 .debug_aranges
                0x0000000000000828       0x20 /usr/lib/gcc/arm-none-eabi/9.2.1/thumb/v6-m/nofp/libgcc.a(_udivsi3.o)
 .debug_aranges
                0x0000000000000848       0x20 /usr/lib/gcc/arm-none-eabi/9.2.1/thumb/v6-m/nofp/libgcc.a(_divsi3.o)
 .debug_aranges
                0x0000000000000868       0x20 /usr/lib/gcc/arm-none-eabi/9.2.1/thumb/v6-m/nofp/libgcc.a(_dvmd_tls.o)
 .debug_aranges
                0x0000000000000888       0x18 /usr/lib/gcc/arm-none-eabi/9.2.1/../../../arm-none-eabi/lib/thumb/v6-m/nofp/libc_nano.a(lib_a-impure.o)
 .debug_aranges
                0x00000000000008a0       0x20 /usr/lib/gcc/arm-none-eabi/9.2.1/../../../arm-none-eabi/lib/thumb/v6-m/nofp/libc_nano.a(lib_a-init.o)
 .debug_aranges
                0x00000000000008c0       0x20 /usr/lib/gcc/arm-none-eabi/9.2.1/../../../arm-none-eabi/lib/thumb/v6-m/nofp/libc_nano.a(lib_a-memcpy-stub.o)
 .debug_aranges
                0x00000000000008e0       0x20 /usr/lib/gcc/arm-none-eabi/9.2.1/../../../arm-none-eabi/lib/thumb/v6-m/nofp/libc_nano.a(lib_a-memset.o)
 .debug_aranges
                0x0000000000000900       0x20 /usr/lib/gcc/arm-none-eabi/9.2.1/../../../arm-none-eabi/lib/thumb/v6-m/nofp/libc_nano.a(lib_a-nano-freer.o)
 .debug_aranges
                0x0000000000000920       0x20 /usr/lib/gcc/arm-none-eabi/9.2.1/../../../arm-none-eabi/lib/thumb/v6-m/nofp/libc_nano.a(lib_a-nano-mallocr.o)
 .debug_aranges
                0x0000000000000940       0x20 /usr/lib/gcc/arm-none-eabi/9.2.1/../../../arm-none-eabi/lib/thumb/v6-m/nofp/libc_nano.a(lib_a-printf.o)
 .debug_aranges
                0x0000000000000960       0x20 /usr/lib/gcc/arm-none-eabi/9.2.1/../../../arm-none-eabi/lib/thumb/v6-m/nofp/libc_nano.a(lib_a-puts.o)
 .debug_aranges
                0x0000000000000980       0x20 /usr/lib/gcc/arm-none-eabi/9.2.1/../../../arm-none-eabi/lib/thumb/v6-m/nofp/libc_nano.a(lib_a-wbuf.o)
 .debug_aranges
                0x00000000000009a0       0x20 /usr/lib/gcc/arm-none-eabi/9.2.1/../../../arm-none-eabi/lib/thumb/v6-m/nofp/libc_nano.a(lib_a-wsetup.o)
 .debug_aranges
                0x00000000000009c0       0x20 /usr/lib/gcc/arm-none-eabi/9.2.1/../../../arm-none-eabi/lib/thumb/v6-m/nofp/libc_nano.a(lib_a-fflush.o)
 .debug_aranges
                0x00000000000009e0       0x20 /usr/lib/gcc/arm-none-eabi/9.2.1/../../../arm-none-eabi/lib/thumb/v6-m/nofp/libc_nano.a(lib_a-findfp.o)
 .debug_aranges
                0x0000000000000a00       0x20 /usr/lib/gcc/arm-none-eabi/9.2.1/../../../arm-none-eabi/lib/thumb/v6-m/nofp/libc_nano.a(lib_a-fwalk.o)
 .debug_aranges
                0x0000000000000a20       0x20 /usr/lib/gcc/arm-none-eabi/9.2.1/../../../arm-none-eabi/lib/thumb/v6-m/nofp/libc_nano.a(lib_a-makebuf.o)
 .debug_aranges
                0x0000000000000a40       0x20 /usr/lib/gcc/arm-none-eabi/9.2.1/../../../arm-none-eabi/lib/thumb/v6-m/nofp/libc_nano.a(lib_a-mlock.o)
 .debug_aranges
                0x0000000000000a60       0x20 /usr/lib/gcc/arm-none-eabi/9.2.1/../../../arm-none-eabi/lib/thumb/v6-m/nofp/libc_nano.a(lib_a-nano-reallocr.o)
 .debug_aranges
                0x0000000000000a80       0x20 /usr/lib/gcc/arm-none-eabi/9.2.1/../../../arm-none-eabi/lib/thumb/v6-m/nofp/libc_nano.a(lib_a-nano-vfprintf.o)
 .debug_aranges
                0x0000000000000aa0       0x20 /usr/lib/gcc/arm-none-eabi/9.2.1/../../../arm-none-eabi/lib/thumb/v6-m/nofp/libc_nano.a(lib_a-nano-vfprintf_i.o)
 .debug_aranges
                0x0000000000000ac0       0x20 /usr/lib/gcc/arm-none-eabi/9.2.1/../../../arm-none-eabi/lib/thumb/v6-m/nofp/libc_nano.a(lib_a-stdio.o)
 .debug_aranges
                0x0000000000000ae0       0x20 /usr/lib/gcc/arm-none-eabi/9.2.1/../../../arm-none-eabi/lib/thumb/v6-m/nofp/libc_nano.a(lib_a-fvwrite.o)
 .debug_aranges
                0x0000000000000b00       0x20 /usr/lib/gcc/arm-none-eabi/9.2.1/../../../arm-none-eabi/lib/thumb/v6-m/nofp/libc_nano.a(lib_a-memchr-stub.o)
 .debug_aranges
                0x0000000000000b20       0x20 /usr/lib/gcc/arm-none-eabi/9.2.1/../../../arm-none-eabi/lib/thumb/v6-m/nofp/libc_nano.a(lib_a-memmove.o)
 .debug_aranges
                0x0000000000000b40       0x20 /usr/lib/gcc/arm-none-eabi/9.2.1/../../../arm-none-eabi/lib/thumb/v6-m/nofp/libc_nano.a(lib_a-nano-msizer.o)

.debug_ranges   0x0000000000000000     0x1d30
 .debug_ranges  0x0000000000000000       0x40 /home/student/riot-lab/lab/threading_irq/part_1/bin/b-l072z-lrwan1/application_lab/main.o
 .debug_ranges  0x0000000000000040       0x28 /home/student/riot-lab/lab/threading_irq/part_1/bin/b-l072z-lrwan1/auto_init/auto_init.o
 .debug_ranges  0x0000000000000068       0x18 /home/student/riot-lab/lab/threading_irq/part_1/bin/b-l072z-lrwan1/board/board.o
 .debug_ranges  0x0000000000000080       0x18 /home/student/riot-lab/lab/threading_irq/part_1/bin/b-l072z-lrwan1/core/bitarithm.o
 .debug_ranges  0x0000000000000098       0x50 /home/student/riot-lab/lab/threading_irq/part_1/bin/b-l072z-lrwan1/core/init.o
 .debug_ranges  0x00000000000000e8      0x2a8 /home/student/riot-lab/lab/threading_irq/part_1/bin/b-l072z-lrwan1/core/mutex.o
 .debug_ranges  0x0000000000000390       0x28 /home/student/riot-lab/lab/threading_irq/part_1/bin/b-l072z-lrwan1/core/panic.o
 .debug_ranges  0x00000000000003b8      0x160 /home/student/riot-lab/lab/threading_irq/part_1/bin/b-l072z-lrwan1/core/sched.o
 .debug_ranges  0x0000000000000518      0x2b0 /home/student/riot-lab/lab/threading_irq/part_1/bin/b-l072z-lrwan1/core/thread.o
 .debug_ranges  0x00000000000007c8      0x110 /home/student/riot-lab/lab/threading_irq/part_1/bin/b-l072z-lrwan1/cortexm_common/cortexm_init.o
 .debug_ranges  0x00000000000008d8       0x48 /home/student/riot-lab/lab/threading_irq/part_1/bin/b-l072z-lrwan1/cortexm_common/panic.o
 .debug_ranges  0x0000000000000920       0x88 /home/student/riot-lab/lab/threading_irq/part_1/bin/b-l072z-lrwan1/cortexm_common/thread_arch.o
 .debug_ranges  0x00000000000009a8       0x58 /home/student/riot-lab/lab/threading_irq/part_1/bin/b-l072z-lrwan1/cortexm_common/vectors_cortexm.o
 .debug_ranges  0x0000000000000a00       0x30 /home/student/riot-lab/lab/threading_irq/part_1/bin/b-l072z-lrwan1/cpu/cpu_common.o
 .debug_ranges  0x0000000000000a30       0x20 /home/student/riot-lab/lab/threading_irq/part_1/bin/b-l072z-lrwan1/cpu/cpu_init.o
 .debug_ranges  0x0000000000000a50      0x218 /home/student/riot-lab/lab/threading_irq/part_1/bin/b-l072z-lrwan1/newlib_syscalls_default/syscalls.o
 .debug_ranges  0x0000000000000c68       0x18 /home/student/riot-lab/lab/threading_irq/part_1/bin/b-l072z-lrwan1/periph_common/init.o
 .debug_ranges  0x0000000000000c80      0x308 /home/student/riot-lab/lab/threading_irq/part_1/bin/b-l072z-lrwan1/periph/gpio_all.o
 .debug_ranges  0x0000000000000f88       0x60 /home/student/riot-lab/lab/threading_irq/part_1/bin/b-l072z-lrwan1/periph/pm.o
 .debug_ranges  0x0000000000000fe8      0x150 /home/student/riot-lab/lab/threading_irq/part_1/bin/b-l072z-lrwan1/periph/timer.o
 .debug_ranges  0x0000000000001138      0x160 /home/student/riot-lab/lab/threading_irq/part_1/bin/b-l072z-lrwan1/periph/uart.o
 .debug_ranges  0x0000000000001298       0xe8 /home/student/riot-lab/lab/threading_irq/part_1/bin/b-l072z-lrwan1/pm_layered/pm.o
 .debug_ranges  0x0000000000001380       0x28 /home/student/riot-lab/lab/threading_irq/part_1/bin/b-l072z-lrwan1/stdio_uart/stdio_uart.o
 .debug_ranges  0x00000000000013a8       0x40 /home/student/riot-lab/lab/threading_irq/part_1/bin/b-l072z-lrwan1/stm32_clk/stmclk_common.o
 .debug_ranges  0x00000000000013e8       0x60 /home/student/riot-lab/lab/threading_irq/part_1/bin/b-l072z-lrwan1/stm32_clk/stmclk_l0l1.o
 .debug_ranges  0x0000000000001448       0x10 /home/student/riot-lab/lab/threading_irq/part_1/bin/b-l072z-lrwan1/stm32_vectors/STM32L072xx.o
 .debug_ranges  0x0000000000001458      0x1e0 /home/student/riot-lab/lab/threading_irq/part_1/bin/b-l072z-lrwan1/xtimer/xtimer_core.o
 .debug_ranges  0x0000000000001638      0x3d0 /home/student/riot-lab/lab/threading_irq/part_1/bin/b-l072z-lrwan1/xtimer/xtimer.o
 .debug_ranges  0x0000000000001a08       0x18 /usr/lib/gcc/arm-none-eabi/9.2.1/../../../arm-none-eabi/lib/thumb/v6-m/nofp/libc_nano.a(lib_a-nano-freer.o)
 .debug_ranges  0x0000000000001a20       0x38 /usr/lib/gcc/arm-none-eabi/9.2.1/../../../arm-none-eabi/lib/thumb/v6-m/nofp/libc_nano.a(lib_a-nano-mallocr.o)
 .debug_ranges  0x0000000000001a58       0x60 /usr/lib/gcc/arm-none-eabi/9.2.1/../../../arm-none-eabi/lib/thumb/v6-m/nofp/libc_nano.a(lib_a-puts.o)
 .debug_ranges  0x0000000000001ab8       0x30 /usr/lib/gcc/arm-none-eabi/9.2.1/../../../arm-none-eabi/lib/thumb/v6-m/nofp/libc_nano.a(lib_a-wbuf.o)
 .debug_ranges  0x0000000000001ae8       0x38 /usr/lib/gcc/arm-none-eabi/9.2.1/../../../arm-none-eabi/lib/thumb/v6-m/nofp/libc_nano.a(lib_a-wsetup.o)
 .debug_ranges  0x0000000000001b20       0x48 /usr/lib/gcc/arm-none-eabi/9.2.1/../../../arm-none-eabi/lib/thumb/v6-m/nofp/libc_nano.a(lib_a-fflush.o)
 .debug_ranges  0x0000000000001b68       0xb8 /usr/lib/gcc/arm-none-eabi/9.2.1/../../../arm-none-eabi/lib/thumb/v6-m/nofp/libc_nano.a(lib_a-findfp.o)
 .debug_ranges  0x0000000000001c20       0x30 /usr/lib/gcc/arm-none-eabi/9.2.1/../../../arm-none-eabi/lib/thumb/v6-m/nofp/libc_nano.a(lib_a-nano-vfprintf.o)
 .debug_ranges  0x0000000000001c50       0xc0 /usr/lib/gcc/arm-none-eabi/9.2.1/../../../arm-none-eabi/lib/thumb/v6-m/nofp/libc_nano.a(lib_a-nano-vfprintf_i.o)
 .debug_ranges  0x0000000000001d10       0x20 /usr/lib/gcc/arm-none-eabi/9.2.1/../../../arm-none-eabi/lib/thumb/v6-m/nofp/libc_nano.a(lib_a-fvwrite.o)

.debug_macro    0x0000000000000000    0x265c5
 .debug_macro   0x0000000000000000      0x432 /home/student/riot-lab/lab/threading_irq/part_1/bin/b-l072z-lrwan1/application_lab/main.o
 .debug_macro   0x0000000000000432      0xad8 /home/student/riot-lab/lab/threading_irq/part_1/bin/b-l072z-lrwan1/application_lab/main.o
 .debug_macro   0x0000000000000f0a      0x136 /home/student/riot-lab/lab/threading_irq/part_1/bin/b-l072z-lrwan1/application_lab/main.o
 .debug_macro   0x0000000000001040       0x22 /home/student/riot-lab/lab/threading_irq/part_1/bin/b-l072z-lrwan1/application_lab/main.o
 .debug_macro   0x0000000000001062       0x46 /home/student/riot-lab/lab/threading_irq/part_1/bin/b-l072z-lrwan1/application_lab/main.o
 .debug_macro   0x00000000000010a8       0x18 /home/student/riot-lab/lab/threading_irq/part_1/bin/b-l072z-lrwan1/application_lab/main.o
 .debug_macro   0x00000000000010c0       0x5c /home/student/riot-lab/lab/threading_irq/part_1/bin/b-l072z-lrwan1/application_lab/main.o
 .debug_macro   0x000000000000111c       0x3c /home/student/riot-lab/lab/threading_irq/part_1/bin/b-l072z-lrwan1/application_lab/main.o
 .debug_macro   0x0000000000001158       0x34 /home/student/riot-lab/lab/threading_irq/part_1/bin/b-l072z-lrwan1/application_lab/main.o
 .debug_macro   0x000000000000118c       0x16 /home/student/riot-lab/lab/threading_irq/part_1/bin/b-l072z-lrwan1/application_lab/main.o
 .debug_macro   0x00000000000011a2       0x57 /home/student/riot-lab/lab/threading_irq/part_1/bin/b-l072z-lrwan1/application_lab/main.o
 .debug_macro   0x00000000000011f9       0x97 /home/student/riot-lab/lab/threading_irq/part_1/bin/b-l072z-lrwan1/application_lab/main.o
 .debug_macro   0x0000000000001290      0x339 /home/student/riot-lab/lab/threading_irq/part_1/bin/b-l072z-lrwan1/application_lab/main.o
 .debug_macro   0x00000000000015c9       0xfd /home/student/riot-lab/lab/threading_irq/part_1/bin/b-l072z-lrwan1/application_lab/main.o
 .debug_macro   0x00000000000016c6       0x10 /home/student/riot-lab/lab/threading_irq/part_1/bin/b-l072z-lrwan1/application_lab/main.o
 .debug_macro   0x00000000000016d6       0x16 /home/student/riot-lab/lab/threading_irq/part_1/bin/b-l072z-lrwan1/application_lab/main.o
 .debug_macro   0x00000000000016ec       0x43 /home/student/riot-lab/lab/threading_irq/part_1/bin/b-l072z-lrwan1/application_lab/main.o
 .debug_macro   0x000000000000172f       0x34 /home/student/riot-lab/lab/threading_irq/part_1/bin/b-l072z-lrwan1/application_lab/main.o
 .debug_macro   0x0000000000001763       0x10 /home/student/riot-lab/lab/threading_irq/part_1/bin/b-l072z-lrwan1/application_lab/main.o
 .debug_macro   0x0000000000001773       0x52 /home/student/riot-lab/lab/threading_irq/part_1/bin/b-l072z-lrwan1/application_lab/main.o
 .debug_macro   0x00000000000017c5       0x71 /home/student/riot-lab/lab/threading_irq/part_1/bin/b-l072z-lrwan1/application_lab/main.o
 .debug_macro   0x0000000000001836      0x34e /home/student/riot-lab/lab/threading_irq/part_1/bin/b-l072z-lrwan1/application_lab/main.o
 .debug_macro   0x0000000000001b84       0x67 /home/student/riot-lab/lab/threading_irq/part_1/bin/b-l072z-lrwan1/application_lab/main.o
 .debug_macro   0x0000000000001beb       0x10 /home/student/riot-lab/lab/threading_irq/part_1/bin/b-l072z-lrwan1/application_lab/main.o
 .debug_macro   0x0000000000001bfb      0x12a /home/student/riot-lab/lab/threading_irq/part_1/bin/b-l072z-lrwan1/application_lab/main.o
 .debug_macro   0x0000000000001d25       0x10 /home/student/riot-lab/lab/threading_irq/part_1/bin/b-l072z-lrwan1/application_lab/main.o
 .debug_macro   0x0000000000001d35       0x6a /home/student/riot-lab/lab/threading_irq/part_1/bin/b-l072z-lrwan1/application_lab/main.o
 .debug_macro   0x0000000000001d9f       0xb2 /home/student/riot-lab/lab/threading_irq/part_1/bin/b-l072z-lrwan1/application_lab/main.o
 .debug_macro   0x0000000000001e51       0x16 /home/student/riot-lab/lab/threading_irq/part_1/bin/b-l072z-lrwan1/application_lab/main.o
 .debug_macro   0x0000000000001e67      0x114 /home/student/riot-lab/lab/threading_irq/part_1/bin/b-l072z-lrwan1/application_lab/main.o
 .debug_macro   0x0000000000001f7b       0x22 /home/student/riot-lab/lab/threading_irq/part_1/bin/b-l072z-lrwan1/application_lab/main.o
 .debug_macro   0x0000000000001f9d       0x43 /home/student/riot-lab/lab/threading_irq/part_1/bin/b-l072z-lrwan1/application_lab/main.o
 .debug_macro   0x0000000000001fe0       0x2e /home/student/riot-lab/lab/threading_irq/part_1/bin/b-l072z-lrwan1/application_lab/main.o
 .debug_macro   0x000000000000200e       0x28 /home/student/riot-lab/lab/threading_irq/part_1/bin/b-l072z-lrwan1/application_lab/main.o
 .debug_macro   0x0000000000002036       0x1c /home/student/riot-lab/lab/threading_irq/part_1/bin/b-l072z-lrwan1/application_lab/main.o
 .debug_macro   0x0000000000002052       0x22 /home/student/riot-lab/lab/threading_irq/part_1/bin/b-l072z-lrwan1/application_lab/main.o
 .debug_macro   0x0000000000002074       0xaf /home/student/riot-lab/lab/threading_irq/part_1/bin/b-l072z-lrwan1/application_lab/main.o
 .debug_macro   0x0000000000002123      0x4da /home/student/riot-lab/lab/threading_irq/part_1/bin/b-l072z-lrwan1/application_lab/main.o
 .debug_macro   0x00000000000025fd      0x11f /home/student/riot-lab/lab/threading_irq/part_1/bin/b-l072z-lrwan1/application_lab/main.o
 .debug_macro   0x000000000000271c     0xa0f6 /home/student/riot-lab/lab/threading_irq/part_1/bin/b-l072z-lrwan1/application_lab/main.o
 .debug_macro   0x000000000000c812       0x3c /home/student/riot-lab/lab/threading_irq/part_1/bin/b-l072z-lrwan1/application_lab/main.o
 .debug_macro   0x000000000000c84e       0x10 /home/student/riot-lab/lab/threading_irq/part_1/bin/b-l072z-lrwan1/application_lab/main.o
 .debug_macro   0x000000000000c85e       0x30 /home/student/riot-lab/lab/threading_irq/part_1/bin/b-l072z-lrwan1/application_lab/main.o
 .debug_macro   0x000000000000c88e      0x103 /home/student/riot-lab/lab/threading_irq/part_1/bin/b-l072z-lrwan1/application_lab/main.o
 .debug_macro   0x000000000000c991       0x35 /home/student/riot-lab/lab/threading_irq/part_1/bin/b-l072z-lrwan1/application_lab/main.o
 .debug_macro   0x000000000000c9c6      0x3c6 /home/student/riot-lab/lab/threading_irq/part_1/bin/b-l072z-lrwan1/application_lab/main.o
 .debug_macro   0x000000000000cd8c       0x37 /home/student/riot-lab/lab/threading_irq/part_1/bin/b-l072z-lrwan1/application_lab/main.o
 .debug_macro   0x000000000000cdc3       0x42 /home/student/riot-lab/lab/threading_irq/part_1/bin/b-l072z-lrwan1/application_lab/main.o
 .debug_macro   0x000000000000ce05       0x10 /home/student/riot-lab/lab/threading_irq/part_1/bin/b-l072z-lrwan1/application_lab/main.o
 .debug_macro   0x000000000000ce15       0x2e /home/student/riot-lab/lab/threading_irq/part_1/bin/b-l072z-lrwan1/application_lab/main.o
 .debug_macro   0x000000000000ce43       0x16 /home/student/riot-lab/lab/threading_irq/part_1/bin/b-l072z-lrwan1/application_lab/main.o
 .debug_macro   0x000000000000ce59       0xb8 /home/student/riot-lab/lab/threading_irq/part_1/bin/b-l072z-lrwan1/application_lab/main.o
 .debug_macro   0x000000000000cf11       0xe8 /home/student/riot-lab/lab/threading_irq/part_1/bin/b-l072z-lrwan1/application_lab/main.o
 .debug_macro   0x000000000000cff9       0x2e /home/student/riot-lab/lab/threading_irq/part_1/bin/b-l072z-lrwan1/application_lab/main.o
 .debug_macro   0x000000000000d027       0x22 /home/student/riot-lab/lab/threading_irq/part_1/bin/b-l072z-lrwan1/application_lab/main.o
 .debug_macro   0x000000000000d049      0x1d0 /home/student/riot-lab/lab/threading_irq/part_1/bin/b-l072z-lrwan1/application_lab/main.o
 .debug_macro   0x000000000000d219       0x10 /home/student/riot-lab/lab/threading_irq/part_1/bin/b-l072z-lrwan1/application_lab/main.o
 .debug_macro   0x000000000000d229       0x22 /home/student/riot-lab/lab/threading_irq/part_1/bin/b-l072z-lrwan1/application_lab/main.o
 .debug_macro   0x000000000000d24b       0x40 /home/student/riot-lab/lab/threading_irq/part_1/bin/b-l072z-lrwan1/application_lab/main.o
 .debug_macro   0x000000000000d28b       0x28 /home/student/riot-lab/lab/threading_irq/part_1/bin/b-l072z-lrwan1/application_lab/main.o
 .debug_macro   0x000000000000d2b3       0x16 /home/student/riot-lab/lab/threading_irq/part_1/bin/b-l072z-lrwan1/application_lab/main.o
 .debug_macro   0x000000000000d2c9       0x16 /home/student/riot-lab/lab/threading_irq/part_1/bin/b-l072z-lrwan1/application_lab/main.o
 .debug_macro   0x000000000000d2df       0x3b /home/student/riot-lab/lab/threading_irq/part_1/bin/b-l072z-lrwan1/application_lab/main.o
 .debug_macro   0x000000000000d31a       0x46 /home/student/riot-lab/lab/threading_irq/part_1/bin/b-l072z-lrwan1/application_lab/main.o
 .debug_macro   0x000000000000d360       0x19 /home/student/riot-lab/lab/threading_irq/part_1/bin/b-l072z-lrwan1/application_lab/main.o
 .debug_macro   0x000000000000d379      0x118 /home/student/riot-lab/lab/threading_irq/part_1/bin/b-l072z-lrwan1/application_lab/main.o
 .debug_macro   0x000000000000d491       0x3c /home/student/riot-lab/lab/threading_irq/part_1/bin/b-l072z-lrwan1/application_lab/main.o
 .debug_macro   0x000000000000d4cd       0x1c /home/student/riot-lab/lab/threading_irq/part_1/bin/b-l072z-lrwan1/application_lab/main.o
 .debug_macro   0x000000000000d4e9       0x22 /home/student/riot-lab/lab/threading_irq/part_1/bin/b-l072z-lrwan1/application_lab/main.o
 .debug_macro   0x000000000000d50b       0x10 /home/student/riot-lab/lab/threading_irq/part_1/bin/b-l072z-lrwan1/application_lab/main.o
 .debug_macro   0x000000000000d51b       0x28 /home/student/riot-lab/lab/threading_irq/part_1/bin/b-l072z-lrwan1/application_lab/main.o
 .debug_macro   0x000000000000d543      0x1e9 /home/student/riot-lab/lab/threading_irq/part_1/bin/b-l072z-lrwan1/auto_init/auto_init.o
 .debug_macro   0x000000000000d72c      0xad8 /home/student/riot-lab/lab/threading_irq/part_1/bin/b-l072z-lrwan1/auto_init/auto_init.o
 .debug_macro   0x000000000000e204       0x34 /home/student/riot-lab/lab/threading_irq/part_1/bin/b-l072z-lrwan1/auto_init/auto_init.o
 .debug_macro   0x000000000000e238      0x350 /home/student/riot-lab/lab/threading_irq/part_1/bin/b-l072z-lrwan1/board/board.o
 .debug_macro   0x000000000000e588      0xad8 /home/student/riot-lab/lab/threading_irq/part_1/bin/b-l072z-lrwan1/board/board.o
 .debug_macro   0x000000000000f060      0x1f8 /home/student/riot-lab/lab/threading_irq/part_1/bin/b-l072z-lrwan1/core/bitarithm.o
 .debug_macro   0x000000000000f258      0xad8 /home/student/riot-lab/lab/threading_irq/part_1/bin/b-l072z-lrwan1/core/bitarithm.o
 .debug_macro   0x000000000000fd30       0xd6 /home/student/riot-lab/lab/threading_irq/part_1/bin/b-l072z-lrwan1/core/bitarithm.o
 .debug_macro   0x000000000000fe06      0x34e /home/student/riot-lab/lab/threading_irq/part_1/bin/b-l072z-lrwan1/core/init.o