Archive member included to satisfy reference by file (symbol)

/usr/lib/gcc/arm-none-eabi/9.2.1/thumb/v6-m/nofp/libgcc.a(_thumb1_case_uqi.o)
                              /home/student/riot-lab/lab/threading_irq/part_4/bin/b-l072z-lrwan1/cpu/cpu_common.o (__gnu_thumb1_case_uqi)
/usr/lib/gcc/arm-none-eabi/9.2.1/thumb/v6-m/nofp/libgcc.a(_udivsi3.o)
                              /home/student/riot-lab/lab/threading_irq/part_4/bin/b-l072z-lrwan1/periph_common/rtc.o (__aeabi_uidiv)
/usr/lib/gcc/arm-none-eabi/9.2.1/thumb/v6-m/nofp/libgcc.a(_divsi3.o)
                              /home/student/riot-lab/lab/threading_irq/part_4/bin/b-l072z-lrwan1/periph_common/rtc.o (__aeabi_idivmod)
/usr/lib/gcc/arm-none-eabi/9.2.1/thumb/v6-m/nofp/libgcc.a(_dvmd_tls.o)
                              /usr/lib/gcc/arm-none-eabi/9.2.1/thumb/v6-m/nofp/libgcc.a(_udivsi3.o) (__aeabi_idiv0)
/usr/lib/gcc/arm-none-eabi/9.2.1/thumb/v6-m/nofp/libgcc.a(_muldi3.o)
                              /home/student/riot-lab/lab/threading_irq/part_4/bin/b-l072z-lrwan1/div/div.o (__aeabi_lmul)
/usr/lib/gcc/arm-none-eabi/9.2.1/../../../arm-none-eabi/lib/thumb/v6-m/nofp/libc_nano.a(lib_a-div.o)
                              /home/student/riot-lab/lab/threading_irq/part_4/bin/b-l072z-lrwan1/periph_common/rtc.o (div)
/usr/lib/gcc/arm-none-eabi/9.2.1/../../../arm-none-eabi/lib/thumb/v6-m/nofp/libc_nano.a(lib_a-errno.o)
                              /home/student/riot-lab/lab/threading_irq/part_4/bin/b-l072z-lrwan1/newlib_syscalls_default/syscalls.o (__errno)
/usr/lib/gcc/arm-none-eabi/9.2.1/../../../arm-none-eabi/lib/thumb/v6-m/nofp/libc_nano.a(lib_a-impure.o)
                              /usr/lib/gcc/arm-none-eabi/9.2.1/../../../arm-none-eabi/lib/thumb/v6-m/nofp/libc_nano.a(lib_a-errno.o) (_impure_ptr)
/usr/lib/gcc/arm-none-eabi/9.2.1/../../../arm-none-eabi/lib/thumb/v6-m/nofp/libc_nano.a(lib_a-init.o)
                              /home/student/riot-lab/lab/threading_irq/part_4/bin/b-l072z-lrwan1/cortexm_common/vectors_cortexm.o (__libc_init_array)
/usr/lib/gcc/arm-none-eabi/9.2.1/../../../arm-none-eabi/lib/thumb/v6-m/nofp/libc_nano.a(lib_a-malloc.o)
                              /home/student/riot-lab/lab/threading_irq/part_4/bin/b-l072z-lrwan1/malloc_thread_safe/malloc_wrappers.o (malloc)
/usr/lib/gcc/arm-none-eabi/9.2.1/../../../arm-none-eabi/lib/thumb/v6-m/nofp/libc_nano.a(lib_a-memcmp.o)
                              /home/student/riot-lab/lab/threading_irq/part_4/bin/b-l072z-lrwan1/core/atomic_c11.o (memcmp)
/usr/lib/gcc/arm-none-eabi/9.2.1/../../../arm-none-eabi/lib/thumb/v6-m/nofp/libc_nano.a(lib_a-memcpy-stub.o)
                              /home/student/riot-lab/lab/threading_irq/part_4/bin/b-l072z-lrwan1/core/atomic_c11.o (memcpy)
/usr/lib/gcc/arm-none-eabi/9.2.1/../../../arm-none-eabi/lib/thumb/v6-m/nofp/libc_nano.a(lib_a-memset.o)
                              /home/student/riot-lab/lab/threading_irq/part_4/bin/b-l072z-lrwan1/malloc_thread_safe/malloc_wrappers.o (memset)
/usr/lib/gcc/arm-none-eabi/9.2.1/../../../arm-none-eabi/lib/thumb/v6-m/nofp/libc_nano.a(lib_a-mstats.o)
                              /home/student/riot-lab/lab/threading_irq/part_4/bin/b-l072z-lrwan1/newlib_syscalls_default/syscalls.o (mallinfo)
/usr/lib/gcc/arm-none-eabi/9.2.1/../../../arm-none-eabi/lib/thumb/v6-m/nofp/libc_nano.a(lib_a-nano-freer.o)
                              /usr/lib/gcc/arm-none-eabi/9.2.1/../../../arm-none-eabi/lib/thumb/v6-m/nofp/libc_nano.a(lib_a-malloc.o) (_free_r)
/usr/lib/gcc/arm-none-eabi/9.2.1/../../../arm-none-eabi/lib/thumb/v6-m/nofp/libc_nano.a(lib_a-nano-mallinfor.o)
                              /usr/lib/gcc/arm-none-eabi/9.2.1/../../../arm-none-eabi/lib/thumb/v6-m/nofp/libc_nano.a(lib_a-mstats.o) (_mallinfo_r)
/usr/lib/gcc/arm-none-eabi/9.2.1/../../../arm-none-eabi/lib/thumb/v6-m/nofp/libc_nano.a(lib_a-nano-mallocr.o)
                              /usr/lib/gcc/arm-none-eabi/9.2.1/../../../arm-none-eabi/lib/thumb/v6-m/nofp/libc_nano.a(lib_a-malloc.o) (_malloc_r)
/usr/lib/gcc/arm-none-eabi/9.2.1/../../../arm-none-eabi/lib/thumb/v6-m/nofp/libc_nano.a(lib_a-nano-malloptr.o)
                              /usr/lib/gcc/arm-none-eabi/9.2.1/../../../arm-none-eabi/lib/thumb/v6-m/nofp/libc_nano.a(lib_a-mstats.o) (_mallopt_r)
/usr/lib/gcc/arm-none-eabi/9.2.1/../../../arm-none-eabi/lib/thumb/v6-m/nofp/libc_nano.a(lib_a-nano-mallstatsr.o)
                              /usr/lib/gcc/arm-none-eabi/9.2.1/../../../arm-none-eabi/lib/thumb/v6-m/nofp/libc_nano.a(lib_a-mstats.o) (_malloc_stats_r)
/usr/lib/gcc/arm-none-eabi/9.2.1/../../../arm-none-eabi/lib/thumb/v6-m/nofp/libc_nano.a(lib_a-printf.o)
                              /home/student/riot-lab/lab/threading_irq/part_4/bin/b-l072z-lrwan1/application_lab/main.o (printf)
/usr/lib/gcc/arm-none-eabi/9.2.1/../../../arm-none-eabi/lib/thumb/v6-m/nofp/libc_nano.a(lib_a-puts.o)
[...]
Memory Configuration

Name             Origin             Length             Attributes
ccmram           0x0000000010000000 0x0000000000000000
rom              0x0000000008000000 0x0000000000030000 xr
ram              0x0000000020000000 0x0000000000005000 w !xr
bkup_ram         0x0000000000000000 0x0000000000000000 w !xr
*default*        0x0000000000000000 0xffffffffffffffff

Linker script and memory map

LOAD /home/student/riot-lab/lab/threading_irq/part_4/bin/b-l072z-lrwan1/application_lab/main.o
LOAD /home/student/riot-lab/lab/threading_irq/part_4/bin/b-l072z-lrwan1/auto_init/auto_init.o
LOAD /home/student/riot-lab/lab/threading_irq/part_4/bin/b-l072z-lrwan1/board/board.o
LOAD /home/student/riot-lab/lab/threading_irq/part_4/bin/b-l072z-lrwan1/core/assert.o
LOAD /home/student/riot-lab/lab/threading_irq/part_4/bin/b-l072z-lrwan1/core/atomic_c11.o
LOAD /home/student/riot-lab/lab/threading_irq/part_4/bin/b-l072z-lrwan1/core/atomic_sync.o
LOAD /home/student/riot-lab/lab/threading_irq/part_4/bin/b-l072z-lrwan1/core/bitarithm.o
LOAD /home/student/riot-lab/lab/threading_irq/part_4/bin/b-l072z-lrwan1/core/clist.o
LOAD /home/student/riot-lab/lab/threading_irq/part_4/bin/b-l072z-lrwan1/core/cond.o
LOAD /home/student/riot-lab/lab/threading_irq/part_4/bin/b-l072z-lrwan1/core/init.o
LOAD /home/student/riot-lab/lab/threading_irq/part_4/bin/b-l072z-lrwan1/core/msg.o
LOAD /home/student/riot-lab/lab/threading_irq/part_4/bin/b-l072z-lrwan1/core/mutex.o
LOAD /home/student/riot-lab/lab/threading_irq/part_4/bin/b-l072z-lrwan1/core/panic.o
LOAD /home/student/riot-lab/lab/threading_irq/part_4/bin/b-l072z-lrwan1/core/priority_queue.o
LOAD /home/student/riot-lab/lab/threading_irq/part_4/bin/b-l072z-lrwan1/core/ringbuffer.o
LOAD /home/student/riot-lab/lab/threading_irq/part_4/bin/b-l072z-lrwan1/core/rmutex.o
LOAD /home/student/riot-lab/lab/threading_irq/part_4/bin/b-l072z-lrwan1/core/sched.o
LOAD /home/student/riot-lab/lab/threading_irq/part_4/bin/b-l072z-lrwan1/core/thread.o
LOAD /home/student/riot-lab/lab/threading_irq/part_4/bin/b-l072z-lrwan1/cortexm_common/cortexm_init.o
LOAD /home/student/riot-lab/lab/threading_irq/part_4/bin/b-l072z-lrwan1/cortexm_common/mpu.o
LOAD /home/student/riot-lab/lab/threading_irq/part_4/bin/b-l072z-lrwan1/cortexm_common/panic.o
LOAD /home/student/riot-lab/lab/threading_irq/part_4/bin/b-l072z-lrwan1/cortexm_common_periph/pm.o
LOAD /home/student/riot-lab/lab/threading_irq/part_4/bin/b-l072z-lrwan1/cortexm_common/thread_arch.o
LOAD /home/student/riot-lab/lab/threading_irq/part_4/bin/b-l072z-lrwan1/cortexm_common/vectors_cortexm.o
LOAD /home/student/riot-lab/lab/threading_irq/part_4/bin/b-l072z-lrwan1/cpu/cpu_common.o
LOAD /home/student/riot-lab/lab/threading_irq/part_4/bin/b-l072z-lrwan1/cpu/cpu_init.o
LOAD /home/student/riot-lab/lab/threading_irq/part_4/bin/b-l072z-lrwan1/div/div.o
LOAD /home/student/riot-lab/lab/threading_irq/part_4/bin/b-l072z-lrwan1/malloc_thread_safe/malloc_wrappers.o
LOAD /home/student/riot-lab/lab/threading_irq/part_4/bin/b-l072z-lrwan1/newlib_syscalls_default/syscalls.o
LOAD /home/student/riot-lab/lab/threading_irq/part_4/bin/b-l072z-lrwan1/periph_common/cpuid.o
LOAD /home/student/riot-lab/lab/threading_irq/part_4/bin/b-l072z-lrwan1/periph_common/eeprom.o
LOAD /home/student/riot-lab/lab/threading_irq/part_4/bin/b-l072z-lrwan1/periph_common/flashpage.o
LOAD /home/student/riot-lab/lab/threading_irq/part_4/bin/b-l072z-lrwan1/periph_common/gpio_util.o
LOAD /home/student/riot-lab/lab/threading_irq/part_4/bin/b-l072z-lrwan1/periph_common/i2c.o
LOAD /home/student/riot-lab/lab/threading_irq/part_4/bin/b-l072z-lrwan1/periph_common/init.o
LOAD /home/student/riot-lab/lab/threading_irq/part_4/bin/b-l072z-lrwan1/periph_common/pm.o
LOAD /home/student/riot-lab/lab/threading_irq/part_4/bin/b-l072z-lrwan1/periph_common/ptp.o
LOAD /home/student/riot-lab/lab/threading_irq/part_4/bin/b-l072z-lrwan1/periph_common/rtc.o
LOAD /home/student/riot-lab/lab/threading_irq/part_4/bin/b-l072z-lrwan1/periph_common/spi.o
LOAD /home/student/riot-lab/lab/threading_irq/part_4/bin/b-l072z-lrwan1/periph_common/timer.o
LOAD /home/student/riot-lab/lab/threading_irq/part_4/bin/b-l072z-lrwan1/periph/gpio_all.o
LOAD /home/student/riot-lab/lab/threading_irq/part_4/bin/b-l072z-lrwan1/periph/pm.o
LOAD /home/student/riot-lab/lab/threading_irq/part_4/bin/b-l072z-lrwan1/periph/timer.o
LOAD /home/student/riot-lab/lab/threading_irq/part_4/bin/b-l072z-lrwan1/periph/uart.o
LOAD /home/student/riot-lab/lab/threading_irq/part_4/bin/b-l072z-lrwan1/pm_layered/pm.o
LOAD /home/student/riot-lab/lab/threading_irq/part_4/bin/b-l072z-lrwan1/stdio_uart/stdio_uart.o
LOAD /home/student/riot-lab/lab/threading_irq/part_4/bin/b-l072z-lrwan1/stm32_clk/stmclk_common.o
LOAD /home/student/riot-lab/lab/threading_irq/part_4/bin/b-l072z-lrwan1/stm32_clk/stmclk_l0l1.o
LOAD /home/student/riot-lab/lab/threading_irq/part_4/bin/b-l072z-lrwan1/stm32_vectors/STM32L072xx.o
LOAD /home/student/riot-lab/lab/threading_irq/part_4/bin/b-l072z-lrwan1/xtimer/xtimer_core.o
LOAD /home/student/riot-lab/lab/threading_irq/part_4/bin/b-l072z-lrwan1/xtimer/xtimer.o
LOAD /usr/lib/gcc/arm-none-eabi/9.2.1/../../../arm-none-eabi/lib/thumb/v6-m/nofp/libm.a
LOAD /usr/lib/gcc/arm-none-eabi/9.2.1/thumb/v6-m/nofp/libgcc.a
                0x0000000008000000                _rom_start_addr = 0x8000000
                0x0000000020000000                _ram_start_addr = 0x20000000
                0x0000000000030000                _rom_length = 0x30000
                0x0000000000005000                _ram_length = 0x5000
LOAD /usr/lib/gcc/arm-none-eabi/9.2.1/../../../arm-none-eabi/lib/thumb/v6-m/nofp/libc_nano.a
START GROUP
LOAD /usr/lib/gcc/arm-none-eabi/9.2.1/thumb/v6-m/nofp/libgcc.a
LOAD /usr/lib/gcc/arm-none-eabi/9.2.1/../../../arm-none-eabi/lib/thumb/v6-m/nofp/libg_nano.a
LOAD /usr/lib/gcc/arm-none-eabi/9.2.1/../../../arm-none-eabi/lib/thumb/v6-m/nofp/libc_nano.a
END GROUP
START GROUP
LOAD /usr/lib/gcc/arm-none-eabi/9.2.1/thumb/v6-m/nofp/libgcc.a
LOAD /usr/lib/gcc/arm-none-eabi/9.2.1/../../../arm-none-eabi/lib/thumb/v6-m/nofp/libc_nano.a
END GROUP
                0x0000000000000000                ccmram_length = DEFINED (ccmram_len)?ccmram_len:0x0
                0x0000000000000000                _rom_offset = DEFINED (_rom_offset)?_rom_offset:0x0
                0x0000000000030000                _fw_rom_length = DEFINED (_fw_rom_length)?_fw_rom_length:(_rom_length - _rom_offset)
                0x0000000000000001                ASSERT ((_fw_rom_length <= (_rom_length - _rom_offset)), Specified firmware size does not fit in ROM)
                0x0000000000000000                _backup_ram_start_addr = DEFINED (_backup_ram_start_addr)?_backup_ram_start_addr:0x0
                0x0000000000000000                _backup_ram_len = DEFINED (_backup_ram_len)?_backup_ram_len:0x0

.text           0x0000000008000000     0x360c
                0x0000000008000000                . = ALIGN (0x4)
                0x0000000008000000                _sfixed = .
                0x0000000008000000                _isr_vectors = DEFINED (_isr_vectors)?_isr_vectors:.
 *(SORT_BY_NAME(.vectors*))
 .vectors.0     0x0000000008000000       0x40 /home/student/riot-lab/lab/threading_irq/part_4/bin/b-l072z-lrwan1/cortexm_common/vectors_cortexm.o
                0x0000000008000000                cortex_vector_base
 .vectors.1     0x0000000008000040       0x80 /home/student/riot-lab/lab/threading_irq/part_4/bin/b-l072z-lrwan1/stm32_vectors/STM32L072xx.o
                0x0000000008000040                vector_cpu
 *(.text .text.* .gnu.linkonce.t.*)
 .text.thread_red
                0x00000000080000c0       0x18 /home/student/riot-lab/lab/threading_irq/part_4/bin/b-l072z-lrwan1/application_lab/main.o
                0x00000000080000c0                thread_red
 .text.user_button_callback
                0x00000000080000d8       0x38 /home/student/riot-lab/lab/threading_irq/part_4/bin/b-l072z-lrwan1/application_lab/main.o
 .text.thread_blinking_green
                0x0000000008000110       0x2c /home/student/riot-lab/lab/threading_irq/part_4/bin/b-l072z-lrwan1/application_lab/main.o
                0x0000000008000110                thread_blinking_green
 .text.startup.main
                0x000000000800013c       0x74 /home/student/riot-lab/lab/threading_irq/part_4/bin/b-l072z-lrwan1/application_lab/main.o
                0x000000000800013c                main
 .text.auto_init
                0x00000000080001b0        0x8 /home/student/riot-lab/lab/threading_irq/part_4/bin/b-l072z-lrwan1/auto_init/auto_init.o
                0x00000000080001b0                auto_init
 .text.board_init
                0x00000000080001b8       0x28 /home/student/riot-lab/lab/threading_irq/part_4/bin/b-l072z-lrwan1/board/board.o
                0x00000000080001b8                board_init
 .text.main_trampoline
                0x00000000080001e0       0x18 /home/student/riot-lab/lab/threading_irq/part_4/bin/b-l072z-lrwan1/core/init.o
 .text.kernel_init
                0x00000000080001f8       0x34 /home/student/riot-lab/lab/threading_irq/part_4/bin/b-l072z-lrwan1/core/init.o
                0x00000000080001f8                kernel_init
 .text._msg_receive
                0x000000000800022c       0xf0 /home/student/riot-lab/lab/threading_irq/part_4/bin/b-l072z-lrwan1/core/msg.o
 .text.queue_msg
                0x000000000800031c       0x28 /home/student/riot-lab/lab/threading_irq/part_4/bin/b-l072z-lrwan1/core/msg.o
 .text._msg_send_oneway
                0x0000000008000344       0x40 /home/student/riot-lab/lab/threading_irq/part_4/bin/b-l072z-lrwan1/core/msg.o
 .text._msg_send
                0x0000000008000384       0xb0 /home/student/riot-lab/lab/threading_irq/part_4/bin/b-l072z-lrwan1/core/msg.o
 .text.msg_send_to_self
                0x0000000008000434       0x28 /home/student/riot-lab/lab/threading_irq/part_4/bin/b-l072z-lrwan1/core/msg.o
                0x0000000008000434                msg_send_to_self
 .text.msg_send_int
                0x000000000800045c        0xc /home/student/riot-lab/lab/threading_irq/part_4/bin/b-l072z-lrwan1/core/msg.o
                0x000000000800045c                msg_send_int
 .text.msg_send
                0x0000000008000468       0x34 /home/student/riot-lab/lab/threading_irq/part_4/bin/b-l072z-lrwan1/core/msg.o
                0x0000000008000468                msg_send
 .text.msg_receive
                0x000000000800049c        0xa /home/student/riot-lab/lab/threading_irq/part_4/bin/b-l072z-lrwan1/core/msg.o
                0x000000000800049c                msg_receive
 *fill*         0x00000000080004a6        0x2 
 .text.mutex_lock
                0x00000000080004a8       0x6c /home/student/riot-lab/lab/threading_irq/part_4/bin/b-l072z-lrwan1/core/mutex.o
                0x00000000080004a8                mutex_lock
 .text.mutex_unlock
                0x0000000008000514       0x44 /home/student/riot-lab/lab/threading_irq/part_4/bin/b-l072z-lrwan1/core/mutex.o
                0x0000000008000514                mutex_unlock
 .text.panic_app
                0x0000000008000558        0x2 /home/student/riot-lab/lab/threading_irq/part_4/bin/b-l072z-lrwan1/core/panic.o
                0x0000000008000558                panic_app
 *fill*         0x000000000800055a        0x2 
 .text.core_panic
                0x000000000800055c       0x54 /home/student/riot-lab/lab/threading_irq/part_4/bin/b-l072z-lrwan1/core/panic.o
                0x000000000800055c                core_panic
 .text.sched_run
                0x00000000080005b0       0x88 /home/student/riot-lab/lab/threading_irq/part_4/bin/b-l072z-lrwan1/core/sched.o
                0x00000000080005b0                sched_run
 .text.sched_set_status
                0x0000000008000638       0x80 /home/student/riot-lab/lab/threading_irq/part_4/bin/b-l072z-lrwan1/core/sched.o
                0x0000000008000638                sched_set_status
 .text.sched_switch
                0x00000000080006b8       0x3c /home/student/riot-lab/lab/threading_irq/part_4/bin/b-l072z-lrwan1/core/sched.o
                0x00000000080006b8                sched_switch
 .text.sched_task_exit
                0x00000000080006f4       0x40 /home/student/riot-lab/lab/threading_irq/part_4/bin/b-l072z-lrwan1/core/sched.o
                0x00000000080006f4                sched_task_exit
 .text.thread_getname
                0x0000000008000734       0x20 /home/student/riot-lab/lab/threading_irq/part_4/bin/b-l072z-lrwan1/core/thread.o
                0x0000000008000734                thread_getname
 .text.thread_add_to_list
                0x0000000008000754       0x34 /home/student/riot-lab/lab/threading_irq/part_4/bin/b-l072z-lrwan1/core/thread.o
                0x0000000008000754                thread_add_to_list
 .text.thread_create
                0x0000000008000788       0xe8 /home/student/riot-lab/lab/threading_irq/part_4/bin/b-l072z-lrwan1/core/thread.o
                0x0000000008000788                thread_create
 .text.cortexm_init
                0x0000000008000870       0x78 /home/student/riot-lab/lab/threading_irq/part_4/bin/b-l072z-lrwan1/cortexm_common/cortexm_init.o
                0x0000000008000870                cortexm_init
 .text.panic_arch
                0x00000000080008e8       0x20 /home/student/riot-lab/lab/threading_irq/part_4/bin/b-l072z-lrwan1/cortexm_common/panic.o
                0x00000000080008e8                panic_arch
 .text.thread_stack_init
                0x0000000008000908       0x90 /home/student/riot-lab/lab/threading_irq/part_4/bin/b-l072z-lrwan1/cortexm_common/thread_arch.o
                0x0000000008000908                thread_stack_init
 .text.cpu_switch_context_exit
                0x0000000008000998       0x18 /home/student/riot-lab/lab/threading_irq/part_4/bin/b-l072z-lrwan1/cortexm_common/thread_arch.o
                0x0000000008000998                cpu_switch_context_exit
 .text.isr_pendsv
                0x00000000080009b0       0x58 /home/student/riot-lab/lab/threading_irq/part_4/bin/b-l072z-lrwan1/cortexm_common/thread_arch.o
                0x00000000080009b0                isr_pendsv
 .text.isr_svc  0x0000000008000a08       0x10 /home/student/riot-lab/lab/threading_irq/part_4/bin/b-l072z-lrwan1/cortexm_common/thread_arch.o
                0x0000000008000a08                isr_svc
 .text.sched_arch_idle
                0x0000000008000a18       0x10 /home/student/riot-lab/lab/threading_irq/part_4/bin/b-l072z-lrwan1/cortexm_common/thread_arch.o
                0x0000000008000a18                sched_arch_idle
 .text.hard_fault_default
                0x0000000008000a28       0x50 /home/student/riot-lab/lab/threading_irq/part_4/bin/b-l072z-lrwan1/cortexm_common/vectors_cortexm.o
                0x0000000008000a28                hard_fault_default
 .text.nmi_default
                0x0000000008000a78       0x10 /home/student/riot-lab/lab/threading_irq/part_4/bin/b-l072z-lrwan1/cortexm_common/vectors_cortexm.o
                0x0000000008000a78                nmi_default
 .text.dummy_handler_default
                0x0000000008000a88       0x10 /home/student/riot-lab/lab/threading_irq/part_4/bin/b-l072z-lrwan1/cortexm_common/vectors_cortexm.o
                0x0000000008000a88                dummy_handler_default
                0x0000000008000a88                isr_systick
 .text.pre_startup
                0x0000000008000a98        0x2 /home/student/riot-lab/lab/threading_irq/part_4/bin/b-l072z-lrwan1/cortexm_common/vectors_cortexm.o
                0x0000000008000a98                pre_startup
 .text.post_startup
                0x0000000008000a9a        0x2 /home/student/riot-lab/lab/threading_irq/part_4/bin/b-l072z-lrwan1/cortexm_common/vectors_cortexm.o
                0x0000000008000a9a                post_startup
 .text.reset_handler_default
                0x0000000008000a9c       0x64 /home/student/riot-lab/lab/threading_irq/part_4/bin/b-l072z-lrwan1/cortexm_common/vectors_cortexm.o
                0x0000000008000a9c                reset_handler_default
 .text.hard_fault_handler
                0x0000000008000b00      0x150 /home/student/riot-lab/lab/threading_irq/part_4/bin/b-l072z-lrwan1/cortexm_common/vectors_cortexm.o
                0x0000000008000b00                hard_fault_handler
 .text.periph_apb_clk
                0x0000000008000c50        0x8 /home/student/riot-lab/lab/threading_irq/part_4/bin/b-l072z-lrwan1/cpu/cpu_common.o
                0x0000000008000c50                periph_apb_clk
 .text.periph_timer_clk
                0x0000000008000c58       0x14 /home/student/riot-lab/lab/threading_irq/part_4/bin/b-l072z-lrwan1/cpu/cpu_common.o
                0x0000000008000c58                periph_timer_clk
 .text.periph_clk_en
                0x0000000008000c6c       0x38 /home/student/riot-lab/lab/threading_irq/part_4/bin/b-l072z-lrwan1/cpu/cpu_common.o
                0x0000000008000c6c                periph_clk_en
 .text.cpu_init
                0x0000000008000ca4       0x1e /home/student/riot-lab/lab/threading_irq/part_4/bin/b-l072z-lrwan1/cpu/cpu_init.o
                0x0000000008000ca4                cpu_init
 .text._init    0x0000000008000cc2        0x2 /home/student/riot-lab/lab/threading_irq/part_4/bin/b-l072z-lrwan1/newlib_syscalls_default/syscalls.o
                0x0000000008000cc2                _init
 .text._fini    0x0000000008000cc4        0x2 /home/student/riot-lab/lab/threading_irq/part_4/bin/b-l072z-lrwan1/newlib_syscalls_default/syscalls.o
                0x0000000008000cc4                _fini
 *fill*         0x0000000008000cc6        0x2 
 .text._sbrk_r  0x0000000008000cc8       0x40 /home/student/riot-lab/lab/threading_irq/part_4/bin/b-l072z-lrwan1/newlib_syscalls_default/syscalls.o
                0x0000000008000cc8                _sbrk_r
 .text._read_r  0x0000000008000d08        0xc /home/student/riot-lab/lab/threading_irq/part_4/bin/b-l072z-lrwan1/newlib_syscalls_default/syscalls.o
                0x0000000008000d08                _read_r
 .text._write_r
                0x0000000008000d14        0xc /home/student/riot-lab/lab/threading_irq/part_4/bin/b-l072z-lrwan1/newlib_syscalls_default/syscalls.o
                0x0000000008000d14                _write_r
 .text._close_r
                0x0000000008000d20        0xa /home/student/riot-lab/lab/threading_irq/part_4/bin/b-l072z-lrwan1/newlib_syscalls_default/syscalls.o
                0x0000000008000d20                _close_r
 .text._lseek_r
                0x0000000008000d2a        0xa /home/student/riot-lab/lab/threading_irq/part_4/bin/b-l072z-lrwan1/newlib_syscalls_default/syscalls.o
                0x0000000008000d2a                _lseek_r
 .text._fstat_r
                0x0000000008000d34        0xa /home/student/riot-lab/lab/threading_irq/part_4/bin/b-l072z-lrwan1/newlib_syscalls_default/syscalls.o
                0x0000000008000d34                _fstat_r
 .text._isatty_r
                0x0000000008000d3e        0xe /home/student/riot-lab/lab/threading_irq/part_4/bin/b-l072z-lrwan1/newlib_syscalls_default/syscalls.o
                0x0000000008000d3e                _isatty_r
 .text.periph_init
                0x0000000008000d4c        0x2 /home/student/riot-lab/lab/threading_irq/part_4/bin/b-l072z-lrwan1/periph_common/init.o
                0x0000000008000d4c                periph_init
 .text.gpio_init
                0x0000000008000d4e       0x6c /home/student/riot-lab/lab/threading_irq/part_4/bin/b-l072z-lrwan1/periph/gpio_all.o
                0x0000000008000d4e                gpio_init
 .text.gpio_init_af
                0x0000000008000dba       0x52 /home/student/riot-lab/lab/threading_irq/part_4/bin/b-l072z-lrwan1/periph/gpio_all.o
                0x0000000008000dba                gpio_init_af
 .text.gpio_read
                0x0000000008000e0c       0x14 /home/student/riot-lab/lab/threading_irq/part_4/bin/b-l072z-lrwan1/periph/gpio_all.o
                0x0000000008000e0c                gpio_read
 .text.gpio_init_int
                0x0000000008000e20       0xb0 /home/student/riot-lab/lab/threading_irq/part_4/bin/b-l072z-lrwan1/periph/gpio_all.o
                0x0000000008000e20                gpio_init_int
 .text.isr_exti
                0x0000000008000ed0       0x60 /home/student/riot-lab/lab/threading_irq/part_4/bin/b-l072z-lrwan1/periph/gpio_all.o
                0x0000000008000ed0                isr_exti
 .text.pm_set   0x0000000008000f30       0x7c /home/student/riot-lab/lab/threading_irq/part_4/bin/b-l072z-lrwan1/periph/pm.o
                0x0000000008000f30                pm_set
 .text.timer_set_absolute
                0x0000000008000fac       0x34 /home/student/riot-lab/lab/threading_irq/part_4/bin/b-l072z-lrwan1/periph/timer.o
                0x0000000008000fac                timer_set_absolute
 .text.timer_read
                0x0000000008000fe0       0x10 /home/student/riot-lab/lab/threading_irq/part_4/bin/b-l072z-lrwan1/periph/timer.o
                0x0000000008000fe0                timer_read
 .text.timer_start
                0x0000000008000ff0       0x14 /home/student/riot-lab/lab/threading_irq/part_4/bin/b-l072z-lrwan1/periph/timer.o
                0x0000000008000ff0                timer_start
 .text.timer_init
                0x0000000008001004       0x58 /home/student/riot-lab/lab/threading_irq/part_4/bin/b-l072z-lrwan1/periph/timer.o
                0x0000000008001004                timer_init
 .text.isr_tim2
                0x000000000800105c       0x70 /home/student/riot-lab/lab/threading_irq/part_4/bin/b-l072z-lrwan1/periph/timer.o
                0x000000000800105c                isr_tim2
 .text.irq_handler
                0x00000000080010cc       0x58 /home/student/riot-lab/lab/threading_irq/part_4/bin/b-l072z-lrwan1/periph/uart.o
 .text.uart_enable_clock
                0x0000000008001124       0x30 /home/student/riot-lab/lab/threading_irq/part_4/bin/b-l072z-lrwan1/periph/uart.o
 .text.uart_init
                0x0000000008001154       0xb4 /home/student/riot-lab/lab/threading_irq/part_4/bin/b-l072z-lrwan1/periph/uart.o
                0x0000000008001154                uart_init
 .text.uart_write
                0x0000000008001208       0x44 /home/student/riot-lab/lab/threading_irq/part_4/bin/b-l072z-lrwan1/periph/uart.o
                0x0000000008001208                uart_write
 .text.isr_usart2
                0x000000000800124c        0xa /home/student/riot-lab/lab/threading_irq/part_4/bin/b-l072z-lrwan1/periph/uart.o
                0x000000000800124c                isr_usart2
 .text.isr_usart1
                0x0000000008001256        0xa /home/student/riot-lab/lab/threading_irq/part_4/bin/b-l072z-lrwan1/periph/uart.o
                0x0000000008001256                isr_usart1
 .text.pm_set_lowest
                0x0000000008001260       0x38 /home/student/riot-lab/lab/threading_irq/part_4/bin/b-l072z-lrwan1/pm_layered/pm.o
                0x0000000008001260                pm_set_lowest
 .text.pm_block
                0x0000000008001298       0x2c /home/student/riot-lab/lab/threading_irq/part_4/bin/b-l072z-lrwan1/pm_layered/pm.o
                0x0000000008001298                pm_block
 .text.pm_off   0x00000000080012c4       0x10 /home/student/riot-lab/lab/threading_irq/part_4/bin/b-l072z-lrwan1/pm_layered/pm.o
                0x00000000080012c4                pm_off
 .text.stdio_init
                0x00000000080012d4       0x12 /home/student/riot-lab/lab/threading_irq/part_4/bin/b-l072z-lrwan1/stdio_uart/stdio_uart.o
                0x00000000080012d4                stdio_init
 .text.stdio_read
                0x00000000080012e6        0x6 /home/student/riot-lab/lab/threading_irq/part_4/bin/b-l072z-lrwan1/stdio_uart/stdio_uart.o
                0x00000000080012e6                stdio_read
 .text.stdio_write
                0x00000000080012ec       0x12 /home/student/riot-lab/lab/threading_irq/part_4/bin/b-l072z-lrwan1/stdio_uart/stdio_uart.o
                0x00000000080012ec                stdio_write
 *fill*         0x00000000080012fe        0x2 
 .text.stmclk_enable_hsi
                0x0000000008001300       0x18 /home/student/riot-lab/lab/threading_irq/part_4/bin/b-l072z-lrwan1/stm32_clk/stmclk_common.o
                0x0000000008001300                stmclk_enable_hsi
 .text.stmclk_init_sysclk
                0x0000000008001318       0x90 /home/student/riot-lab/lab/threading_irq/part_4/bin/b-l072z-lrwan1/stm32_clk/stmclk_l0l1.o
                0x0000000008001318                stmclk_init_sysclk
 .text.dummy_handler
                0x00000000080013a8        0x8 /home/student/riot-lab/lab/threading_irq/part_4/bin/b-l072z-lrwan1/stm32_vectors/STM32L072xx.o
                0x00000000080013a8                isr_pvd
                0x00000000080013a8                isr_i2c1
                0x00000000080013a8                isr_tsc
                0x00000000080013a8                isr_tim7
                0x00000000080013a8                isr_i2c3
                0x00000000080013a8                isr_rng_lpuart1
                0x00000000080013a8                isr_dma1_channel4_5_6_7
                0x00000000080013a8                isr_usart4_5
                0x00000000080013a8                isr_tim22
                0x00000000080013a8                isr_i2c2
                0x00000000080013a8                isr_dma1_channel2_3
                0x00000000080013a8                isr_spi2
                0x00000000080013a8                isr_dma1_channel1
                0x00000000080013a8                dummy_handler
                0x00000000080013a8                isr_tim21
                0x00000000080013a8                isr_spi1
                0x00000000080013a8                isr_lptim1
                0x00000000080013a8                isr_flash
                0x00000000080013a8                isr_rtc
                0x00000000080013a8                isr_usb
                0x00000000080013a8                isr_adc1_comp
                0x00000000080013a8                isr_tim6_dac
                0x00000000080013a8                isr_tim3
                0x00000000080013a8                isr_rcc_crs
                0x00000000080013a8                isr_wwdg
 .text._add_timer_to_list
                0x00000000080013b0       0x36 /home/student/riot-lab/lab/threading_irq/part_4/bin/b-l072z-lrwan1/xtimer/xtimer_core.o
 .text._remove_timer_from_list
                0x00000000080013e6       0x18 /home/student/riot-lab/lab/threading_irq/part_4/bin/b-l072z-lrwan1/xtimer/xtimer_core.o
 *fill*         0x00000000080013fe        0x2 
 .text._xtimer_now64
                0x0000000008001400       0x34 /home/student/riot-lab/lab/threading_irq/part_4/bin/b-l072z-lrwan1/xtimer/xtimer_core.o
 .text._schedule_earliest_lltimer
                0x0000000008001434       0x50 /home/student/riot-lab/lab/threading_irq/part_4/bin/b-l072z-lrwan1/xtimer/xtimer_core.o
 .text._xtimer_now
                0x0000000008001484        0x8 /home/student/riot-lab/lab/threading_irq/part_4/bin/b-l072z-lrwan1/xtimer/xtimer_core.o
                0x0000000008001484                _xtimer_now
 .text.xtimer_init
                0x000000000800148c       0x30 /home/student/riot-lab/lab/threading_irq/part_4/bin/b-l072z-lrwan1/xtimer/xtimer_core.o
                0x000000000800148c                xtimer_init
 .text._periph_timer_callback
                0x00000000080014bc      0x118 /home/student/riot-lab/lab/threading_irq/part_4/bin/b-l072z-lrwan1/xtimer/xtimer_core.o
 .text.xtimer_remove
                0x00000000080015d4       0x34 /home/student/riot-lab/lab/threading_irq/part_4/bin/b-l072z-lrwan1/xtimer/xtimer_core.o
                0x00000000080015d4                xtimer_remove
 .text._xtimer_set64
                0x0000000008001608       0x88 /home/student/riot-lab/lab/threading_irq/part_4/bin/b-l072z-lrwan1/xtimer/xtimer_core.o
                0x0000000008001608                _xtimer_set64
 .text._callback_unlock_mutex
                0x0000000008001690        0x8 /home/student/riot-lab/lab/threading_irq/part_4/bin/b-l072z-lrwan1/xtimer/xtimer.o
 .text._xtimer_periodic_wakeup
                0x0000000008001698       0x58 /home/student/riot-lab/lab/threading_irq/part_4/bin/b-l072z-lrwan1/xtimer/xtimer.o
                0x0000000008001698                _xtimer_periodic_wakeup
 .text          0x00000000080016f0       0x14 /usr/lib/gcc/arm-none-eabi/9.2.1/thumb/v6-m/nofp/libgcc.a(_thumb1_case_uqi.o)
                0x00000000080016f0                __gnu_thumb1_case_uqi
 .text          0x0000000008001704      0x114 /usr/lib/gcc/arm-none-eabi/9.2.1/thumb/v6-m/nofp/libgcc.a(_udivsi3.o)
                0x0000000008001704                __udivsi3
                0x0000000008001704                __aeabi_uidiv
                0x0000000008001810                __aeabi_uidivmod
 .text          0x0000000008001818      0x1d4 /usr/lib/gcc/arm-none-eabi/9.2.1/thumb/v6-m/nofp/libgcc.a(_divsi3.o)
                0x0000000008001818                __aeabi_idiv
                0x0000000008001818                __divsi3
                0x00000000080019e4                __aeabi_idivmod
 .text          0x00000000080019ec        0x4 /usr/lib/gcc/arm-none-eabi/9.2.1/thumb/v6-m/nofp/libgcc.a(_dvmd_tls.o)
                0x00000000080019ec                __aeabi_ldiv0
                0x00000000080019ec                __aeabi_idiv0
 .text          0x00000000080019f0       0x44 /usr/lib/gcc/arm-none-eabi/9.2.1/../../../arm-none-eabi/lib/thumb/v6-m/nofp/libc_nano.a(lib_a-init.o)
                0x00000000080019f0                __libc_init_array
 .text          0x0000000008001a34       0xa8 /usr/lib/gcc/arm-none-eabi/9.2.1/../../../arm-none-eabi/lib/thumb/v6-m/nofp/libc_nano.a(lib_a-memcpy-stub.o)
                0x0000000008001a34                memcpy
 .text          0x0000000008001adc       0xa8 /usr/lib/gcc/arm-none-eabi/9.2.1/../../../arm-none-eabi/lib/thumb/v6-m/nofp/libc_nano.a(lib_a-memset.o)
                0x0000000008001adc                memset
 .text          0x0000000008001b84       0xac /usr/lib/gcc/arm-none-eabi/9.2.1/../../../arm-none-eabi/lib/thumb/v6-m/nofp/libc_nano.a(lib_a-nano-freer.o)
                0x0000000008001b84                _free_r
 .text          0x0000000008001c30       0xcc /usr/lib/gcc/arm-none-eabi/9.2.1/../../../arm-none-eabi/lib/thumb/v6-m/nofp/libc_nano.a(lib_a-nano-mallocr.o)
                0x0000000008001c30                _malloc_r
 .text          0x0000000008001cfc       0x68 /usr/lib/gcc/arm-none-eabi/9.2.1/../../../arm-none-eabi/lib/thumb/v6-m/nofp/libc_nano.a(lib_a-printf.o)
                0x0000000008001cfc                _printf_r
                0x0000000008001cfc                _iprintf_r
                0x0000000008001d2c                printf
                0x0000000008001d2c                iprintf
 .text          0x0000000008001d64       0xec /usr/lib/gcc/arm-none-eabi/9.2.1/../../../arm-none-eabi/lib/thumb/v6-m/nofp/libc_nano.a(lib_a-puts.o)
                0x0000000008001d64                _puts_r
                0x0000000008001e3c                puts
 .text          0x0000000008001e50       0xec /usr/lib/gcc/arm-none-eabi/9.2.1/../../../arm-none-eabi/lib/thumb/v6-m/nofp/libc_nano.a(lib_a-wbuf.o)
                0x0000000008001e50                __swbuf_r
                0x0000000008001f24                __swbuf
 .text          0x0000000008001f3c      0x10c /usr/lib/gcc/arm-none-eabi/9.2.1/../../../arm-none-eabi/lib/thumb/v6-m/nofp/libc_nano.a(lib_a-wsetup.o)
                0x0000000008001f3c                __swsetup_r
 .text          0x0000000008002048      0x1b8 /usr/lib/gcc/arm-none-eabi/9.2.1/../../../arm-none-eabi/lib/thumb/v6-m/nofp/libc_nano.a(lib_a-fflush.o)
                0x0000000008002048                __sflush_r
                0x000000000800217c                _fflush_r
                0x00000000080021d8                fflush
 .text          0x0000000008002200      0x240 /usr/lib/gcc/arm-none-eabi/9.2.1/../../../arm-none-eabi/lib/thumb/v6-m/nofp/libc_nano.a(lib_a-findfp.o)
                0x0000000008002204                _cleanup_r
                0x0000000008002218                __sfmoreglue
                0x0000000008002248                __sfp
                0x00000000080023d8                _cleanup
                0x00000000080023f0                __sinit
                0x0000000008002400                __sfp_lock_acquire
                0x0000000008002404                __sfp_lock_release
                0x0000000008002408                __sinit_lock_acquire
                0x000000000800240c                __sinit_lock_release
                0x0000000008002410                __fp_lock_all
                0x0000000008002428                __fp_unlock_all
 .text          0x0000000008002440       0x90 /usr/lib/gcc/arm-none-eabi/9.2.1/../../../arm-none-eabi/lib/thumb/v6-m/nofp/libc_nano.a(lib_a-fwalk.o)
                0x0000000008002440                _fwalk
                0x0000000008002484                _fwalk_reent
 .text          0x00000000080024d0       0xe0 /usr/lib/gcc/arm-none-eabi/9.2.1/../../../arm-none-eabi/lib/thumb/v6-m/nofp/libc_nano.a(lib_a-makebuf.o)
                0x00000000080024d0                __swhatbuf_r
                0x0000000008002520                __smakebuf_r
 .text          0x00000000080025b0        0x8 /usr/lib/gcc/arm-none-eabi/9.2.1/../../../arm-none-eabi/lib/thumb/v6-m/nofp/libc_nano.a(lib_a-mlock.o)
                0x00000000080025b0                __malloc_lock
                0x00000000080025b4                __malloc_unlock
 .text          0x00000000080025b8       0x50 /usr/lib/gcc/arm-none-eabi/9.2.1/../../../arm-none-eabi/lib/thumb/v6-m/nofp/libc_nano.a(lib_a-nano-reallocr.o)
                0x00000000080025b8                _realloc_r
 .text          0x0000000008002608      0x384 /usr/lib/gcc/arm-none-eabi/9.2.1/../../../arm-none-eabi/lib/thumb/v6-m/nofp/libc_nano.a(lib_a-nano-vfprintf.o)
                0x0000000008002630                __sfputs_r
                0x000000000800265c                __sprint_r
                0x0000000008002678                _vfiprintf_r
                0x0000000008002678                _vfprintf_r
                0x0000000008002974                vfiprintf
                0x0000000008002974                vfprintf
 .text          0x000000000800298c      0x3d8 /usr/lib/gcc/arm-none-eabi/9.2.1/../../../arm-none-eabi/lib/thumb/v6-m/nofp/libc_nano.a(lib_a-nano-vfprintf_i.o)
                0x000000000800298c                _printf_common
                0x0000000008002abc                _printf_i
 .text          0x0000000008002d64       0xa4 /usr/lib/gcc/arm-none-eabi/9.2.1/../../../arm-none-eabi/lib/thumb/v6-m/nofp/libc_nano.a(lib_a-stdio.o)
                0x0000000008002d64                __sread
                0x0000000008002d8c                __seofread
                0x0000000008002d90                __swrite
                0x0000000008002dd0                __sseek
                0x0000000008002dfc                __sclose
 .text          0x0000000008002e08      0x320 /usr/lib/gcc/arm-none-eabi/9.2.1/../../../arm-none-eabi/lib/thumb/v6-m/nofp/libc_nano.a(lib_a-fvwrite.o)
                0x0000000008002e08                __sfvwrite_r
 .text          0x0000000008003128       0x80 /usr/lib/gcc/arm-none-eabi/9.2.1/../../../arm-none-eabi/lib/thumb/v6-m/nofp/libc_nano.a(lib_a-memchr-stub.o)
                0x0000000008003128                memchr
 .text          0x00000000080031a8       0xbc /usr/lib/gcc/arm-none-eabi/9.2.1/../../../arm-none-eabi/lib/thumb/v6-m/nofp/libc_nano.a(lib_a-memmove.o)
                0x00000000080031a8                memmove
 .text          0x0000000008003264       0x14 /usr/lib/gcc/arm-none-eabi/9.2.1/../../../arm-none-eabi/lib/thumb/v6-m/nofp/libc_nano.a(lib_a-nano-msizer.o)
                0x0000000008003264                _malloc_usable_size_r
 *(.glue_7t)
 .glue_7t       0x0000000008003278        0x0 linker stubs
 *(.glue_7)
 .glue_7        0x0000000008003278        0x0 linker stubs
 *(.rodata .rodata* .gnu.linkonce.r.*)
 .rodata.thread_red.str1.1
                0x0000000008003278       0x1c /home/student/riot-lab/lab/threading_irq/part_4/bin/b-l072z-lrwan1/application_lab/main.o
 .rodata.main.str1.1
                0x0000000008003294        0x6 /home/student/riot-lab/lab/threading_irq/part_4/bin/b-l072z-lrwan1/application_lab/main.o
 .rodata.MultiplyDeBruijnBitPosition
                0x000000000800329a       0x20 /home/student/riot-lab/lab/threading_irq/part_4/bin/b-l072z-lrwan1/core/bitarithm.o
                0x000000000800329a                MultiplyDeBruijnBitPosition
 .rodata.main_trampoline.str1.1
                0x00000000080032ba       0x2d /home/student/riot-lab/lab/threading_irq/part_4/bin/b-l072z-lrwan1/core/init.o
 .rodata.kernel_init.str1.1
                0x00000000080032e7        0x5 /home/student/riot-lab/lab/threading_irq/part_4/bin/b-l072z-lrwan1/core/init.o
 .rodata.core_panic.str1.1
                0x00000000080032ec       0x2e /home/student/riot-lab/lab/threading_irq/part_4/bin/b-l072z-lrwan1/core/panic.o
 .rodata.assert_crash_message
                0x000000000800331a       0x12 /home/student/riot-lab/lab/threading_irq/part_4/bin/b-l072z-lrwan1/core/panic.o
                0x000000000800331a                assert_crash_message
 .rodata.panic_arch.str1.1
                0x000000000800332c        0xf /home/student/riot-lab/lab/threading_irq/part_4/bin/b-l072z-lrwan1/cortexm_common/panic.o
 .rodata.nmi_default.str1.1
                0x000000000800333b        0xc /home/student/riot-lab/lab/threading_irq/part_4/bin/b-l072z-lrwan1/cortexm_common/vectors_cortexm.o
 .rodata.dummy_handler_default.str1.1
                0x0000000008003347        0xe /home/student/riot-lab/lab/threading_irq/part_4/bin/b-l072z-lrwan1/cortexm_common/vectors_cortexm.o
 .rodata.hard_fault_handler.str1.1
                0x0000000008003355      0x1ca /home/student/riot-lab/lab/threading_irq/part_4/bin/b-l072z-lrwan1/cortexm_common/vectors_cortexm.o
 .rodata.apbmul
                0x000000000800351f        0x2 /home/student/riot-lab/lab/threading_irq/part_4/bin/b-l072z-lrwan1/cpu/cpu_common.o
 *fill*         0x0000000008003521        0x3 
 .rodata.timer_config
                0x0000000008003524       0x10 /home/student/riot-lab/lab/threading_irq/part_4/bin/b-l072z-lrwan1/periph/timer.o
 .rodata.uart_config
                0x0000000008003534       0x38 /home/student/riot-lab/lab/threading_irq/part_4/bin/b-l072z-lrwan1/periph/uart.o
 .rodata        0x000000000800356c        0x4 /usr/lib/gcc/arm-none-eabi/9.2.1/../../../arm-none-eabi/lib/thumb/v6-m/nofp/libc_nano.a(lib_a-impure.o)
                0x000000000800356c                _global_impure_ptr
 .rodata        0x0000000008003570       0x60 /usr/lib/gcc/arm-none-eabi/9.2.1/../../../arm-none-eabi/lib/thumb/v6-m/nofp/libc_nano.a(lib_a-findfp.o)
                0x0000000008003570                __sf_fake_stderr
                0x0000000008003590                __sf_fake_stdout
                0x00000000080035b0                __sf_fake_stdin
 .rodata.str1.4
                0x00000000080035d0       0x13 /usr/lib/gcc/arm-none-eabi/9.2.1/../../../arm-none-eabi/lib/thumb/v6-m/nofp/libc_nano.a(lib_a-nano-vfprintf.o)
 *fill*         0x00000000080035e3        0x1 
 .rodata.str1.4
                0x00000000080035e4       0x25 /usr/lib/gcc/arm-none-eabi/9.2.1/../../../arm-none-eabi/lib/thumb/v6-m/nofp/libc_nano.a(lib_a-nano-vfprintf_i.o)
 *(SORT_BY_NAME(.roxfa.*))
 *(.ARM.extab* .gnu.linkonce.armextab.*)
                0x000000000800360c                . = ALIGN (0x4)
 *fill*         0x0000000008003609        0x3 
 *(.init)
                0x000000000800360c                . = ALIGN (0x4)
                0x000000000800360c                __preinit_array_start = .
 *(.preinit_array)
                0x000000000800360c                __preinit_array_end = .
                0x000000000800360c                . = ALIGN (0x4)
                0x000000000800360c                __init_array_start = .
 *(SORT_BY_NAME(.init_array.*))
 *(.init_array)
                0x000000000800360c                __init_array_end = .
                0x000000000800360c                . = ALIGN (0x4)
 *crtbegin.o(.ctors)
 *(EXCLUDE_FILE(*crtend.o) .ctors)
 *(SORT_BY_NAME(.ctors.*))
 *crtend.o(.ctors)
                0x000000000800360c                . = ALIGN (0x4)
 *(.fini)
                0x000000000800360c                . = ALIGN (0x4)
                0x000000000800360c                __fini_array_start = .
 *(.fini_array)
 *(SORT_BY_NAME(.fini_array.*))
                0x000000000800360c                __fini_array_end = .
 *crtbegin.o(.dtors)
 *(EXCLUDE_FILE(*crtend.o) .dtors)
 *(SORT_BY_NAME(.dtors.*))
 *crtend.o(.dtors)
                0x000000000800360c                . = ALIGN (0x4)
                0x000000000800360c                _efixed = .

.vfp11_veneer   0x000000000800360c        0x0
 .vfp11_veneer  0x000000000800360c        0x0 linker stubs

.v4_bx          0x000000000800360c        0x0
 .v4_bx         0x000000000800360c        0x0 linker stubs

.iplt           0x000000000800360c        0x0
 .iplt          0x000000000800360c        0x0 /home/student/riot-lab/lab/threading_irq/part_4/bin/b-l072z-lrwan1/application_lab/main.o

.igot.plt       0x000000000800360c        0x0
 .igot.plt      0x000000000800360c        0x0 /home/student/riot-lab/lab/threading_irq/part_4/bin/b-l072z-lrwan1/application_lab/main.o

.rel.dyn        0x000000000800360c        0x0
 .rel.iplt      0x000000000800360c        0x0 /home/student/riot-lab/lab/threading_irq/part_4/bin/b-l072z-lrwan1/application_lab/main.o

.tdata          0x000000000800360c        0x0
                0x000000000800360c                __tdata_start = .
 *(.tdata .tdata.* .gnu.linkonce.td.*)
                0x000000000800360c                __tdata_end = .
                0x000000000800360c                __tdata_source = LOADADDR (.tdata)
                0x0000000000000000                __tdata_size = SIZEOF (.tdata)

.tbss           0x000000000800360c        0x0
 *(.tbss .tbss.* .gnu.linkonce.tb.*)
 *(.tcommon)
                0x000000000800360c                __tbss_end = .
                0x0000000000000000                __tls_size = (__tbss_end - __tdata_start)
                0x0000000000000000                __tbss_size = (__tls_size - __tdata_size)
                [!provide]                        PROVIDE (__exidx_start = .)

.ARM.exidx
 *(.ARM.exidx* .gnu.linkonce.armexidx.*)
                [!provide]                        PROVIDE (__exidx_end = .)
                0x000000000800360c                . = ALIGN (0x4)

.eh_frame
 *(.eh_frame)
                0x000000000800360c                . = ALIGN (0x4)
                0x000000000800360c                _etext = .

.stack          0x0000000020000000      0x200
 *(.puf)
                0x0000000020000000                . = ALIGN (0x8)
                0x0000000020000000                _sstack = .
 *(.isr_stack)
 .isr_stack     0x0000000020000000      0x200 /home/student/riot-lab/lab/threading_irq/part_4/bin/b-l072z-lrwan1/cortexm_common/vectors_cortexm.o
                0x0000000020000000                isr_stack
                0x0000000020000200                . = ALIGN (0x8)
                0x0000000020000200                _estack = .

.relocate       0x0000000020000200       0x70 load address 0x000000000800360c
                0x0000000020000200                . = ALIGN (0x4)
                0x0000000020000200                _srelocate = .
 *(.ramfunc .ramfunc.*)
 *(.data .data.*)
 .data.heap_top
                0x0000000020000200        0x4 /home/student/riot-lab/lab/threading_irq/part_4/bin/b-l072z-lrwan1/newlib_syscalls_default/syscalls.o
 .data.pm_blocker
                0x0000000020000204        0x4 /home/student/riot-lab/lab/threading_irq/part_4/bin/b-l072z-lrwan1/pm_layered/pm.o
 .data          0x0000000020000208       0x64 /usr/lib/gcc/arm-none-eabi/9.2.1/../../../arm-none-eabi/lib/thumb/v6-m/nofp/libc_nano.a(lib_a-impure.o)
                0x0000000020000208                _impure_ptr
 *(SORT_BY_NAME(.xfa.*))
 *(.openocd .openocd.*)
 .openocd       0x000000002000026c        0x2 /home/student/riot-lab/lab/threading_irq/part_4/bin/b-l072z-lrwan1/core/sched.o
                0x000000002000026c                _tcb_name_offset
                0x000000002000026d                max_threads
                0x0000000020000270                . = ALIGN (0x4)
 *fill*         0x000000002000026e        0x2 
                0x0000000020000270                _erelocate = .

.bss            0x0000000020000270     0x13b0 load address 0x000000000800367c
                0x0000000020000270                . = ALIGN (0x4)
                0x0000000020000270                _sbss = .
                0x0000000020000270                _szero = .
 *(.bss .bss.*)
 .bss.begin_time.6365
                0x0000000020000270        0x4 /home/student/riot-lab/lab/threading_irq/part_4/bin/b-l072z-lrwan1/application_lab/main.o
 .bss.red_pid   0x0000000020000274        0x2 /home/student/riot-lab/lab/threading_irq/part_4/bin/b-l072z-lrwan1/application_lab/main.o
 .bss.stack_thread_blinking_green
                0x0000000020000276      0x600 /home/student/riot-lab/lab/threading_irq/part_4/bin/b-l072z-lrwan1/application_lab/main.o
                0x0000000020000276                stack_thread_blinking_green
 .bss.stack_thread_red
                0x0000000020000876      0x600 /home/student/riot-lab/lab/threading_irq/part_4/bin/b-l072z-lrwan1/application_lab/main.o
                0x0000000020000876                stack_thread_red
 *fill*         0x0000000020000e76        0x2 
 .bss.time_elapsed
                0x0000000020000e78        0x4 /home/student/riot-lab/lab/threading_irq/part_4/bin/b-l072z-lrwan1/application_lab/main.o
 .bss.user_button_pressed_time
                0x0000000020000e7c        0x4 /home/student/riot-lab/lab/threading_irq/part_4/bin/b-l072z-lrwan1/application_lab/main.o
 .bss.main_stack
                0x0000000020000e80      0x600 /home/student/riot-lab/lab/threading_irq/part_4/bin/b-l072z-lrwan1/core/init.o
 .bss.crashed   0x0000000020001480        0x4 /home/student/riot-lab/lab/threading_irq/part_4/bin/b-l072z-lrwan1/core/panic.o
 .bss.runqueue_bitcache
                0x0000000020001484        0x4 /home/student/riot-lab/lab/threading_irq/part_4/bin/b-l072z-lrwan1/core/sched.o
 .bss.sched_active_pid
                0x0000000020001488        0x2 /home/student/riot-lab/lab/threading_irq/part_4/bin/b-l072z-lrwan1/core/sched.o
                0x0000000020001488                sched_active_pid
 *fill*         0x000000002000148a        0x2 
 .bss.sched_active_thread
                0x000000002000148c        0x4 /home/student/riot-lab/lab/threading_irq/part_4/bin/b-l072z-lrwan1/core/sched.o
                0x000000002000148c                sched_active_thread
 .bss.sched_context_switch_request
                0x0000000020001490        0x4 /home/student/riot-lab/lab/threading_irq/part_4/bin/b-l072z-lrwan1/core/sched.o
                0x0000000020001490                sched_context_switch_request
 .bss.sched_num_threads
                0x0000000020001494        0x4 /home/student/riot-lab/lab/threading_irq/part_4/bin/b-l072z-lrwan1/core/sched.o
                0x0000000020001494                sched_num_threads
 .bss.sched_runqueues
                0x0000000020001498       0x40 /home/student/riot-lab/lab/threading_irq/part_4/bin/b-l072z-lrwan1/core/sched.o
                0x0000000020001498                sched_runqueues
 .bss.sched_threads
                0x00000000200014d8       0x84 /home/student/riot-lab/lab/threading_irq/part_4/bin/b-l072z-lrwan1/core/sched.o
                0x00000000200014d8                sched_threads
 .bss.isr_ctx   0x000000002000155c       0x80 /home/student/riot-lab/lab/threading_irq/part_4/bin/b-l072z-lrwan1/periph/gpio_all.o
 .bss.isr_ctx   0x00000000200015dc        0x8 /home/student/riot-lab/lab/threading_irq/part_4/bin/b-l072z-lrwan1/periph/timer.o
 .bss.isr_ctx   0x00000000200015e4       0x18 /home/student/riot-lab/lab/threading_irq/part_4/bin/b-l072z-lrwan1/periph/uart.o
 .bss._in_handler
                0x00000000200015fc        0x4 /home/student/riot-lab/lab/threading_irq/part_4/bin/b-l072z-lrwan1/xtimer/xtimer_core.o
 .bss._lltimer_ongoing
                0x0000000020001600        0x1 /home/student/riot-lab/lab/threading_irq/part_4/bin/b-l072z-lrwan1/xtimer/xtimer_core.o
 *fill*         0x0000000020001601        0x7 
 .bss._xtimer_current_time
                0x0000000020001608        0x8 /home/student/riot-lab/lab/threading_irq/part_4/bin/b-l072z-lrwan1/xtimer/xtimer_core.o
                0x0000000020001608                _xtimer_current_time
 .bss.long_list_head
                0x0000000020001610        0x4 /home/student/riot-lab/lab/threading_irq/part_4/bin/b-l072z-lrwan1/xtimer/xtimer_core.o
 .bss.timer_list_head
                0x0000000020001614        0x4 /home/student/riot-lab/lab/threading_irq/part_4/bin/b-l072z-lrwan1/xtimer/xtimer_core.o
 .bss           0x0000000020001618        0x8 /usr/lib/gcc/arm-none-eabi/9.2.1/../../../arm-none-eabi/lib/thumb/v6-m/nofp/libc_nano.a(lib_a-nano-mallocr.o)
                0x0000000020001618                __malloc_free_list
                0x000000002000161c                __malloc_sbrk_start
 *(COMMON)
                0x0000000020001620                . = ALIGN (0x4)
                0x0000000020001620                _ebss = .
                0x0000000020001620                _ezero = .

.noinit         0x0000000020001620        0x0 load address 0x000000000800367c
                0x0000000020001620                __noinit_start = .
 *(.noinit)
                0x0000000020001620                . = ALIGN (0x4)
                0x0000000020001620                __noinit_end = .
                0x0000000020001620                . = ALIGN (0x4)
                0x0000000020001620                _sheap = .
                0x0000000020005000                _eheap = (ORIGIN (ram) + LENGTH (ram))
                0x0000000020000000                _sram = ORIGIN (ram)
                0x0000000020005000                _eram = (ORIGIN (ram) + LENGTH (ram))
                0x000000000800367c                _sbackup_data_load = LOADADDR (.backup.data)

.backup.data    0x0000000000000000        0x0 load address 0x000000000800367c
                0x0000000000000000                _sbackup_data = .
 *(.backup.data)
                0x0000000000000000                _ebackup_data = .
                0x0000000000000000                . = ALIGN (0x4)

.backup.bss     0x0000000000000000        0x0 load address 0x000000000800367c
                0x0000000000000000                _sbackup_bss = .
 *(.backup.bss)
                0x0000000000000000                _ebackup_bss = .
                0x0000000000000000                . = ALIGN (0x4)

.heap3          0x0000000000000000        0x0 load address 0x000000000800367c
                0x0000000000000000                _sheap1 = .
                0x0000000000000000                _eheap1 = (ORIGIN (bkup_ram) + LENGTH (bkup_ram))
OUTPUT(/home/student/riot-lab/lab/threading_irq/part_4/bin/b-l072z-lrwan1/lab.elf elf32-littlearm)
LOAD linker stubs

.debug_info     0x0000000000000000    0x3bb24
 .debug_info    0x0000000000000000     0x1b6a /home/student/riot-lab/lab/threading_irq/part_4/bin/b-l072z-lrwan1/application_lab/main.o
 .debug_info    0x0000000000001b6a      0xd0e /home/student/riot-lab/lab/threading_irq/part_4/bin/b-l072z-lrwan1/auto_init/auto_init.o
 .debug_info    0x0000000000002878     0x155b /home/student/riot-lab/lab/threading_irq/part_4/bin/b-l072z-lrwan1/board/board.o
 .debug_info    0x0000000000003dd3      0x9f0 /home/student/riot-lab/lab/threading_irq/part_4/bin/b-l072z-lrwan1/core/bitarithm.o
 .debug_info    0x00000000000047c3      0xe72 /home/student/riot-lab/lab/threading_irq/part_4/bin/b-l072z-lrwan1/core/init.o
 .debug_info    0x0000000000005635     0x2788 /home/student/riot-lab/lab/threading_irq/part_4/bin/b-l072z-lrwan1/core/msg.o
 .debug_info    0x0000000000007dbd     0x1a54 /home/student/riot-lab/lab/threading_irq/part_4/bin/b-l072z-lrwan1/core/mutex.o
 .debug_info    0x0000000000009811      0xed5 /home/student/riot-lab/lab/threading_irq/part_4/bin/b-l072z-lrwan1/core/panic.o
 .debug_info    0x000000000000a6e6     0x132e /home/student/riot-lab/lab/threading_irq/part_4/bin/b-l072z-lrwan1/core/sched.o
 .debug_info    0x000000000000ba14     0x1d2f /home/student/riot-lab/lab/threading_irq/part_4/bin/b-l072z-lrwan1/core/thread.o
 .debug_info    0x000000000000d743     0x10ef /home/student/riot-lab/lab/threading_irq/part_4/bin/b-l072z-lrwan1/cortexm_common/cortexm_init.o
 .debug_info    0x000000000000e832      0xd4d /home/student/riot-lab/lab/threading_irq/part_4/bin/b-l072z-lrwan1/cortexm_common/panic.o
 .debug_info    0x000000000000f57f     0x11a1 /home/student/riot-lab/lab/threading_irq/part_4/bin/b-l072z-lrwan1/cortexm_common/thread_arch.o
 .debug_info    0x0000000000010720     0x1310 /home/student/riot-lab/lab/threading_irq/part_4/bin/b-l072z-lrwan1/cortexm_common/vectors_cortexm.o
 .debug_info    0x0000000000011a30     0x1718 /home/student/riot-lab/lab/threading_irq/part_4/bin/b-l072z-lrwan1/cpu/cpu_common.o
 .debug_info    0x0000000000013148     0x159a /home/student/riot-lab/lab/threading_irq/part_4/bin/b-l072z-lrwan1/cpu/cpu_init.o
 .debug_info    0x00000000000146e2     0x24be /home/student/riot-lab/lab/threading_irq/part_4/bin/b-l072z-lrwan1/newlib_syscalls_default/syscalls.o
 .debug_info    0x0000000000016ba0      0xc70 /home/student/riot-lab/lab/threading_irq/part_4/bin/b-l072z-lrwan1/periph_common/init.o
 .debug_info    0x0000000000017810     0x235a /home/student/riot-lab/lab/threading_irq/part_4/bin/b-l072z-lrwan1/periph/gpio_all.o
 .debug_info    0x0000000000019b6a      0xf17 /home/student/riot-lab/lab/threading_irq/part_4/bin/b-l072z-lrwan1/periph/pm.o
 .debug_info    0x000000000001aa81     0x1c25 /home/student/riot-lab/lab/threading_irq/part_4/bin/b-l072z-lrwan1/periph/timer.o
 .debug_info    0x000000000001c6a6     0x1f82 /home/student/riot-lab/lab/threading_irq/part_4/bin/b-l072z-lrwan1/periph/uart.o
 .debug_info    0x000000000001e628     0x117d /home/student/riot-lab/lab/threading_irq/part_4/bin/b-l072z-lrwan1/pm_layered/pm.o
 .debug_info    0x000000000001f7a5     0x164f /home/student/riot-lab/lab/threading_irq/part_4/bin/b-l072z-lrwan1/stdio_uart/stdio_uart.o
 .debug_info    0x0000000000020df4     0x168b /home/student/riot-lab/lab/threading_irq/part_4/bin/b-l072z-lrwan1/stm32_clk/stmclk_common.o
 .debug_info    0x000000000002247f     0x186b /home/student/riot-lab/lab/threading_irq/part_4/bin/b-l072z-lrwan1/stm32_clk/stmclk_l0l1.o
 .debug_info    0x0000000000023cea      0x1bc /home/student/riot-lab/lab/threading_irq/part_4/bin/b-l072z-lrwan1/stm32_vectors/STM32L072xx.o
 .debug_info    0x0000000000023ea6     0x2092 /home/student/riot-lab/lab/threading_irq/part_4/bin/b-l072z-lrwan1/xtimer/xtimer_core.o
 .debug_info    0x0000000000025f38     0x2a70 /home/student/riot-lab/lab/threading_irq/part_4/bin/b-l072z-lrwan1/xtimer/xtimer.o
 .debug_info    0x00000000000289a8       0x26 /usr/lib/gcc/arm-none-eabi/9.2.1/thumb/v6-m/nofp/libgcc.a(_thumb1_case_uqi.o)
 .debug_info    0x00000000000289ce       0x26 /usr/lib/gcc/arm-none-eabi/9.2.1/thumb/v6-m/nofp/libgcc.a(_udivsi3.o)
 .debug_info    0x00000000000289f4       0x26 /usr/lib/gcc/arm-none-eabi/9.2.1/thumb/v6-m/nofp/libgcc.a(_divsi3.o)
 .debug_info    0x0000000000028a1a       0x26 /usr/lib/gcc/arm-none-eabi/9.2.1/thumb/v6-m/nofp/libgcc.a(_dvmd_tls.o)
 .debug_info    0x0000000000028a40      0x92a /usr/lib/gcc/arm-none-eabi/9.2.1/../../../arm-none-eabi/lib/thumb/v6-m/nofp/libc_nano.a(lib_a-impure.o)
 .debug_info    0x000000000002936a      0x11a /usr/lib/gcc/arm-none-eabi/9.2.1/../../../arm-none-eabi/lib/thumb/v6-m/nofp/libc_nano.a(lib_a-init.o)
 .debug_info    0x0000000000029484      0xf35 /usr/lib/gcc/arm-none-eabi/9.2.1/../../../arm-none-eabi/lib/thumb/v6-m/nofp/libc_nano.a(lib_a-memcpy-stub.o)
 .debug_info    0x000000000002a3b9      0xf21 /usr/lib/gcc/arm-none-eabi/9.2.1/../../../arm-none-eabi/lib/thumb/v6-m/nofp/libc_nano.a(lib_a-memset.o)
 .debug_info    0x000000000002b2da      0xb82 /usr/lib/gcc/arm-none-eabi/9.2.1/../../../arm-none-eabi/lib/thumb/v6-m/nofp/libc_nano.a(lib_a-nano-freer.o)
 .debug_info    0x000000000002be5c      0xc57 /usr/lib/gcc/arm-none-eabi/9.2.1/../../../arm-none-eabi/lib/thumb/v6-m/nofp/libc_nano.a(lib_a-nano-mallocr.o)
 .debug_info    0x000000000002cab3      0xc67 /usr/lib/gcc/arm-none-eabi/9.2.1/../../../arm-none-eabi/lib/thumb/v6-m/nofp/libc_nano.a(lib_a-printf.o)
 .debug_info    0x000000000002d71a      0xd23 /usr/lib/gcc/arm-none-eabi/9.2.1/../../../arm-none-eabi/lib/thumb/v6-m/nofp/libc_nano.a(lib_a-puts.o)
 .debug_info    0x000000000002e43d      0xc90 /usr/lib/gcc/arm-none-eabi/9.2.1/../../../arm-none-eabi/lib/thumb/v6-m/nofp/libc_nano.a(lib_a-wbuf.o)
 .debug_info    0x000000000002f0cd      0xbfa /usr/lib/gcc/arm-none-eabi/9.2.1/../../../arm-none-eabi/lib/thumb/v6-m/nofp/libc_nano.a(lib_a-wsetup.o)
 .debug_info    0x000000000002fcc7      0xd85 /usr/lib/gcc/arm-none-eabi/9.2.1/../../../arm-none-eabi/lib/thumb/v6-m/nofp/libc_nano.a(lib_a-fflush.o)
 .debug_info    0x0000000000030a4c     0x11a8 /usr/lib/gcc/arm-none-eabi/9.2.1/../../../arm-none-eabi/lib/thumb/v6-m/nofp/libc_nano.a(lib_a-findfp.o)
 .debug_info    0x0000000000031bf4      0xca4 /usr/lib/gcc/arm-none-eabi/9.2.1/../../../arm-none-eabi/lib/thumb/v6-m/nofp/libc_nano.a(lib_a-fwalk.o)
 .debug_info    0x0000000000032898      0xf64 /usr/lib/gcc/arm-none-eabi/9.2.1/../../../arm-none-eabi/lib/thumb/v6-m/nofp/libc_nano.a(lib_a-makebuf.o)
 .debug_info    0x00000000000337fc      0x961 /usr/lib/gcc/arm-none-eabi/9.2.1/../../../arm-none-eabi/lib/thumb/v6-m/nofp/libc_nano.a(lib_a-mlock.o)
 .debug_info    0x000000000003415d      0xb76 /usr/lib/gcc/arm-none-eabi/9.2.1/../../../arm-none-eabi/lib/thumb/v6-m/nofp/libc_nano.a(lib_a-nano-reallocr.o)
 .debug_info    0x0000000000034cd3     0x1793 /usr/lib/gcc/arm-none-eabi/9.2.1/../../../arm-none-eabi/lib/thumb/v6-m/nofp/libc_nano.a(lib_a-nano-vfprintf.o)
 .debug_info    0x0000000000036466     0x158d /usr/lib/gcc/arm-none-eabi/9.2.1/../../../arm-none-eabi/lib/thumb/v6-m/nofp/libc_nano.a(lib_a-nano-vfprintf_i.o)
 .debug_info    0x00000000000379f3      0xe6c /usr/lib/gcc/arm-none-eabi/9.2.1/../../../arm-none-eabi/lib/thumb/v6-m/nofp/libc_nano.a(lib_a-stdio.o)
 .debug_info    0x000000000003885f      0xf11 /usr/lib/gcc/arm-none-eabi/9.2.1/../../../arm-none-eabi/lib/thumb/v6-m/nofp/libc_nano.a(lib_a-fvwrite.o)
 .debug_info    0x0000000000039770      0x9e3 /usr/lib/gcc/arm-none-eabi/9.2.1/../../../arm-none-eabi/lib/thumb/v6-m/nofp/libc_nano.a(lib_a-memchr-stub.o)
 .debug_info    0x000000000003a153      0xf2b /usr/lib/gcc/arm-none-eabi/9.2.1/../../../arm-none-eabi/lib/thumb/v6-m/nofp/libc_nano.a(lib_a-memmove.o)
 .debug_info    0x000000000003b07e      0xaa6 /usr/lib/gcc/arm-none-eabi/9.2.1/../../../arm-none-eabi/lib/thumb/v6-m/nofp/libc_nano.a(lib_a-nano-msizer.o)

.debug_abbrev   0x0000000000000000     0xa3fc
 .debug_abbrev  0x0000000000000000      0x43a /home/student/riot-lab/lab/threading_irq/part_4/bin/b-l072z-lrwan1/application_lab/main.o
 .debug_abbrev  0x000000000000043a      0x22c /home/student/riot-lab/lab/threading_irq/part_4/bin/b-l072z-lrwan1/auto_init/auto_init.o
 .debug_abbrev  0x0000000000000666      0x2d6 /home/student/riot-lab/lab/threading_irq/part_4/bin/b-l072z-lrwan1/board/board.o
 .debug_abbrev  0x000000000000093c      0x208 /home/student/riot-lab/lab/threading_irq/part_4/bin/b-l072z-lrwan1/core/bitarithm.o
 .debug_abbrev  0x0000000000000b44      0x32c /home/student/riot-lab/lab/threading_irq/part_4/bin/b-l072z-lrwan1/core/init.o
 .debug_abbrev  0x0000000000000e70      0x557 /home/student/riot-lab/lab/threading_irq/part_4/bin/b-l072z-lrwan1/core/msg.o
 .debug_abbrev  0x00000000000013c7      0x40a /home/student/riot-lab/lab/threading_irq/part_4/bin/b-l072z-lrwan1/core/mutex.o
 .debug_abbrev  0x00000000000017d1      0x364 /home/student/riot-lab/lab/threading_irq/part_4/bin/b-l072z-lrwan1/core/panic.o
 .debug_abbrev  0x0000000000001b35      0x4b5 /home/student/riot-lab/lab/threading_irq/part_4/bin/b-l072z-lrwan1/core/sched.o
 .debug_abbrev  0x0000000000001fea      0x545 /home/student/riot-lab/lab/threading_irq/part_4/bin/b-l072z-lrwan1/core/thread.o
 .debug_abbrev  0x000000000000252f      0x39e /home/student/riot-lab/lab/threading_irq/part_4/bin/b-l072z-lrwan1/cortexm_common/cortexm_init.o
 .debug_abbrev  0x00000000000028cd      0x2fe /home/student/riot-lab/lab/threading_irq/part_4/bin/b-l072z-lrwan1/cortexm_common/panic.o
 .debug_abbrev  0x0000000000002bcb      0x484 /home/student/riot-lab/lab/threading_irq/part_4/bin/b-l072z-lrwan1/cortexm_common/thread_arch.o
 .debug_abbrev  0x000000000000304f      0x445 /home/student/riot-lab/lab/threading_irq/part_4/bin/b-l072z-lrwan1/cortexm_common/vectors_cortexm.o
 .debug_abbrev  0x0000000000003494      0x363 /home/student/riot-lab/lab/threading_irq/part_4/bin/b-l072z-lrwan1/cpu/cpu_common.o
 .debug_abbrev  0x00000000000037f7      0x30c /home/student/riot-lab/lab/threading_irq/part_4/bin/b-l072z-lrwan1/cpu/cpu_init.o
 .debug_abbrev  0x0000000000003b03      0x56b /home/student/riot-lab/lab/threading_irq/part_4/bin/b-l072z-lrwan1/newlib_syscalls_default/syscalls.o
 .debug_abbrev  0x000000000000406e      0x26a /home/student/riot-lab/lab/threading_irq/part_4/bin/b-l072z-lrwan1/periph_common/init.o
 .debug_abbrev  0x00000000000042d8      0x515 /home/student/riot-lab/lab/threading_irq/part_4/bin/b-l072z-lrwan1/periph/gpio_all.o
 .debug_abbrev  0x00000000000047ed      0x379 /home/student/riot-lab/lab/threading_irq/part_4/bin/b-l072z-lrwan1/periph/pm.o
 .debug_abbrev  0x0000000000004b66      0x4c0 /home/student/riot-lab/lab/threading_irq/part_4/bin/b-l072z-lrwan1/periph/timer.o
 .debug_abbrev  0x0000000000005026      0x543 /home/student/riot-lab/lab/threading_irq/part_4/bin/b-l072z-lrwan1/periph/uart.o
 .debug_abbrev  0x0000000000005569      0x3b5 /home/student/riot-lab/lab/threading_irq/part_4/bin/b-l072z-lrwan1/pm_layered/pm.o
 .debug_abbrev  0x000000000000591e      0x349 /home/student/riot-lab/lab/threading_irq/part_4/bin/b-l072z-lrwan1/stdio_uart/stdio_uart.o
 .debug_abbrev  0x0000000000005c67      0x2c4 /home/student/riot-lab/lab/threading_irq/part_4/bin/b-l072z-lrwan1/stm32_clk/stmclk_common.o
 .debug_abbrev  0x0000000000005f2b      0x38e /home/student/riot-lab/lab/threading_irq/part_4/bin/b-l072z-lrwan1/stm32_clk/stmclk_l0l1.o
 .debug_abbrev  0x00000000000062b9       0xd7 /home/student/riot-lab/lab/threading_irq/part_4/bin/b-l072z-lrwan1/stm32_vectors/STM32L072xx.o
 .debug_abbrev  0x0000000000006390      0x531 /home/student/riot-lab/lab/threading_irq/part_4/bin/b-l072z-lrwan1/xtimer/xtimer_core.o
 .debug_abbrev  0x00000000000068c1      0x574 /home/student/riot-lab/lab/threading_irq/part_4/bin/b-l072z-lrwan1/xtimer/xtimer.o
 .debug_abbrev  0x0000000000006e35       0x14 /usr/lib/gcc/arm-none-eabi/9.2.1/thumb/v6-m/nofp/libgcc.a(_thumb1_case_uqi.o)
 .debug_abbrev  0x0000000000006e49       0x14 /usr/lib/gcc/arm-none-eabi/9.2.1/thumb/v6-m/nofp/libgcc.a(_udivsi3.o)
 .debug_abbrev  0x0000000000006e5d       0x14 /usr/lib/gcc/arm-none-eabi/9.2.1/thumb/v6-m/nofp/libgcc.a(_divsi3.o)
 .debug_abbrev  0x0000000000006e71       0x14 /usr/lib/gcc/arm-none-eabi/9.2.1/thumb/v6-m/nofp/libgcc.a(_dvmd_tls.o)
 .debug_abbrev  0x0000000000006e85      0x17a /usr/lib/gcc/arm-none-eabi/9.2.1/../../../arm-none-eabi/lib/thumb/v6-m/nofp/libc_nano.a(lib_a-impure.o)
 .debug_abbrev  0x0000000000006fff       0xcc /usr/lib/gcc/arm-none-eabi/9.2.1/../../../arm-none-eabi/lib/thumb/v6-m/nofp/libc_nano.a(lib_a-init.o)
 .debug_abbrev  0x00000000000070cb      0x1e5 /usr/lib/gcc/arm-none-eabi/9.2.1/../../../arm-none-eabi/lib/thumb/v6-m/nofp/libc_nano.a(lib_a-memcpy-stub.o)
 .debug_abbrev  0x00000000000072b0      0x1d9 /usr/lib/gcc/arm-none-eabi/9.2.1/../../../arm-none-eabi/lib/thumb/v6-m/nofp/libc_nano.a(lib_a-memset.o)
 .debug_abbrev  0x0000000000007489      0x273 /usr/lib/gcc/arm-none-eabi/9.2.1/../../../arm-none-eabi/lib/thumb/v6-m/nofp/libc_nano.a(lib_a-nano-freer.o)
 .debug_abbrev  0x00000000000076fc      0x2d8 /usr/lib/gcc/arm-none-eabi/9.2.1/../../../arm-none-eabi/lib/thumb/v6-m/nofp/libc_nano.a(lib_a-nano-mallocr.o)
 .debug_abbrev  0x00000000000079d4      0x29f /usr/lib/gcc/arm-none-eabi/9.2.1/../../../arm-none-eabi/lib/thumb/v6-m/nofp/libc_nano.a(lib_a-printf.o)
 .debug_abbrev  0x0000000000007c73      0x2c9 /usr/lib/gcc/arm-none-eabi/9.2.1/../../../arm-none-eabi/lib/thumb/v6-m/nofp/libc_nano.a(lib_a-puts.o)
 .debug_abbrev  0x0000000000007f3c      0x277 /usr/lib/gcc/arm-none-eabi/9.2.1/../../../arm-none-eabi/lib/thumb/v6-m/nofp/libc_nano.a(lib_a-wbuf.o)
 .debug_abbrev  0x00000000000081b3      0x23a /usr/lib/gcc/arm-none-eabi/9.2.1/../../../arm-none-eabi/lib/thumb/v6-m/nofp/libc_nano.a(lib_a-wsetup.o)
 .debug_abbrev  0x00000000000083ed      0x2c4 /usr/lib/gcc/arm-none-eabi/9.2.1/../../../arm-none-eabi/lib/thumb/v6-m/nofp/libc_nano.a(lib_a-fflush.o)
 .debug_abbrev  0x00000000000086b1      0x3cb /usr/lib/gcc/arm-none-eabi/9.2.1/../../../arm-none-eabi/lib/thumb/v6-m/nofp/libc_nano.a(lib_a-findfp.o)
 .debug_abbrev  0x0000000000008a7c      0x210 /usr/lib/gcc/arm-none-eabi/9.2.1/../../../arm-none-eabi/lib/thumb/v6-m/nofp/libc_nano.a(lib_a-fwalk.o)
 .debug_abbrev  0x0000000000008c8c      0x2fa /usr/lib/gcc/arm-none-eabi/9.2.1/../../../arm-none-eabi/lib/thumb/v6-m/nofp/libc_nano.a(lib_a-makebuf.o)
 .debug_abbrev  0x0000000000008f86      0x1c5 /usr/lib/gcc/arm-none-eabi/9.2.1/../../../arm-none-eabi/lib/thumb/v6-m/nofp/libc_nano.a(lib_a-mlock.o)
 .debug_abbrev  0x000000000000914b      0x227 /usr/lib/gcc/arm-none-eabi/9.2.1/../../../arm-none-eabi/lib/thumb/v6-m/nofp/libc_nano.a(lib_a-nano-reallocr.o)
 .debug_abbrev  0x0000000000009372      0x31b /usr/lib/gcc/arm-none-eabi/9.2.1/../../../arm-none-eabi/lib/thumb/v6-m/nofp/libc_nano.a(lib_a-nano-vfprintf.o)
 .debug_abbrev  0x000000000000968d      0x30b /usr/lib/gcc/arm-none-eabi/9.2.1/../../../arm-none-eabi/lib/thumb/v6-m/nofp/libc_nano.a(lib_a-nano-vfprintf_i.o)
 .debug_abbrev  0x0000000000009998      0x24f /usr/lib/gcc/arm-none-eabi/9.2.1/../../../arm-none-eabi/lib/thumb/v6-m/nofp/libc_nano.a(lib_a-stdio.o)
 .debug_abbrev  0x0000000000009be7      0x27b /usr/lib/gcc/arm-none-eabi/9.2.1/../../../arm-none-eabi/lib/thumb/v6-m/nofp/libc_nano.a(lib_a-fvwrite.o)
 .debug_abbrev  0x0000000000009e62      0x1d7 /usr/lib/gcc/arm-none-eabi/9.2.1/../../../arm-none-eabi/lib/thumb/v6-m/nofp/libc_nano.a(lib_a-memchr-stub.o)
 .debug_abbrev  0x000000000000a039      0x1de /usr/lib/gcc/arm-none-eabi/9.2.1/../../../arm-none-eabi/lib/thumb/v6-m/nofp/libc_nano.a(lib_a-memmove.o)
 .debug_abbrev  0x000000000000a217      0x1e5 /usr/lib/gcc/arm-none-eabi/9.2.1/../../../arm-none-eabi/lib/thumb/v6-m/nofp/libc_nano.a(lib_a-nano-msizer.o)

.debug_loc      0x0000000000000000     0xb19d
 .debug_loc     0x0000000000000000      0x1c4 /home/student/riot-lab/lab/threading_irq/part_4/bin/b-l072z-lrwan1/application_lab/main.o
 .debug_loc     0x00000000000001c4       0x2a /home/student/riot-lab/lab/threading_irq/part_4/bin/b-l072z-lrwan1/board/board.o
 .debug_loc     0x00000000000001ee      0x149 /home/student/riot-lab/lab/threading_irq/part_4/bin/b-l072z-lrwan1/core/bitarithm.o
 .debug_loc     0x0000000000000337       0x4f /home/student/riot-lab/lab/threading_irq/part_4/bin/b-l072z-lrwan1/core/init.o
 .debug_loc     0x0000000000000386     0x1710 /home/student/riot-lab/lab/threading_irq/part_4/bin/b-l072z-lrwan1/core/msg.o
 .debug_loc     0x0000000000001a96      0x837 /home/student/riot-lab/lab/threading_irq/part_4/bin/b-l072z-lrwan1/core/mutex.o
 .debug_loc     0x00000000000022cd       0x86 /home/student/riot-lab/lab/threading_irq/part_4/bin/b-l072z-lrwan1/core/panic.o
 .debug_loc     0x0000000000002353      0x280 /home/student/riot-lab/lab/threading_irq/part_4/bin/b-l072z-lrwan1/core/sched.o
 .debug_loc     0x00000000000025d3      0x9e9 /home/student/riot-lab/lab/threading_irq/part_4/bin/b-l072z-lrwan1/core/thread.o
 .debug_loc     0x0000000000002fbc      0x184 /home/student/riot-lab/lab/threading_irq/part_4/bin/b-l072z-lrwan1/cortexm_common/cortexm_init.o
 .debug_loc     0x0000000000003140       0x63 /home/student/riot-lab/lab/threading_irq/part_4/bin/b-l072z-lrwan1/cortexm_common/panic.o
 .debug_loc     0x00000000000031a3      0x3cf /home/student/riot-lab/lab/threading_irq/part_4/bin/b-l072z-lrwan1/cortexm_common/thread_arch.o
 .debug_loc     0x0000000000003572      0x400 /home/student/riot-lab/lab/threading_irq/part_4/bin/b-l072z-lrwan1/cortexm_common/vectors_cortexm.o
 .debug_loc     0x0000000000003972      0x125 /home/student/riot-lab/lab/threading_irq/part_4/bin/b-l072z-lrwan1/cpu/cpu_common.o
 .debug_loc     0x0000000000003a97       0x2a /home/student/riot-lab/lab/threading_irq/part_4/bin/b-l072z-lrwan1/cpu/cpu_init.o
 .debug_loc     0x0000000000003ac1      0x703 /home/student/riot-lab/lab/threading_irq/part_4/bin/b-l072z-lrwan1/newlib_syscalls_default/syscalls.o
 .debug_loc     0x00000000000041c4       0x2a /home/student/riot-lab/lab/threading_irq/part_4/bin/b-l072z-lrwan1/periph_common/init.o
 .debug_loc     0x00000000000041ee      0x7dc /home/student/riot-lab/lab/threading_irq/part_4/bin/b-l072z-lrwan1/periph/gpio_all.o
 .debug_loc     0x00000000000049ca      0x156 /home/student/riot-lab/lab/threading_irq/part_4/bin/b-l072z-lrwan1/periph/pm.o
 .debug_loc     0x0000000000004b20      0x3ef /home/student/riot-lab/lab/threading_irq/part_4/bin/b-l072z-lrwan1/periph/timer.o
 .debug_loc     0x0000000000004f0f      0x57a /home/student/riot-lab/lab/threading_irq/part_4/bin/b-l072z-lrwan1/periph/uart.o
 .debug_loc     0x0000000000005489      0x24f /home/student/riot-lab/lab/threading_irq/part_4/bin/b-l072z-lrwan1/pm_layered/pm.o
 .debug_loc     0x00000000000056d8       0xbd /home/student/riot-lab/lab/threading_irq/part_4/bin/b-l072z-lrwan1/stdio_uart/stdio_uart.o
 .debug_loc     0x0000000000005795       0x2a /home/student/riot-lab/lab/threading_irq/part_4/bin/b-l072z-lrwan1/stm32_clk/stmclk_common.o
 .debug_loc     0x00000000000057bf       0x93 /home/student/riot-lab/lab/threading_irq/part_4/bin/b-l072z-lrwan1/stm32_clk/stmclk_l0l1.o
 .debug_loc     0x0000000000005852      0x7b9 /home/student/riot-lab/lab/threading_irq/part_4/bin/b-l072z-lrwan1/xtimer/xtimer_core.o
 .debug_loc     0x000000000000600b     0x1026 /home/student/riot-lab/lab/threading_irq/part_4/bin/b-l072z-lrwan1/xtimer/xtimer.o
 .debug_loc     0x0000000000007031       0x98 /usr/lib/gcc/arm-none-eabi/9.2.1/../../../arm-none-eabi/lib/thumb/v6-m/nofp/libc_nano.a(lib_a-init.o)
 .debug_loc     0x00000000000070c9      0x481 /usr/lib/gcc/arm-none-eabi/9.2.1/../../../arm-none-eabi/lib/thumb/v6-m/nofp/libc_nano.a(lib_a-memcpy-stub.o)
 .debug_loc     0x000000000000754a      0x2df /usr/lib/gcc/arm-none-eabi/9.2.1/../../../arm-none-eabi/lib/thumb/v6-m/nofp/libc_nano.a(lib_a-memset.o)
 .debug_loc     0x0000000000007829      0x1ca /usr/lib/gcc/arm-none-eabi/9.2.1/../../../arm-none-eabi/lib/thumb/v6-m/nofp/libc_nano.a(lib_a-nano-freer.o)
 .debug_loc     0x00000000000079f3      0x2cc /usr/lib/gcc/arm-none-eabi/9.2.1/../../../arm-none-eabi/lib/thumb/v6-m/nofp/libc_nano.a(lib_a-nano-mallocr.o)
 .debug_loc     0x0000000000007cbf       0x98 /usr/lib/gcc/arm-none-eabi/9.2.1/../../../arm-none-eabi/lib/thumb/v6-m/nofp/libc_nano.a(lib_a-printf.o)
 .debug_loc     0x0000000000007d57      0x2ad /usr/lib/gcc/arm-none-eabi/9.2.1/../../../arm-none-eabi/lib/thumb/v6-m/nofp/libc_nano.a(lib_a-puts.o)
 .debug_loc     0x0000000000008004      0x1a3 /usr/lib/gcc/arm-none-eabi/9.2.1/../../../arm-none-eabi/lib/thumb/v6-m/nofp/libc_nano.a(lib_a-wbuf.o)
 .debug_loc     0x00000000000081a7       0xaa /usr/lib/gcc/arm-none-eabi/9.2.1/../../../arm-none-eabi/lib/thumb/v6-m/nofp/libc_nano.a(lib_a-wsetup.o)
 .debug_loc     0x0000000000008251      0x36e /usr/lib/gcc/arm-none-eabi/9.2.1/../../../arm-none-eabi/lib/thumb/v6-m/nofp/libc_nano.a(lib_a-fflush.o)
 .debug_loc     0x00000000000085bf      0x373 /usr/lib/gcc/arm-none-eabi/9.2.1/../../../arm-none-eabi/lib/thumb/v6-m/nofp/libc_nano.a(lib_a-findfp.o)
 .debug_loc     0x0000000000008932      0x1f2 /usr/lib/gcc/arm-none-eabi/9.2.1/../../../arm-none-eabi/lib/thumb/v6-m/nofp/libc_nano.a(lib_a-fwalk.o)
 .debug_loc     0x0000000000008b24      0x223 /usr/lib/gcc/arm-none-eabi/9.2.1/../../../arm-none-eabi/lib/thumb/v6-m/nofp/libc_nano.a(lib_a-makebuf.o)
 .debug_loc     0x0000000000008d47      0x17b /usr/lib/gcc/arm-none-eabi/9.2.1/../../../arm-none-eabi/lib/thumb/v6-m/nofp/libc_nano.a(lib_a-nano-reallocr.o)
 .debug_loc     0x0000000000008ec2      0x852 /usr/lib/gcc/arm-none-eabi/9.2.1/../../../arm-none-eabi/lib/thumb/v6-m/nofp/libc_nano.a(lib_a-nano-vfprintf.o)
 .debug_loc     0x0000000000009714      0x849 /usr/lib/gcc/arm-none-eabi/9.2.1/../../../arm-none-eabi/lib/thumb/v6-m/nofp/libc_nano.a(lib_a-nano-vfprintf_i.o)
 .debug_loc     0x0000000000009f5d      0x3f5 /usr/lib/gcc/arm-none-eabi/9.2.1/../../../arm-none-eabi/lib/thumb/v6-m/nofp/libc_nano.a(lib_a-stdio.o)
 .debug_loc     0x000000000000a352      0x6c4 /usr/lib/gcc/arm-none-eabi/9.2.1/../../../arm-none-eabi/lib/thumb/v6-m/nofp/libc_nano.a(lib_a-fvwrite.o)
 .debug_loc     0x000000000000aa16      0x1b3 /usr/lib/gcc/arm-none-eabi/9.2.1/../../../arm-none-eabi/lib/thumb/v6-m/nofp/libc_nano.a(lib_a-memchr-stub.o)
 .debug_loc     0x000000000000abc9      0x508 /usr/lib/gcc/arm-none-eabi/9.2.1/../../../arm-none-eabi/lib/thumb/v6-m/nofp/libc_nano.a(lib_a-memmove.o)
 .debug_loc     0x000000000000b0d1       0xcc /usr/lib/gcc/arm-none-eabi/9.2.1/../../../arm-none-eabi/lib/thumb/v6-m/nofp/libc_nano.a(lib_a-nano-msizer.o)

.debug_aranges  0x0000000000000000      0xc18
 .debug_aranges
                0x0000000000000000       0x40 /home/student/riot-lab/lab/threading_irq/part_4/bin/b-l072z-lrwan1/application_lab/main.o
 .debug_aranges
                0x0000000000000040       0x20 /home/student/riot-lab/lab/threading_irq/part_4/bin/b-l072z-lrwan1/auto_init/auto_init.o
 .debug_aranges
                0x0000000000000060       0x28 /home/student/riot-lab/lab/threading_irq/part_4/bin/b-l072z-lrwan1/board/board.o
 .debug_aranges
                0x0000000000000088       0x28 /home/student/riot-lab/lab/threading_irq/part_4/bin/b-l072z-lrwan1/core/bitarithm.o
 .debug_aranges
                0x00000000000000b0       0x30 /home/student/riot-lab/lab/threading_irq/part_4/bin/b-l072z-lrwan1/core/init.o
 .debug_aranges
                0x00000000000000e0       0xa8 /home/student/riot-lab/lab/threading_irq/part_4/bin/b-l072z-lrwan1/core/msg.o
 .debug_aranges
                0x0000000000000188       0x50 /home/student/riot-lab/lab/threading_irq/part_4/bin/b-l072z-lrwan1/core/mutex.o
 .debug_aranges
                0x00000000000001d8       0x38 /home/student/riot-lab/lab/threading_irq/part_4/bin/b-l072z-lrwan1/core/panic.o
 .debug_aranges
                0x0000000000000210       0x40 /home/student/riot-lab/lab/threading_irq/part_4/bin/b-l072z-lrwan1/core/sched.o
 .debug_aranges
                0x0000000000000250       0x78 /home/student/riot-lab/lab/threading_irq/part_4/bin/b-l072z-lrwan1/core/thread.o
 .debug_aranges
                0x00000000000002c8       0x30 /home/student/riot-lab/lab/threading_irq/part_4/bin/b-l072z-lrwan1/cortexm_common/cortexm_init.o
 .debug_aranges
                0x00000000000002f8       0x28 /home/student/riot-lab/lab/threading_irq/part_4/bin/b-l072z-lrwan1/cortexm_common/panic.o
 .debug_aranges
                0x0000000000000320       0x68 /home/student/riot-lab/lab/threading_irq/part_4/bin/b-l072z-lrwan1/cortexm_common/thread_arch.o
 .debug_aranges
                0x0000000000000388       0x50 /home/student/riot-lab/lab/threading_irq/part_4/bin/b-l072z-lrwan1/cortexm_common/vectors_cortexm.o
 .debug_aranges
                0x00000000000003d8       0x40 /home/student/riot-lab/lab/threading_irq/part_4/bin/b-l072z-lrwan1/cpu/cpu_common.o
 .debug_aranges
                0x0000000000000418       0x30 /home/student/riot-lab/lab/threading_irq/part_4/bin/b-l072z-lrwan1/cpu/cpu_init.o
 .debug_aranges
                0x0000000000000448       0xc8 /home/student/riot-lab/lab/threading_irq/part_4/bin/b-l072z-lrwan1/newlib_syscalls_default/syscalls.o
 .debug_aranges
                0x0000000000000510       0x28 /home/student/riot-lab/lab/threading_irq/part_4/bin/b-l072z-lrwan1/periph_common/init.o
 .debug_aranges
                0x0000000000000538       0x80 /home/student/riot-lab/lab/threading_irq/part_4/bin/b-l072z-lrwan1/periph/gpio_all.o
 .debug_aranges
                0x00000000000005b8       0x28 /home/student/riot-lab/lab/threading_irq/part_4/bin/b-l072z-lrwan1/periph/pm.o
 .debug_aranges
                0x00000000000005e0       0x58 /home/student/riot-lab/lab/threading_irq/part_4/bin/b-l072z-lrwan1/periph/timer.o
 .debug_aranges
                0x0000000000000638       0x60 /home/student/riot-lab/lab/threading_irq/part_4/bin/b-l072z-lrwan1/periph/uart.o
 .debug_aranges
                0x0000000000000698       0x48 /home/student/riot-lab/lab/threading_irq/part_4/bin/b-l072z-lrwan1/pm_layered/pm.o
 .debug_aranges
                0x00000000000006e0       0x38 /home/student/riot-lab/lab/threading_irq/part_4/bin/b-l072z-lrwan1/stdio_uart/stdio_uart.o
 .debug_aranges
                0x0000000000000718       0x50 /home/student/riot-lab/lab/threading_irq/part_4/bin/b-l072z-lrwan1/stm32_clk/stmclk_common.o
 .debug_aranges
                0x0000000000000768       0x28 /home/student/riot-lab/lab/threading_irq/part_4/bin/b-l072z-lrwan1/stm32_clk/stmclk_l0l1.o
 .debug_aranges
                0x0000000000000790       0x20 /home/student/riot-lab/lab/threading_irq/part_4/bin/b-l072z-lrwan1/stm32_vectors/STM32L072xx.o
 .debug_aranges
                0x00000000000007b0       0x68 /home/student/riot-lab/lab/threading_irq/part_4/bin/b-l072z-lrwan1/xtimer/xtimer_core.o
 .debug_aranges
                0x0000000000000818       0xa8 /home/student/riot-lab/lab/threading_irq/part_4/bin/b-l072z-lrwan1/xtimer/xtimer.o
 .debug_aranges
                0x00000000000008c0       0x20 /usr/lib/gcc/arm-none-eabi/9.2.1/thumb/v6-m/nofp/libgcc.a(_thumb1_case_uqi.o)
 .debug_aranges
                0x00000000000008e0       0x20 /usr/lib/gcc/arm-none-eabi/9.2.1/thumb/v6-m/nofp/libgcc.a(_udivsi3.o)
 .debug_aranges
                0x0000000000000900       0x20 /usr/lib/gcc/arm-none-eabi/9.2.1/thumb/v6-m/nofp/libgcc.a(_divsi3.o)
 .debug_aranges
                0x0000000000000920       0x20 /usr/lib/gcc/arm-none-eabi/9.2.1/thumb/v6-m/nofp/libgcc.a(_dvmd_tls.o)
 .debug_aranges
                0x0000000000000940       0x18 /usr/lib/gcc/arm-none-eabi/9.2.1/../../../arm-none-eabi/lib/thumb/v6-m/nofp/libc_nano.a(lib_a-impure.o)
 .debug_aranges
                0x0000000000000958       0x20 /usr/lib/gcc/arm-none-eabi/9.2.1/../../../arm-none-eabi/lib/thumb/v6-m/nofp/libc_nano.a(lib_a-init.o)
 .debug_aranges
                0x0000000000000978       0x20 /usr/lib/gcc/arm-none-eabi/9.2.1/../../../arm-none-eabi/lib/thumb/v6-m/nofp/libc_nano.a(lib_a-memcpy-stub.o)
 .debug_aranges
                0x0000000000000998       0x20 /usr/lib/gcc/arm-none-eabi/9.2.1/../../../arm-none-eabi/lib/thumb/v6-m/nofp/libc_nano.a(lib_a-memset.o)
 .debug_aranges
                0x00000000000009b8       0x20 /usr/lib/gcc/arm-none-eabi/9.2.1/../../../arm-none-eabi/lib/thumb/v6-m/nofp/libc_nano.a(lib_a-nano-freer.o)
 .debug_aranges
                0x00000000000009d8       0x20 /usr/lib/gcc/arm-none-eabi/9.2.1/../../../arm-none-eabi/lib/thumb/v6-m/nofp/libc_nano.a(lib_a-nano-mallocr.o)
 .debug_aranges
                0x00000000000009f8       0x20 /usr/lib/gcc/arm-none-eabi/9.2.1/../../../arm-none-eabi/lib/thumb/v6-m/nofp/libc_nano.a(lib_a-printf.o)
 .debug_aranges
                0x0000000000000a18       0x20 /usr/lib/gcc/arm-none-eabi/9.2.1/../../../arm-none-eabi/lib/thumb/v6-m/nofp/libc_nano.a(lib_a-puts.o)
 .debug_aranges
                0x0000000000000a38       0x20 /usr/lib/gcc/arm-none-eabi/9.2.1/../../../arm-none-eabi/lib/thumb/v6-m/nofp/libc_nano.a(lib_a-wbuf.o)
 .debug_aranges
                0x0000000000000a58       0x20 /usr/lib/gcc/arm-none-eabi/9.2.1/../../../arm-none-eabi/lib/thumb/v6-m/nofp/libc_nano.a(lib_a-wsetup.o)
 .debug_aranges
                0x0000000000000a78       0x20 /usr/lib/gcc/arm-none-eabi/9.2.1/../../../arm-none-eabi/lib/thumb/v6-m/nofp/libc_nano.a(lib_a-fflush.o)
 .debug_aranges
                0x0000000000000a98       0x20 /usr/lib/gcc/arm-none-eabi/9.2.1/../../../arm-none-eabi/lib/thumb/v6-m/nofp/libc_nano.a(lib_a-findfp.o)
 .debug_aranges
                0x0000000000000ab8       0x20 /usr/lib/gcc/arm-none-eabi/9.2.1/../../../arm-none-eabi/lib/thumb/v6-m/nofp/libc_nano.a(lib_a-fwalk.o)
 .debug_aranges
                0x0000000000000ad8       0x20 /usr/lib/gcc/arm-none-eabi/9.2.1/../../../arm-none-eabi/lib/thumb/v6-m/nofp/libc_nano.a(lib_a-makebuf.o)
 .debug_aranges
                0x0000000000000af8       0x20 /usr/lib/gcc/arm-none-eabi/9.2.1/../../../arm-none-eabi/lib/thumb/v6-m/nofp/libc_nano.a(lib_a-mlock.o)
 .debug_aranges
                0x0000000000000b18       0x20 /usr/lib/gcc/arm-none-eabi/9.2.1/../../../arm-none-eabi/lib/thumb/v6-m/nofp/libc_nano.a(lib_a-nano-reallocr.o)
 .debug_aranges
                0x0000000000000b38       0x20 /usr/lib/gcc/arm-none-eabi/9.2.1/../../../arm-none-eabi/lib/thumb/v6-m/nofp/libc_nano.a(lib_a-nano-vfprintf.o)
 .debug_aranges
                0x0000000000000b58       0x20 /usr/lib/gcc/arm-none-eabi/9.2.1/../../../arm-none-eabi/lib/thumb/v6-m/nofp/libc_nano.a(lib_a-nano-vfprintf_i.o)
 .debug_aranges
                0x0000000000000b78       0x20 /usr/lib/gcc/arm-none-eabi/9.2.1/../../../arm-none-eabi/lib/thumb/v6-m/nofp/libc_nano.a(lib_a-stdio.o)
 .debug_aranges
                0x0000000000000b98       0x20 /usr/lib/gcc/arm-none-eabi/9.2.1/../../../arm-none-eabi/lib/thumb/v6-m/nofp/libc_nano.a(lib_a-fvwrite.o)
 .debug_aranges
                0x0000000000000bb8       0x20 /usr/lib/gcc/arm-none-eabi/9.2.1/../../../arm-none-eabi/lib/thumb/v6-m/nofp/libc_nano.a(lib_a-memchr-stub.o)
 .debug_aranges
                0x0000000000000bd8       0x20 /usr/lib/gcc/arm-none-eabi/9.2.1/../../../arm-none-eabi/lib/thumb/v6-m/nofp/libc_nano.a(lib_a-memmove.o)
 .debug_aranges
                0x0000000000000bf8       0x20 /usr/lib/gcc/arm-none-eabi/9.2.1/../../../arm-none-eabi/lib/thumb/v6-m/nofp/libc_nano.a(lib_a-nano-msizer.o)

.debug_ranges   0x0000000000000000     0x2358
 .debug_ranges  0x0000000000000000       0x80 /home/student/riot-lab/lab/threading_irq/part_4/bin/b-l072z-lrwan1/application_lab/main.o
 .debug_ranges  0x0000000000000080       0x28 /home/student/riot-lab/lab/threading_irq/part_4/bin/b-l072z-lrwan1/auto_init/auto_init.o
 .debug_ranges  0x00000000000000a8       0x18 /home/student/riot-lab/lab/threading_irq/part_4/bin/b-l072z-lrwan1/board/board.o
 .debug_ranges  0x00000000000000c0       0x18 /home/student/riot-lab/lab/threading_irq/part_4/bin/b-l072z-lrwan1/core/bitarithm.o
 .debug_ranges  0x00000000000000d8       0x50 /home/student/riot-lab/lab/threading_irq/part_4/bin/b-l072z-lrwan1/core/init.o
 .debug_ranges  0x0000000000000128      0x5e8 /home/student/riot-lab/lab/threading_irq/part_4/bin/b-l072z-lrwan1/core/msg.o
 .debug_ranges  0x0000000000000710      0x2a8 /home/student/riot-lab/lab/threading_irq/part_4/bin/b-l072z-lrwan1/core/mutex.o
 .debug_ranges  0x00000000000009b8       0x28 /home/student/riot-lab/lab/threading_irq/part_4/bin/b-l072z-lrwan1/core/panic.o
 .debug_ranges  0x00000000000009e0      0x160 /home/student/riot-lab/lab/threading_irq/part_4/bin/b-l072z-lrwan1/core/sched.o
 .debug_ranges  0x0000000000000b40      0x2b0 /home/student/riot-lab/lab/threading_irq/part_4/bin/b-l072z-lrwan1/core/thread.o
 .debug_ranges  0x0000000000000df0      0x110 /home/student/riot-lab/lab/threading_irq/part_4/bin/b-l072z-lrwan1/cortexm_common/cortexm_init.o
 .debug_ranges  0x0000000000000f00       0x48 /home/student/riot-lab/lab/threading_irq/part_4/bin/b-l072z-lrwan1/cortexm_common/panic.o
 .debug_ranges  0x0000000000000f48       0x88 /home/student/riot-lab/lab/threading_irq/part_4/bin/b-l072z-lrwan1/cortexm_common/thread_arch.o
 .debug_ranges  0x0000000000000fd0       0x58 /home/student/riot-lab/lab/threading_irq/part_4/bin/b-l072z-lrwan1/cortexm_common/vectors_cortexm.o
 .debug_ranges  0x0000000000001028       0x30 /home/student/riot-lab/lab/threading_irq/part_4/bin/b-l072z-lrwan1/cpu/cpu_common.o
 .debug_ranges  0x0000000000001058       0x20 /home/student/riot-lab/lab/threading_irq/part_4/bin/b-l072z-lrwan1/cpu/cpu_init.o
 .debug_ranges  0x0000000000001078      0x218 /home/student/riot-lab/lab/threading_irq/part_4/bin/b-l072z-lrwan1/newlib_syscalls_default/syscalls.o
 .debug_ranges  0x0000000000001290       0x18 /home/student/riot-lab/lab/threading_irq/part_4/bin/b-l072z-lrwan1/periph_common/init.o
 .debug_ranges  0x00000000000012a8      0x308 /home/student/riot-lab/lab/threading_irq/part_4/bin/b-l072z-lrwan1/periph/gpio_all.o
 .debug_ranges  0x00000000000015b0       0x60 /home/student/riot-lab/lab/threading_irq/part_4/bin/b-l072z-lrwan1/periph/pm.o
 .debug_ranges  0x0000000000001610      0x150 /home/student/riot-lab/lab/threading_irq/part_4/bin/b-l072z-lrwan1/periph/timer.o
 .debug_ranges  0x0000000000001760      0x160 /home/student/riot-lab/lab/threading_irq/part_4/bin/b-l072z-lrwan1/periph/uart.o
 .debug_ranges  0x00000000000018c0       0xe8 /home/student/riot-lab/lab/threading_irq/part_4/bin/b-l072z-lrwan1/pm_layered/pm.o
 .debug_ranges  0x00000000000019a8       0x28 /home/student/riot-lab/lab/threading_irq/part_4/bin/b-l072z-lrwan1/stdio_uart/stdio_uart.o
 .debug_ranges  0x00000000000019d0       0x40 /home/student/riot-lab/lab/threading_irq/part_4/bin/b-l072z-lrwan1/stm32_clk/stmclk_common.o
 .debug_ranges  0x0000000000001a10       0x60 /home/student/riot-lab/lab/threading_irq/part_4/bin/b-l072z-lrwan1/stm32_clk/stmclk_l0l1.o
 .debug_ranges  0x0000000000001a70       0x10 /home/student/riot-lab/lab/threading_irq/part_4/bin/b-l072z-lrwan1/stm32_vectors/STM32L072xx.o
 .debug_ranges  0x0000000000001a80      0x1e0 /home/student/riot-lab/lab/threading_irq/part_4/bin/b-l072z-lrwan1/xtimer/xtimer_core.o
 .debug_ranges  0x0000000000001c60      0x3d0 /home/student/riot-lab/lab/threading_irq/part_4/bin/b-l072z-lrwan1/xtimer/xtimer.o
 .debug_ranges  0x0000000000002030       0x18 /usr/lib/gcc/arm-none-eabi/9.2.1/../../../arm-none-eabi/lib/thumb/v6-m/nofp/libc_nano.a(lib_a-nano-freer.o)
 .debug_ranges  0x0000000000002048       0x38 /usr/lib/gcc/arm-none-eabi/9.2.1/../../../arm-none-eabi/lib/thumb/v6-m/nofp/libc_nano.a(lib_a-nano-mallocr.o)
 .debug_ranges  0x0000000000002080       0x60 /usr/lib/gcc/arm-none-eabi/9.2.1/../../../arm-none-eabi/lib/thumb/v6-m/nofp/libc_nano.a(lib_a-puts.o)
 .debug_ranges  0x00000000000020e0       0x30 /usr/lib/gcc/arm-none-eabi/9.2.1/../../../arm-none-eabi/lib/thumb/v6-m/nofp/libc_nano.a(lib_a-wbuf.o)
 .debug_ranges  0x0000000000002110       0x38 /usr/lib/gcc/arm-none-eabi/9.2.1/../../../arm-none-eabi/lib/thumb/v6-m/nofp/libc_nano.a(lib_a-wsetup.o)
 .debug_ranges  0x0000000000002148       0x48 /usr/lib/gcc/arm-none-eabi/9.2.1/../../../arm-none-eabi/lib/thumb/v6-m/nofp/libc_nano.a(lib_a-fflush.o)
 .debug_ranges  0x0000000000002190       0xb8 /usr/lib/gcc/arm-none-eabi/9.2.1/../../../arm-none-eabi/lib/thumb/v6-m/nofp/libc_nano.a(lib_a-findfp.o)
 .debug_ranges  0x0000000000002248       0x30 /usr/lib/gcc/arm-none-eabi/9.2.1/../../../arm-none-eabi/lib/thumb/v6-m/nofp/libc_nano.a(lib_a-nano-vfprintf.o)
 .debug_ranges  0x0000000000002278       0xc0 /usr/lib/gcc/arm-none-eabi/9.2.1/../../../arm-none-eabi/lib/thumb/v6-m/nofp/libc_nano.a(lib_a-nano-vfprintf_i.o)
 .debug_ranges  0x0000000000002338       0x20 /usr/lib/gcc/arm-none-eabi/9.2.1/../../../arm-none-eabi/lib/thumb/v6-m/nofp/libc_nano.a(lib_a-fvwrite.o)

.debug_macro    0x0000000000000000    0x27509
 .debug_macro   0x0000000000000000      0x432 /home/student/riot-lab/lab/threading_irq/part_4/bin/b-l072z-lrwan1/application_lab/main.o
 .debug_macro   0x0000000000000432      0xad8 /home/student/riot-lab/lab/threading_irq/part_4/bin/b-l072z-lrwan1/application_lab/main.o
 .debug_macro   0x0000000000000f0a      0x136 /home/student/riot-lab/lab/threading_irq/part_4/bin/b-l072z-lrwan1/application_lab/main.o
 .debug_macro   0x0000000000001040       0x22 /home/student/riot-lab/lab/threading_irq/part_4/bin/b-l072z-lrwan1/application_lab/main.o
 .debug_macro   0x0000000000001062       0x46 /home/student/riot-lab/lab/threading_irq/part_4/bin/b-l072z-lrwan1/application_lab/main.o
 .debug_macro   0x00000000000010a8       0x18 /home/student/riot-lab/lab/threading_irq/part_4/bin/b-l072z-lrwan1/application_lab/main.o
 .debug_macro   0x00000000000010c0       0x5c /home/student/riot-lab/lab/threading_irq/part_4/bin/b-l072z-lrwan1/application_lab/main.o
 .debug_macro   0x000000000000111c       0x3c /home/student/riot-lab/lab/threading_irq/part_4/bin/b-l072z-lrwan1/application_lab/main.o
 .debug_macro   0x0000000000001158       0x34 /home/student/riot-lab/lab/threading_irq/part_4/bin/b-l072z-lrwan1/application_lab/main.o
 .debug_macro   0x000000000000118c       0x16 /home/student/riot-lab/lab/threading_irq/part_4/bin/b-l072z-lrwan1/application_lab/main.o
 .debug_macro   0x00000000000011a2       0x57 /home/student/riot-lab/lab/threading_irq/part_4/bin/b-l072z-lrwan1/application_lab/main.o
 .debug_macro   0x00000000000011f9       0x97 /home/student/riot-lab/lab/threading_irq/part_4/bin/b-l072z-lrwan1/application_lab/main.o
 .debug_macro   0x0000000000001290      0x339 /home/student/riot-lab/lab/threading_irq/part_4/bin/b-l072z-lrwan1/application_lab/main.o
 .debug_macro   0x00000000000015c9       0xfd /home/student/riot-lab/lab/threading_irq/part_4/bin/b-l072z-lrwan1/application_lab/main.o
 .debug_macro   0x00000000000016c6       0x10 /home/student/riot-lab/lab/threading_irq/part_4/bin/b-l072z-lrwan1/application_lab/main.o
 .debug_macro   0x00000000000016d6       0x16 /home/student/riot-lab/lab/threading_irq/part_4/bin/b-l072z-lrwan1/application_lab/main.o
 .debug_macro   0x00000000000016ec       0x43 /home/student/riot-lab/lab/threading_irq/part_4/bin/b-l072z-lrwan1/application_lab/main.o
 .debug_macro   0x000000000000172f       0x34 /home/student/riot-lab/lab/threading_irq/part_4/bin/b-l072z-lrwan1/application_lab/main.o
 .debug_macro   0x0000000000001763       0x10 /home/student/riot-lab/lab/threading_irq/part_4/bin/b-l072z-lrwan1/application_lab/main.o
 .debug_macro   0x0000000000001773       0x52 /home/student/riot-lab/lab/threading_irq/part_4/bin/b-l072z-lrwan1/application_lab/main.o
 .debug_macro   0x00000000000017c5       0x71 /home/student/riot-lab/lab/threading_irq/part_4/bin/b-l072z-lrwan1/application_lab/main.o
 .debug_macro   0x0000000000001836      0x34e /home/student/riot-lab/lab/threading_irq/part_4/bin/b-l072z-lrwan1/application_lab/main.o
 .debug_macro   0x0000000000001b84       0x67 /home/student/riot-lab/lab/threading_irq/part_4/bin/b-l072z-lrwan1/application_lab/main.o
 .debug_macro   0x0000000000001beb       0x10 /home/student/riot-lab/lab/threading_irq/part_4/bin/b-l072z-lrwan1/application_lab/main.o
 .debug_macro   0x0000000000001bfb      0x12a /home/student/riot-lab/lab/threading_irq/part_4/bin/b-l072z-lrwan1/application_lab/main.o
 .debug_macro   0x0000000000001d25       0x10 /home/student/riot-lab/lab/threading_irq/part_4/bin/b-l072z-lrwan1/application_lab/main.o
 .debug_macro   0x0000000000001d35       0x6a /home/student/riot-lab/lab/threading_irq/part_4/bin/b-l072z-lrwan1/application_lab/main.o
 .debug_macro   0x0000000000001d9f       0xb2 /home/student/riot-lab/lab/threading_irq/part_4/bin/b-l072z-lrwan1/application_lab/main.o
 .debug_macro   0x0000000000001e51       0x16 /home/student/riot-lab/lab/threading_irq/part_4/bin/b-l072z-lrwan1/application_lab/main.o
 .debug_macro   0x0000000000001e67      0x114 /home/student/riot-lab/lab/threading_irq/part_4/bin/b-l072z-lrwan1/application_lab/main.o
 .debug_macro   0x0000000000001f7b       0x22 /home/student/riot-lab/lab/threading_irq/part_4/bin/b-l072z-lrwan1/application_lab/main.o
 .debug_macro   0x0000000000001f9d       0x43 /home/student/riot-lab/lab/threading_irq/part_4/bin/b-l072z-lrwan1/application_lab/main.o
 .debug_macro   0x0000000000001fe0       0x2e /home/student/riot-lab/lab/threading_irq/part_4/bin/b-l072z-lrwan1/application_lab/main.o
 .debug_macro   0x000000000000200e       0x28 /home/student/riot-lab/lab/threading_irq/part_4/bin/b-l072z-lrwan1/application_lab/main.o
 .debug_macro   0x0000000000002036       0x1c /home/student/riot-lab/lab/threading_irq/part_4/bin/b-l072z-lrwan1/application_lab/main.o
 .debug_macro   0x0000000000002052       0x22 /home/student/riot-lab/lab/threading_irq/part_4/bin/b-l072z-lrwan1/application_lab/main.o
 .debug_macro   0x0000000000002074       0xaf /home/student/riot-lab/lab/threading_irq/part_4/bin/b-l072z-lrwan1/application_lab/main.o
 .debug_macro   0x0000000000002123      0x4da /home/student/riot-lab/lab/threading_irq/part_4/bin/b-l072z-lrwan1/application_lab/main.o
 .debug_macro   0x00000000000025fd      0x11f /home/student/riot-lab/lab/threading_irq/part_4/bin/b-l072z-lrwan1/application_lab/main.o
 .debug_macro   0x000000000000271c     0xa0f6 /home/student/riot-lab/lab/threading_irq/part_4/bin/b-l072z-lrwan1/application_lab/main.o
 .debug_macro   0x000000000000c812       0x3c /home/student/riot-lab/lab/threading_irq/part_4/bin/b-l072z-lrwan1/application_lab/main.o
 .debug_macro   0x000000000000c84e       0x10 /home/student/riot-lab/lab/threading_irq/part_4/bin/b-l072z-lrwan1/application_lab/main.o
 .debug_macro   0x000000000000c85e       0x30 /home/student/riot-lab/lab/threading_irq/part_4/bin/b-l072z-lrwan1/application_lab/main.o
 .debug_macro   0x000000000000c88e      0x103 /home/student/riot-lab/lab/threading_irq/part_4/bin/b-l072z-lrwan1/application_lab/main.o
 .debug_macro   0x000000000000c991       0x35 /home/student/riot-lab/lab/threading_irq/part_4/bin/b-l072z-lrwan1/application_lab/main.o
 .debug_macro   0x000000000000c9c6      0x3c6 /home/student/riot-lab/lab/threading_irq/part_4/bin/b-l072z-lrwan1/application_lab/main.o
 .debug_macro   0x000000000000cd8c       0x37 /home/student/riot-lab/lab/threading_irq/part_4/bin/b-l072z-lrwan1/application_lab/main.o
 .debug_macro   0x000000000000cdc3       0x42 /home/student/riot-lab/lab/threading_irq/part_4/bin/b-l072z-lrwan1/application_lab/main.o
 .debug_macro   0x000000000000ce05       0x10 /home/student/riot-lab/lab/threading_irq/part_4/bin/b-l072z-lrwan1/application_lab/main.o
 .debug_macro   0x000000000000ce15       0x2e /home/student/riot-lab/lab/threading_irq/part_4/bin/b-l072z-lrwan1/application_lab/main.o